###############################################################################
#
# IAR ELF Linker V9.20.4.327/W64 for ARM                  08/Apr/2025  15:49:25
# Copyright 2007-2022 IAR Systems AB.
#
#    Output file  =
#        C:\Users\lorrn\Desktop\Tirocinio\STM32H743\RXModeLed\EWARM\LED_V1\Exe\LED_V1.out
#    Map file     =
#        C:\Users\lorrn\Desktop\Tirocinio\STM32H743\RXModeLed\EWARM\LED_V1\List\LED_V1.map
#    Command line =
#        -f
#        C:\Users\lorrn\Desktop\Tirocinio\STM32H743\RXModeLed\EWARM\LED_V1\Exe\LED_V1.out.rsp
#        (C:\Users\lorrn\Desktop\Tirocinio\STM32H743\RXModeLed\EWARM\LED_V1\Obj\Application\User\Core\main.o
#        C:\Users\lorrn\Desktop\Tirocinio\STM32H743\RXModeLed\EWARM\LED_V1\Obj\Application\EWARM\startup_stm32h743xx.o
#        C:\Users\lorrn\Desktop\Tirocinio\STM32H743\RXModeLed\EWARM\LED_V1\Obj\Drivers\STM32H7xx_HAL_Driver\stm32h7xx_hal.o
#        C:\Users\lorrn\Desktop\Tirocinio\STM32H743\RXModeLed\EWARM\LED_V1\Obj\Drivers\STM32H7xx_HAL_Driver\stm32h7xx_hal_cortex.o
#        C:\Users\lorrn\Desktop\Tirocinio\STM32H743\RXModeLed\EWARM\LED_V1\Obj\Drivers\STM32H7xx_HAL_Driver\stm32h7xx_hal_dma.o
#        C:\Users\lorrn\Desktop\Tirocinio\STM32H743\RXModeLed\EWARM\LED_V1\Obj\Drivers\STM32H7xx_HAL_Driver\stm32h7xx_hal_dma_ex.o
#        C:\Users\lorrn\Desktop\Tirocinio\STM32H743\RXModeLed\EWARM\LED_V1\Obj\Drivers\STM32H7xx_HAL_Driver\stm32h7xx_hal_exti.o
#        C:\Users\lorrn\Desktop\Tirocinio\STM32H743\RXModeLed\EWARM\LED_V1\Obj\Drivers\STM32H7xx_HAL_Driver\stm32h7xx_hal_flash.o
#        C:\Users\lorrn\Desktop\Tirocinio\STM32H743\RXModeLed\EWARM\LED_V1\Obj\Drivers\STM32H7xx_HAL_Driver\stm32h7xx_hal_flash_ex.o
#        C:\Users\lorrn\Desktop\Tirocinio\STM32H743\RXModeLed\EWARM\LED_V1\Obj\Drivers\STM32H7xx_HAL_Driver\stm32h7xx_hal_gpio.o
#        C:\Users\lorrn\Desktop\Tirocinio\STM32H743\RXModeLed\EWARM\LED_V1\Obj\Drivers\STM32H7xx_HAL_Driver\stm32h7xx_hal_hsem.o
#        C:\Users\lorrn\Desktop\Tirocinio\STM32H743\RXModeLed\EWARM\LED_V1\Obj\Drivers\STM32H7xx_HAL_Driver\stm32h7xx_hal_i2c.o
#        C:\Users\lorrn\Desktop\Tirocinio\STM32H743\RXModeLed\EWARM\LED_V1\Obj\Drivers\STM32H7xx_HAL_Driver\stm32h7xx_hal_i2c_ex.o
#        C:\Users\lorrn\Desktop\Tirocinio\STM32H743\RXModeLed\EWARM\LED_V1\Obj\Drivers\STM32H7xx_HAL_Driver\stm32h7xx_hal_mdma.o
#        C:\Users\lorrn\Desktop\Tirocinio\STM32H743\RXModeLed\EWARM\LED_V1\Obj\Application\User\Core\stm32h7xx_hal_msp.o
#        C:\Users\lorrn\Desktop\Tirocinio\STM32H743\RXModeLed\EWARM\LED_V1\Obj\Drivers\STM32H7xx_HAL_Driver\stm32h7xx_hal_pwr.o
#        C:\Users\lorrn\Desktop\Tirocinio\STM32H743\RXModeLed\EWARM\LED_V1\Obj\Drivers\STM32H7xx_HAL_Driver\stm32h7xx_hal_pwr_ex.o
#        C:\Users\lorrn\Desktop\Tirocinio\STM32H743\RXModeLed\EWARM\LED_V1\Obj\Drivers\STM32H7xx_HAL_Driver\stm32h7xx_hal_rcc.o
#        C:\Users\lorrn\Desktop\Tirocinio\STM32H743\RXModeLed\EWARM\LED_V1\Obj\Drivers\STM32H7xx_HAL_Driver\stm32h7xx_hal_rcc_ex.o
#        C:\Users\lorrn\Desktop\Tirocinio\STM32H743\RXModeLed\EWARM\LED_V1\Obj\Drivers\STM32H7xx_HAL_Driver\stm32h7xx_hal_tim.o
#        C:\Users\lorrn\Desktop\Tirocinio\STM32H743\RXModeLed\EWARM\LED_V1\Obj\Drivers\STM32H7xx_HAL_Driver\stm32h7xx_hal_tim_ex.o
#        C:\Users\lorrn\Desktop\Tirocinio\STM32H743\RXModeLed\EWARM\LED_V1\Obj\Drivers\STM32H7xx_HAL_Driver\stm32h7xx_hal_uart.o
#        C:\Users\lorrn\Desktop\Tirocinio\STM32H743\RXModeLed\EWARM\LED_V1\Obj\Drivers\STM32H7xx_HAL_Driver\stm32h7xx_hal_uart_ex.o
#        C:\Users\lorrn\Desktop\Tirocinio\STM32H743\RXModeLed\EWARM\LED_V1\Obj\Application\User\Core\stm32h7xx_it.o
#        C:\Users\lorrn\Desktop\Tirocinio\STM32H743\RXModeLed\EWARM\LED_V1\Obj\Drivers\STM32H7xx_HAL_Driver\stm32h7xx_ll_i2c.o
#        C:\Users\lorrn\Desktop\Tirocinio\STM32H743\RXModeLed\EWARM\LED_V1\Obj\Drivers\STM32H7xx_HAL_Driver\stm32h7xx_ll_usb.o
#        C:\Users\lorrn\Desktop\Tirocinio\STM32H743\RXModeLed\EWARM\LED_V1\Obj\Drivers\CMSIS\system_stm32h7xx.o
#        --no_out_extension -o
#        C:\Users\lorrn\Desktop\Tirocinio\STM32H743\RXModeLed\EWARM\LED_V1\Exe\LED_V1.out
#        --redirect _Printf=_PrintfFullNoMb --redirect _Scanf=_ScanfFullNoMb
#        --map
#        C:\Users\lorrn\Desktop\Tirocinio\STM32H743\RXModeLed\EWARM\LED_V1\List\LED_V1.map
#        --config
#        C:\Users\lorrn\Desktop\Tirocinio\STM32H743\RXModeLed\EWARM/stm32h743xx_flash.icf
#        --semihosting --entry __iar_program_start --vfe --text_out locale)
#
###############################################################################

*******************************************************************************
*** RUNTIME MODEL ATTRIBUTES
***

CppFlavor       = *
__CPP_Runtime   = 1
__SystemLibrary = DLib
__dlib_version  = 6


*******************************************************************************
*** HEAP SELECTION
***

The basic heap was selected because no calls to memory allocation
functions were found in the application outside of system library
functions, and there are calls to deallocation functions in the
application.


*******************************************************************************
*** PLACEMENT SUMMARY
***

"A0":  place at address 0x800'0000 { ro section .intvec };
"P1":  place in [from 0x800'0000 to 0x81f'ffff] { ro };
define block CSTACK with size = 1K, alignment = 8 { };
define block HEAP with size = 512, alignment = 8 { };
"P2":  place in [from 0x2000'0000 to 0x2001'ffff] {
          rw, block CSTACK, block HEAP };
initialize by copy { rw };

  Section            Kind         Address    Size  Object
  -------            ----         -------    ----  ------
"A0":                                       0x298
  .intvec            ro code   0x800'0000   0x298  startup_stm32h743xx.o [1]
                             - 0x800'0298   0x298

"P1":                                      0x8bf7
  .text              ro code   0x800'0298  0x1810  stm32h7xx_hal_uart.o [4]
  .text              ro code   0x800'1aa8     0x2  stm32h7xx_hal_uart.o [4]
  .text              ro code   0x800'1aaa     0xa  xsprout.o [5]
  .text              ro code   0x800'1ab4   0x8c6  stm32h7xx_hal_dma.o [4]
  .text              ro code   0x800'237a     0x2  stm32h7xx_hal_uart.o [4]
  .text              ro code   0x800'237c     0x2  stm32h7xx_hal_uart.o [4]
  .text              ro code   0x800'237e     0x2  stm32h7xx_hal_uart_ex.o [4]
  .text              ro code   0x800'2380     0x2  stm32h7xx_hal_uart_ex.o [4]
  .text              ro code   0x800'2382     0x2  stm32h7xx_hal_uart_ex.o [4]
  .text              ro code   0x800'2384   0x4a0  stm32h7xx_hal_rcc_ex.o [4]
  .text              ro code   0x800'2824   0x230  I64DivMod.o [7]
  .text              ro code   0x800'2a54   0x568  stm32h7xx_hal_rcc.o [4]
  .text              ro code   0x800'2fbc     0xc  stm32h7xx_hal.o [4]
  .text              ro code   0x800'2fc8  0x151c  main.o [2]
  .text              ro code   0x800'44e4     0x2  I64DivZer.o [7]
  .rodata            const     0x800'44e6     0x2  xlocale_c.o [5]
  .text              ro code   0x800'44e8    0x58  stm32h7xx_hal.o [4]
  .text              ro code   0x800'4540    0x74  stm32h7xx_hal.o [4]
  .text              ro code   0x800'45b4    0x36  strlen.o [7]
  .rodata            const     0x800'45ea     0x2  xlocale_c.o [5]
  .text              ro code   0x800'45ec    0x40  sprintf.o [5]
  .text              ro code   0x800'462c    0x18  strcpy.o [7]
  .text              ro code   0x800'4644   0x2bc  stm32h7xx_hal_gpio.o [4]
  .text              ro code   0x800'4900    0x70  strncpy.o [7]
  .text              ro code   0x800'4970   0x14c  iar_Stoulx.o [5]
  .text              ro code   0x800'4abc   0x2c0  strto64.o [6]
  .text              ro code   0x800'4d7c   0x2dc  cos_sin64.o [6]
  .text              ro code   0x800'5058  0x1216  stm32h7xx_hal_i2c.o [4]
  .rodata            const     0x800'626e     0x1  xlocale_c.o [5]
  .text              ro code   0x800'6270   0x3b8  stm32h7xx_hal_tim.o [4]
  .text              ro code   0x800'6628    0x66  ABImemset.o [7]
  .text              ro code   0x800'6690    0x58  stm32h7xx_hal_pwr_ex.o [4]
  .text              ro code   0x800'66e8   0x700  stm32h7xx_hal_rcc.o [4]
  .text              ro code   0x800'6de8   0x1f4  stm32h7xx_hal_cortex.o [4]
  .text              ro code   0x800'6fdc    0x20  stm32h7xx_hal_msp.o [2]
  .text              ro code   0x800'6ffc   0xf2e  xprintffull_nomb.o [5]
  .text              ro code   0x800'7f2a    0x14  isspace.o [5]
  .text              ro code   0x800'7f3e    0x14  tolower.o [5]
  .text              ro code   0x800'7f54    0x58  memchr.o [7]
  .text              ro code   0x800'7fac    0x88  frexp.o [6]
  .text              ro code   0x800'8034   0x104  ldexp.o [6]
  .text              ro code   0x800'8138   0x122  iar_Stopfx.o [5]
  .text              ro code   0x800'825c   0x1b8  iar_Stoflt.o [5]
  .text              ro code   0x800'8414   0x208  iar_Stoxflt.o [5]
  .text              ro code   0x800'861c     0x2  stm32h7xx_hal_i2c.o [4]
  .text              ro code   0x800'861e     0x2  stm32h7xx_hal_i2c.o [4]
  .text              ro code   0x800'8620     0x2  stm32h7xx_hal_i2c.o [4]
  .text              ro code   0x800'8622     0x2  stm32h7xx_hal_i2c.o [4]
  .text              ro code   0x800'8624     0x2  stm32h7xx_hal_i2c.o [4]
  .text              ro code   0x800'8626     0x2  stm32h7xx_hal_i2c.o [4]
  .text              ro code   0x800'8628     0x2  stm32h7xx_hal_i2c.o [4]
  .text              ro code   0x800'862a     0x2  stm32h7xx_hal_i2c.o [4]
  .text              ro code   0x800'862c     0x2  stm32h7xx_hal_i2c.o [4]
  .text              ro code   0x800'862e     0x2  stm32h7xx_hal_i2c.o [4]
  .text              ro code   0x800'8630     0x2  stm32h7xx_hal_tim.o [4]
  .text              ro code   0x800'8632     0x2  stm32h7xx_hal_tim.o [4]
  .text              ro code   0x800'8634     0x2  stm32h7xx_hal_tim.o [4]
  .text              ro code   0x800'8636     0x2  stm32h7xx_hal_tim.o [4]
  .text              ro code   0x800'8638     0x2  stm32h7xx_hal_tim_ex.o [4]
  .text              ro code   0x800'863a     0x2  stm32h7xx_hal_tim_ex.o [4]
  .text              ro code   0x800'863c     0x2  stm32h7xx_hal_tim.o [4]
  .text              ro code   0x800'863e     0x2  stm32h7xx_hal_tim_ex.o [4]
  .text              ro code   0x800'8640    0x16  strchr.o [7]
  .text              ro code   0x800'8658    0x40  xfail_s.o [5]
  .text              ro code   0x800'8698    0xa6  ABImemcpy.o [7]
  .text              ro code   0x800'8740    0x34  DblCmpLe.o [6]
  .text              ro code   0x800'8774    0x34  DblCmpGe.o [6]
  .text              ro code   0x800'87a8     0xe  DblToS32.o [6]
  .text              ro code   0x800'87b6     0xe  S32ToDbl.o [6]
  .text              ro code   0x800'87c4    0x12  DblSub.o [6]
  .text              ro code   0x800'87d6    0x12  DblDiv.o [6]
  .text              ro code   0x800'87e8     0xe  DblToU32.o [6]
  .text              ro code   0x800'87f6     0xe  U32ToDbl.o [6]
  .text              ro code   0x800'8804    0x12  DblMul.o [6]
  .text              ro code   0x800'8818    0x4c  xlocale_c.o [5]
  .text              ro code   0x800'8864    0x14  isalpha.o [5]
  .text              ro code   0x800'8878     0x6  abort.o [5]
  .text              ro code   0x800'8880    0x14  exit.o [8]
  .text              ro code   0x800'8894   0x114  system_stm32h7xx.o [3]
  .text              ro code   0x800'89a8    0x78  lz77_init_single.o [7]
  .rodata            const     0x800'8a20    0x50  iar_Stoulx.o [5]
  .rodata            const     0x800'8a70    0x48  strto64.o [6]
  .text              ro code   0x800'8ab8    0x38  zero_init3.o [7]
  .text              ro code   0x800'8af0    0x28  data_init.o [7]
  .text              ro code   0x800'8b18    0x22  fpinit_M.o [6]
  .iar.init_table    const     0x800'8b3c    0x20  - Linker created -
  .text              ro code   0x800'8b5c    0x1e  cmain.o [7]
  .text              ro code   0x800'8b7a     0x4  low_level_init.o [5]
  .text              ro code   0x800'8b7e     0x4  exit.o [5]
  .text              ro code   0x800'8b84     0xa  cexit.o [7]
  .text              ro code   0x800'8b90    0x1c  cstartup_M.o [7]
  .rodata            const     0x800'8bac    0x18  stm32h7xx_hal_uart.o [4]
  .text              ro code   0x800'8bc4    0x18  stm32h7xx_hal.o [4]
  .text              ro code   0x800'8bdc    0x18  stm32h7xx_it.o [2]
  .rodata            const     0x800'8bf4    0x10  main.o [2]
  .rodata            const     0x800'8c04    0x10  system_stm32h7xx.o [3]
  .text              ro code   0x800'8c14    0x10  startup_stm32h743xx.o [1]
  .rodata            const     0x800'8c24     0xc  main.o [2]
  .rodata            const     0x800'8c30     0x8  main.o [2]
  .text              ro code   0x800'8c38     0x4  startup_stm32h743xx.o [1]
  .text              ro code   0x800'8c3c     0x4  startup_stm32h743xx.o [1]
  .text              ro code   0x800'8c40     0x4  startup_stm32h743xx.o [1]
  .text              ro code   0x800'8c44     0x4  startup_stm32h743xx.o [1]
  .text              ro code   0x800'8c48     0x4  startup_stm32h743xx.o [1]
  .text              ro code   0x800'8c4c     0x4  startup_stm32h743xx.o [1]
  .text              ro code   0x800'8c50     0x4  startup_stm32h743xx.o [1]
  .text              ro code   0x800'8c54     0x4  startup_stm32h743xx.o [1]
  .text              ro code   0x800'8c58     0x4  startup_stm32h743xx.o [1]
  .text              ro code   0x800'8c5c     0x4  startup_stm32h743xx.o [1]
  .text              ro code   0x800'8c60     0x4  startup_stm32h743xx.o [1]
  .text              ro code   0x800'8c64     0x4  startup_stm32h743xx.o [1]
  .text              ro code   0x800'8c68     0x4  startup_stm32h743xx.o [1]
  .text              ro code   0x800'8c6c     0x4  startup_stm32h743xx.o [1]
  .text              ro code   0x800'8c70     0x4  startup_stm32h743xx.o [1]
  .text              ro code   0x800'8c74     0x4  startup_stm32h743xx.o [1]
  .text              ro code   0x800'8c78     0x4  startup_stm32h743xx.o [1]
  .text              ro code   0x800'8c7c     0x4  startup_stm32h743xx.o [1]
  .text              ro code   0x800'8c80     0x4  startup_stm32h743xx.o [1]
  .text              ro code   0x800'8c84     0x4  startup_stm32h743xx.o [1]
  .text              ro code   0x800'8c88     0x4  startup_stm32h743xx.o [1]
  .text              ro code   0x800'8c8c     0x4  startup_stm32h743xx.o [1]
  .text              ro code   0x800'8c90     0x4  startup_stm32h743xx.o [1]
  .text              ro code   0x800'8c94     0x4  startup_stm32h743xx.o [1]
  .text              ro code   0x800'8c98     0x4  startup_stm32h743xx.o [1]
  .text              ro code   0x800'8c9c     0x4  startup_stm32h743xx.o [1]
  .text              ro code   0x800'8ca0     0x4  startup_stm32h743xx.o [1]
  .text              ro code   0x800'8ca4     0x4  startup_stm32h743xx.o [1]
  .text              ro code   0x800'8ca8     0x4  startup_stm32h743xx.o [1]
  .text              ro code   0x800'8cac     0x4  startup_stm32h743xx.o [1]
  .text              ro code   0x800'8cb0     0x4  startup_stm32h743xx.o [1]
  .text              ro code   0x800'8cb4     0x4  startup_stm32h743xx.o [1]
  .text              ro code   0x800'8cb8     0x4  startup_stm32h743xx.o [1]
  .text              ro code   0x800'8cbc     0x4  startup_stm32h743xx.o [1]
  .text              ro code   0x800'8cc0     0x4  startup_stm32h743xx.o [1]
  .text              ro code   0x800'8cc4     0x4  startup_stm32h743xx.o [1]
  .text              ro code   0x800'8cc8     0x4  startup_stm32h743xx.o [1]
  .text              ro code   0x800'8ccc     0x4  startup_stm32h743xx.o [1]
  .text              ro code   0x800'8cd0     0x4  startup_stm32h743xx.o [1]
  .text              ro code   0x800'8cd4     0x4  startup_stm32h743xx.o [1]
  .text              ro code   0x800'8cd8     0x4  startup_stm32h743xx.o [1]
  .text              ro code   0x800'8cdc     0x4  startup_stm32h743xx.o [1]
  .text              ro code   0x800'8ce0     0x4  startup_stm32h743xx.o [1]
  .text              ro code   0x800'8ce4     0x4  startup_stm32h743xx.o [1]
  .text              ro code   0x800'8ce8     0x4  startup_stm32h743xx.o [1]
  .text              ro code   0x800'8cec     0x4  startup_stm32h743xx.o [1]
  .text              ro code   0x800'8cf0     0x4  startup_stm32h743xx.o [1]
  .text              ro code   0x800'8cf4     0x4  startup_stm32h743xx.o [1]
  .text              ro code   0x800'8cf8     0x4  startup_stm32h743xx.o [1]
  .text              ro code   0x800'8cfc     0x4  startup_stm32h743xx.o [1]
  .text              ro code   0x800'8d00     0x4  startup_stm32h743xx.o [1]
  .text              ro code   0x800'8d04     0x4  startup_stm32h743xx.o [1]
  .text              ro code   0x800'8d08     0x4  startup_stm32h743xx.o [1]
  .text              ro code   0x800'8d0c     0x4  startup_stm32h743xx.o [1]
  .text              ro code   0x800'8d10     0x4  startup_stm32h743xx.o [1]
  .text              ro code   0x800'8d14     0x4  startup_stm32h743xx.o [1]
  .text              ro code   0x800'8d18     0x4  startup_stm32h743xx.o [1]
  .text              ro code   0x800'8d1c     0x4  startup_stm32h743xx.o [1]
  .text              ro code   0x800'8d20     0x4  startup_stm32h743xx.o [1]
  .text              ro code   0x800'8d24     0x4  startup_stm32h743xx.o [1]
  .text              ro code   0x800'8d28     0x4  startup_stm32h743xx.o [1]
  .text              ro code   0x800'8d2c     0x4  startup_stm32h743xx.o [1]
  .text              ro code   0x800'8d30     0x4  startup_stm32h743xx.o [1]
  .text              ro code   0x800'8d34     0x4  startup_stm32h743xx.o [1]
  .text              ro code   0x800'8d38     0x4  startup_stm32h743xx.o [1]
  .text              ro code   0x800'8d3c     0x4  startup_stm32h743xx.o [1]
  .text              ro code   0x800'8d40     0x4  startup_stm32h743xx.o [1]
  .text              ro code   0x800'8d44     0x4  startup_stm32h743xx.o [1]
  .text              ro code   0x800'8d48     0x4  startup_stm32h743xx.o [1]
  .text              ro code   0x800'8d4c     0x4  startup_stm32h743xx.o [1]
  .text              ro code   0x800'8d50     0x4  startup_stm32h743xx.o [1]
  .text              ro code   0x800'8d54     0x4  startup_stm32h743xx.o [1]
  .text              ro code   0x800'8d58     0x4  startup_stm32h743xx.o [1]
  .text              ro code   0x800'8d5c     0x4  startup_stm32h743xx.o [1]
  .text              ro code   0x800'8d60     0x4  startup_stm32h743xx.o [1]
  .text              ro code   0x800'8d64     0x4  startup_stm32h743xx.o [1]
  .text              ro code   0x800'8d68     0x4  startup_stm32h743xx.o [1]
  .text              ro code   0x800'8d6c     0x4  startup_stm32h743xx.o [1]
  .text              ro code   0x800'8d70     0x4  startup_stm32h743xx.o [1]
  .text              ro code   0x800'8d74     0x4  startup_stm32h743xx.o [1]
  .text              ro code   0x800'8d78     0x4  startup_stm32h743xx.o [1]
  .text              ro code   0x800'8d7c     0x4  startup_stm32h743xx.o [1]
  .text              ro code   0x800'8d80     0x4  startup_stm32h743xx.o [1]
  .text              ro code   0x800'8d84     0x4  startup_stm32h743xx.o [1]
  .text              ro code   0x800'8d88     0x4  startup_stm32h743xx.o [1]
  .text              ro code   0x800'8d8c     0x4  startup_stm32h743xx.o [1]
  .text              ro code   0x800'8d90     0x4  startup_stm32h743xx.o [1]
  .text              ro code   0x800'8d94     0x4  startup_stm32h743xx.o [1]
  .text              ro code   0x800'8d98     0x4  startup_stm32h743xx.o [1]
  .text              ro code   0x800'8d9c     0x4  startup_stm32h743xx.o [1]
  .text              ro code   0x800'8da0     0x4  startup_stm32h743xx.o [1]
  .text              ro code   0x800'8da4     0x4  startup_stm32h743xx.o [1]
  .text              ro code   0x800'8da8     0x4  startup_stm32h743xx.o [1]
  .text              ro code   0x800'8dac     0x4  startup_stm32h743xx.o [1]
  .text              ro code   0x800'8db0     0x4  startup_stm32h743xx.o [1]
  .text              ro code   0x800'8db4     0x4  startup_stm32h743xx.o [1]
  .text              ro code   0x800'8db8     0x4  startup_stm32h743xx.o [1]
  .text              ro code   0x800'8dbc     0x4  startup_stm32h743xx.o [1]
  .text              ro code   0x800'8dc0     0x4  startup_stm32h743xx.o [1]
  .text              ro code   0x800'8dc4     0x4  startup_stm32h743xx.o [1]
  .text              ro code   0x800'8dc8     0x4  startup_stm32h743xx.o [1]
  .text              ro code   0x800'8dcc     0x4  startup_stm32h743xx.o [1]
  .text              ro code   0x800'8dd0     0x4  startup_stm32h743xx.o [1]
  .text              ro code   0x800'8dd4     0x4  startup_stm32h743xx.o [1]
  .text              ro code   0x800'8dd8     0x4  startup_stm32h743xx.o [1]
  .text              ro code   0x800'8ddc     0x4  startup_stm32h743xx.o [1]
  .text              ro code   0x800'8de0     0x4  startup_stm32h743xx.o [1]
  .text              ro code   0x800'8de4     0x4  startup_stm32h743xx.o [1]
  .text              ro code   0x800'8de8     0x4  startup_stm32h743xx.o [1]
  .text              ro code   0x800'8dec     0x4  startup_stm32h743xx.o [1]
  .text              ro code   0x800'8df0     0x4  startup_stm32h743xx.o [1]
  .text              ro code   0x800'8df4     0x4  startup_stm32h743xx.o [1]
  .text              ro code   0x800'8df8     0x4  startup_stm32h743xx.o [1]
  .text              ro code   0x800'8dfc     0x4  startup_stm32h743xx.o [1]
  .text              ro code   0x800'8e00     0x4  startup_stm32h743xx.o [1]
  .text              ro code   0x800'8e04     0x4  startup_stm32h743xx.o [1]
  .text              ro code   0x800'8e08     0x4  startup_stm32h743xx.o [1]
  .text              ro code   0x800'8e0c     0x4  startup_stm32h743xx.o [1]
  .text              ro code   0x800'8e10     0x4  startup_stm32h743xx.o [1]
  .text              ro code   0x800'8e14     0x4  startup_stm32h743xx.o [1]
  .text              ro code   0x800'8e18     0x4  startup_stm32h743xx.o [1]
  .text              ro code   0x800'8e1c     0x4  startup_stm32h743xx.o [1]
  .text              ro code   0x800'8e20     0x4  startup_stm32h743xx.o [1]
  .text              ro code   0x800'8e24     0x4  startup_stm32h743xx.o [1]
  .text              ro code   0x800'8e28     0x4  startup_stm32h743xx.o [1]
  .text              ro code   0x800'8e2c     0x4  startup_stm32h743xx.o [1]
  .text              ro code   0x800'8e30     0x4  startup_stm32h743xx.o [1]
  .text              ro code   0x800'8e34     0x4  startup_stm32h743xx.o [1]
  .text              ro code   0x800'8e38     0x4  startup_stm32h743xx.o [1]
  .text              ro code   0x800'8e3c     0x4  startup_stm32h743xx.o [1]
  .text              ro code   0x800'8e40     0x4  startup_stm32h743xx.o [1]
  .rodata            const     0x800'8e44     0x0  zero_init3.o [7]
  .rodata            const     0x800'8e44     0x0  lz77_init_single.o [7]
  Initializer bytes  const     0x800'8e44    0x4b  <for P2-1>
                             - 0x800'8e8f  0x8bf7

"P2", part 1 of 3:                           0x99
  P2-1                        0x2000'0000    0x99  <Init block>
    .data            inited   0x2000'0000     0xc  main.o [2]
    .data            inited   0x2000'000c     0x4  stm32h7xx_hal.o [4]
    .data            inited   0x2000'0010     0x4  system_stm32h7xx.o [3]
    .data            inited   0x2000'0014     0x4  system_stm32h7xx.o [3]
    .data            inited   0x2000'0018    0x38  xlocale_c.o [5]
    .data            inited   0x2000'0050    0x48  xlocale_c.o [5]
    .data            inited   0x2000'0098     0x1  stm32h7xx_hal.o [4]
                            - 0x2000'0099    0x99

"P2", part 2 of 3:                          0x670
  .bss               zero     0x2000'009c   0x200  main.o [2]
  .bss               zero     0x2000'029c    0x94  main.o [2]
  .bss               zero     0x2000'0330    0x94  main.o [2]
  .bss               zero     0x2000'03c4    0x80  main.o [2]
  .bss               zero     0x2000'0444    0x80  main.o [2]
  .bss               zero     0x2000'04c4    0x80  main.o [2]
  .bss               zero     0x2000'0544    0x54  main.o [2]
  .bss               zero     0x2000'0598    0x4c  main.o [2]
  .bss               zero     0x2000'05e4    0x4c  main.o [2]
  .bss               zero     0x2000'0630    0x4c  main.o [2]
  .bss               zero     0x2000'067c    0x20  main.o [2]
  .bss               zero     0x2000'069c     0x4  main.o [2]
  .bss               zero     0x2000'06a0     0x4  main.o [2]
  .bss               zero     0x2000'06a4     0x4  main.o [2]
  .bss               zero     0x2000'06a8     0x4  main.o [2]
  .bss               zero     0x2000'06ac     0x4  main.o [2]
  .bss               zero     0x2000'06b0     0x4  main.o [2]
  .bss               zero     0x2000'06b4     0x4  main.o [2]
  .bss               zero     0x2000'06b8     0x4  main.o [2]
  .bss               zero     0x2000'06bc     0x4  main.o [2]
  .bss               zero     0x2000'06c0     0x4  main.o [2]
  .bss               zero     0x2000'06c4     0x4  main.o [2]
  .bss               zero     0x2000'06c8     0x4  main.o [2]
  .bss               zero     0x2000'06cc     0x4  main.o [2]
  .bss               zero     0x2000'06d0     0x4  main.o [2]
  .bss               zero     0x2000'06d4     0x4  main.o [2]
  .bss               zero     0x2000'06d8     0x4  main.o [2]
  .bss               zero     0x2000'06dc     0x4  main.o [2]
  .bss               zero     0x2000'06e0     0x4  main.o [2]
  .bss               zero     0x2000'06e4     0x4  main.o [2]
  .bss               zero     0x2000'06e8     0x4  main.o [2]
  .bss               zero     0x2000'06ec     0x4  main.o [2]
  .bss               zero     0x2000'06f0     0x4  main.o [2]
  .bss               zero     0x2000'06f4     0x4  main.o [2]
  .bss               zero     0x2000'06f8     0x4  main.o [2]
  .bss               zero     0x2000'06fc     0x4  main.o [2]
  .bss               zero     0x2000'0700     0x4  stm32h7xx_hal.o [4]
  .bss               zero     0x2000'0704     0x4  xfail_s.o [5]
  .bss               zero     0x2000'0708     0x1  main.o [2]
                            - 0x2000'0709   0x66d

"P2", part 3 of 3:                          0x400
  CSTACK                      0x2000'0710   0x400  <Block>
    CSTACK           uninit   0x2000'0710   0x400  <Block tail>
                            - 0x2000'0b10   0x400

Unused ranges:

         From           To       Size
         ----           --       ----
   0x800'8e8f   0x81f'ffff  0x1f'7171
  0x2000'0099  0x2000'009b        0x3
  0x2000'070c  0x2000'070f        0x4
  0x2000'0b10  0x2001'ffff   0x1'f4f0


*******************************************************************************
*** INIT TABLE
***

          Address      Size
          -------      ----
Zero (__iar_zero_init3)
    1 destination range, total size 0x66d:
          0x2000'009c  0x66d

Copy/lz77 (__iar_lz77_init_single3)
    1 source range, total size 0x4b (49% of destination):
           0x800'8e44   0x4b
    1 destination range, total size 0x99:
          0x2000'0000   0x99



*******************************************************************************
*** MODULE SUMMARY
***

    Module                   ro code  ro data  rw data
    ------                   -------  -------  -------
command line/config:
    --------------------------------------------------
    Total:

C:\Users\lorrn\Desktop\Tirocinio\STM32H743\RXModeLed\EWARM\LED_V1\Obj\Application\EWARM: [1]
    startup_stm32h743xx.o      1'204
    --------------------------------------------------
    Total:                     1'204

C:\Users\lorrn\Desktop\Tirocinio\STM32H743\RXModeLed\EWARM\LED_V1\Obj\Application\User\Core: [2]
    main.o                     5'404       41    1'649
    stm32h7xx_hal_msp.o           32
    stm32h7xx_it.o                24
    --------------------------------------------------
    Total:                     5'460       41    1'649

C:\Users\lorrn\Desktop\Tirocinio\STM32H743\RXModeLed\EWARM\LED_V1\Obj\Drivers\CMSIS: [3]
    system_stm32h7xx.o           276       20        8
    --------------------------------------------------
    Total:                       276       20        8

C:\Users\lorrn\Desktop\Tirocinio\STM32H743\RXModeLed\EWARM\LED_V1\Obj\Drivers\STM32H7xx_HAL_Driver: [4]
    stm32h7xx_hal.o              240        3        9
    stm32h7xx_hal_cortex.o       500
    stm32h7xx_hal_dma.o        2'246
    stm32h7xx_hal_gpio.o         700
    stm32h7xx_hal_i2c.o        4'650
    stm32h7xx_hal_pwr_ex.o        88
    stm32h7xx_hal_rcc.o        3'176
    stm32h7xx_hal_rcc_ex.o     1'184
    stm32h7xx_hal_tim.o          962
    stm32h7xx_hal_tim_ex.o         6
    stm32h7xx_hal_uart.o       6'166       24
    stm32h7xx_hal_uart_ex.o        6
    --------------------------------------------------
    Total:                    19'924       27        9

dl7M_tlf.a: [5]
    abort.o                        6
    exit.o                         4
    iar_Stoflt.o                 440
    iar_Stopfx.o                 290
    iar_Stoulx.o                 332       80
    iar_Stoxflt.o                520
    isalpha.o                     20
    isspace.o                     20
    low_level_init.o               4
    sprintf.o                     64
    tolower.o                     20
    xfail_s.o                     64                 4
    xlocale_c.o                   76       68      128
    xprintffull_nomb.o         3'886
    xsprout.o                     10
    --------------------------------------------------
    Total:                     5'756      148      132

m7M_tlv.a: [6]
    DblCmpGe.o                    52
    DblCmpLe.o                    52
    DblDiv.o                      18
    DblMul.o                      18
    DblSub.o                      18
    DblToS32.o                    14
    DblToU32.o                    14
    S32ToDbl.o                    14
    U32ToDbl.o                    14
    cos_sin64.o                  732
    fpinit_M.o                    34
    frexp.o                      136
    ldexp.o                      260
    strto64.o                    704       72
    --------------------------------------------------
    Total:                     2'080       72

rt7M_tl.a: [7]
    ABImemcpy.o                  166
    ABImemset.o                  102
    I64DivMod.o                  560
    I64DivZer.o                    2
    cexit.o                       10
    cmain.o                       30
    cstartup_M.o                  28
    data_init.o                   40
    lz77_init_single.o           120
    memchr.o                      88
    strchr.o                      22
    strcpy.o                      24
    strlen.o                      54
    strncpy.o                    112
    zero_init3.o                  56
    --------------------------------------------------
    Total:                     1'414

shb_l.a: [8]
    exit.o                        20
    --------------------------------------------------
    Total:                        20

    Gaps                          19        2
    Linker created                         32    1'024
------------------------------------------------------
    Grand Total:              36'153      342    2'822


*******************************************************************************
*** ENTRY LIST
***

Entry                       Address   Size  Type      Object
-----                       -------   ----  ----      ------
.iar.init_table$$Base    0x800'8b3c          --   Gb  - Linker created -
.iar.init_table$$Limit   0x800'8b5c          --   Gb  - Linker created -
?main                    0x800'8b5d         Code  Gb  cmain.o [7]
BusFault_Handler         0x800'8be3    0x2  Code  Gb  stm32h7xx_it.o [2]
CSTACK$$Base            0x2000'0710          --   Gb  - Linker created -
CSTACK$$Limit           0x2000'0b10          --   Gb  - Linker created -
D1CorePrescTable         0x800'8c04   0x10  Data  Gb  system_stm32h7xx.o [3]
DebugMon_Handler         0x800'8be9    0x2  Code  Gb  stm32h7xx_it.o [2]
Dtentox                  0x800'4abd  0x194  Code  Lc  strto64.o [6]
EXTI3_IRQHandler         0x800'3c91    0xa  Code  Gb  main.o [2]
EXTI4_IRQHandler         0x800'3c9b    0xa  Code  Gb  main.o [2]
Error_Handler            0x800'44e1    0x4  Code  Gb  main.o [2]
HAL_DMA_Abort            0x800'1ab5  0x476  Code  Gb  stm32h7xx_hal_dma.o [4]
HAL_DMA_Abort_IT         0x800'1f81  0x38e  Code  Gb  stm32h7xx_hal_dma.o [4]
HAL_DMA_GetState         0x800'2375    0x6  Code  Gb  stm32h7xx_hal_dma.o [4]
HAL_GPIO_EXTI_Callback   0x800'3f1b   0x6e  Code  Gb  main.o [2]
HAL_GPIO_EXTI_IRQHandler
                         0x800'48a3   0x20  Code  Gb  stm32h7xx_hal_gpio.o [4]
HAL_GPIO_Init            0x800'4645  0x22e  Code  Gb  stm32h7xx_hal_gpio.o [4]
HAL_GPIO_ReadPin         0x800'4873   0x16  Code  Gb  stm32h7xx_hal_gpio.o [4]
HAL_GPIO_WritePin        0x800'4889   0x1a  Code  Gb  stm32h7xx_hal_gpio.o [4]
HAL_GetREVID             0x800'4597    0xa  Code  Gb  stm32h7xx_hal.o [4]
HAL_GetTick              0x800'2fbd    0xc  Code  Wk  stm32h7xx_hal.o [4]
HAL_I2C_EV_IRQHandler    0x800'51cd   0x1e  Code  Gb  stm32h7xx_hal_i2c.o [4]
HAL_I2C_Init             0x800'5059   0xcc  Code  Gb  stm32h7xx_hal_i2c.o [4]
HAL_I2C_MasterTxCpltCallback
                         0x800'3ca5   0x14  Code  Gb  main.o [2]
HAL_I2C_Master_Transmit_IT
                         0x800'5125   0x9a  Code  Gb  stm32h7xx_hal_i2c.o [4]
HAL_IncTick              0x800'8bc5   0x18  Code  Wk  stm32h7xx_hal.o [4]
HAL_Init                 0x800'4541   0x56  Code  Gb  stm32h7xx_hal.o [4]
HAL_InitTick             0x800'44e9   0x58  Code  Wk  stm32h7xx_hal.o [4]
HAL_MPU_ConfigRegion     0x800'6f4f   0x58  Code  Gb  stm32h7xx_hal_cortex.o [4]
HAL_MPU_Disable          0x800'6f1d   0x16  Code  Gb  stm32h7xx_hal_cortex.o [4]
HAL_MPU_Enable           0x800'6f33   0x1c  Code  Gb  stm32h7xx_hal_cortex.o [4]
HAL_MspInit              0x800'6fdd   0x20  Code  Gb  stm32h7xx_hal_msp.o [2]
HAL_NVIC_EnableIRQ       0x800'6f03    0xe  Code  Gb  stm32h7xx_hal_cortex.o [4]
HAL_NVIC_SetPriority     0x800'6edf   0x24  Code  Gb  stm32h7xx_hal_cortex.o [4]
HAL_NVIC_SetPriorityGrouping
                         0x800'6ed3    0xc  Code  Gb  stm32h7xx_hal_cortex.o [4]
HAL_PWREx_ConfigSupply   0x800'6691   0x50  Code  Gb  stm32h7xx_hal_pwr_ex.o [4]
HAL_RCCEx_GetD3PCLK1Freq
                         0x800'2385   0x1e  Code  Gb  stm32h7xx_hal_rcc_ex.o [4]
HAL_RCCEx_GetPLL2ClockFreq
                         0x800'23a5  0x218  Code  Gb  stm32h7xx_hal_rcc_ex.o [4]
HAL_RCCEx_GetPLL3ClockFreq
                         0x800'25d5  0x218  Code  Gb  stm32h7xx_hal_rcc_ex.o [4]
HAL_RCC_ClockConfig      0x800'2a55  0x290  Code  Gb  stm32h7xx_hal_rcc.o [4]
HAL_RCC_GetHCLKFreq      0x800'2efd   0x36  Code  Gb  stm32h7xx_hal_rcc.o [4]
HAL_RCC_GetPCLK1Freq     0x800'2f33   0x1a  Code  Gb  stm32h7xx_hal_rcc.o [4]
HAL_RCC_GetPCLK2Freq     0x800'2f4d   0x1a  Code  Gb  stm32h7xx_hal_rcc.o [4]
HAL_RCC_GetSysClockFreq
                         0x800'2ce5  0x218  Code  Gb  stm32h7xx_hal_rcc.o [4]
HAL_RCC_OscConfig        0x800'66e9  0x700  Code  Wk  stm32h7xx_hal_rcc.o [4]
HAL_SYSTICK_Config       0x800'6f11    0xc  Code  Gb  stm32h7xx_hal_cortex.o [4]
HAL_TIMEx_Break2Callback
                         0x800'863b    0x2  Code  Wk  stm32h7xx_hal_tim_ex.o [4]
HAL_TIMEx_BreakCallback
                         0x800'8639    0x2  Code  Wk  stm32h7xx_hal_tim_ex.o [4]
HAL_TIMEx_CommutCallback
                         0x800'863f    0x2  Code  Wk  stm32h7xx_hal_tim_ex.o [4]
HAL_TIM_Base_Init        0x800'6271   0x7a  Code  Gb  stm32h7xx_hal_tim.o [4]
HAL_TIM_Base_Start_IT    0x800'62eb   0xa2  Code  Gb  stm32h7xx_hal_tim.o [4]
HAL_TIM_IRQHandler       0x800'63ad  0x194  Code  Gb  stm32h7xx_hal_tim.o [4]
HAL_TIM_PeriodElapsedCallback
                         0x800'3cf1  0x22a  Code  Gb  main.o [2]
HAL_UARTEx_RxFifoFullCallback
                         0x800'2383    0x2  Code  Wk  stm32h7xx_hal_uart_ex.o [4]
HAL_UARTEx_TxFifoEmptyCallback
                         0x800'2381    0x2  Code  Wk  stm32h7xx_hal_uart_ex.o [4]
HAL_UARTEx_WakeupCallback
                         0x800'237f    0x2  Code  Wk  stm32h7xx_hal_uart_ex.o [4]
HAL_UART_IRQHandler      0x800'043d  0x46a  Code  Gb  stm32h7xx_hal_uart.o [4]
HAL_UART_Init            0x800'0299   0x7e  Code  Gb  stm32h7xx_hal_uart.o [4]
HAL_UART_Receive_IT      0x800'03cb   0x5e  Code  Gb  stm32h7xx_hal_uart.o [4]
HAL_UART_RxCpltCallback
                         0x800'3aad   0xa0  Code  Gb  main.o [2]
HAL_UART_Transmit_IT     0x800'0317   0xb4  Code  Gb  stm32h7xx_hal_uart.o [4]
HAL_UART_TxCpltCallback
                         0x800'3b71   0x8c  Code  Gb  main.o [2]
HardFault_Handler        0x800'8bdf    0x2  Code  Gb  stm32h7xx_it.o [2]
I2C1_EV_IRQHandler       0x800'3c5d    0xc  Code  Gb  main.o [2]
I2C_DMAAbort             0x800'60f1   0x26  Code  Lc  stm32h7xx_hal_i2c.o [4]
I2C_Disable_IRQ          0x800'61f5   0x7a  Code  Lc  stm32h7xx_hal_i2c.o [4]
I2C_Enable_IRQ           0x800'614f   0x90  Code  Lc  stm32h7xx_hal_i2c.o [4]
I2C_Flush_TXDR           0x800'60c7   0x24  Code  Lc  stm32h7xx_hal_i2c.o [4]
I2C_ITAddrCplt           0x800'58d9   0xdc  Code  Lc  stm32h7xx_hal_i2c.o [4]
I2C_ITError              0x800'5f05  0x14a  Code  Lc  stm32h7xx_hal_i2c.o [4]
I2C_ITListenCplt         0x800'5e9b   0x6a  Code  Lc  stm32h7xx_hal_i2c.o [4]
I2C_ITMasterCplt         0x800'5a8f  0x11a  Code  Lc  stm32h7xx_hal_i2c.o [4]
I2C_ITMasterSeqCplt      0x800'59b5   0x5a  Code  Lc  stm32h7xx_hal_i2c.o [4]
I2C_ITSlaveCplt          0x800'5ba9  0x2f2  Code  Lc  stm32h7xx_hal_i2c.o [4]
I2C_ITSlaveSeqCplt       0x800'5a0f   0x80  Code  Lc  stm32h7xx_hal_i2c.o [4]
I2C_Init                 0x800'43bd   0x9a  Code  Gb  main.o [2]
I2C_Master_ISR_DMA       0x800'54b9  0x14a  Code  Lc  stm32h7xx_hal_i2c.o [4]
I2C_Master_ISR_IT        0x800'51ed  0x186  Code  Lc  stm32h7xx_hal_i2c.o [4]
I2C_Slave_ISR_DMA        0x800'5605  0x2ce  Code  Lc  stm32h7xx_hal_i2c.o [4]
I2C_Slave_ISR_IT         0x800'5375  0x144  Code  Lc  stm32h7xx_hal_i2c.o [4]
I2C_TransferConfig       0x800'611d   0x32  Code  Lc  stm32h7xx_hal_i2c.o [4]
I2C_TreatErrorCallback   0x800'6091   0x36  Code  Lc  stm32h7xx_hal_i2c.o [4]
Init_RovBuf              0x800'3295   0x2e  Code  Gb  main.o [2]
MPU_Config               0x800'4169   0x60  Code  Lc  main.o [2]
MX_GPIO_Init             0x800'4033  0x136  Code  Lc  main.o [2]
MemManage_Handler        0x800'8be1    0x2  Code  Gb  stm32h7xx_it.o [2]
NMI_Handler              0x800'8bdd    0x2  Code  Gb  stm32h7xx_it.o [2]
NVIC_EncodePriority      0x800'6e63   0x40  Code  Lc  stm32h7xx_hal_cortex.o [4]
PendSV_Handler           0x800'8beb    0x2  Code  Gb  stm32h7xx_it.o [2]
Region$$Table$$Base      0x800'8b3c          --   Gb  - Linker created -
Region$$Table$$Limit     0x800'8b5c          --   Gb  - Linker created -
SVC_Handler              0x800'8be7    0x2  Code  Gb  stm32h7xx_it.o [2]
SysTick_Config           0x800'6ea3   0x30  Code  Lc  stm32h7xx_hal_cortex.o [4]
SysTick_Handler          0x800'8bed    0x8  Code  Gb  stm32h7xx_it.o [2]
SystemClock_Config       0x800'3f89   0xaa  Code  Gb  main.o [2]
SystemCoreClock         0x2000'0010    0x4  Data  Gb  system_stm32h7xx.o [3]
SystemD2Clock           0x2000'0014    0x4  Data  Gb  system_stm32h7xx.o [3]
SystemInit               0x800'8895   0xb6  Code  Gb  system_stm32h7xx.o [3]
TIM2_IRQHandler          0x800'3c29    0xc  Code  Gb  main.o [2]
TIM3_IRQHandler          0x800'3c35    0xc  Code  Gb  main.o [2]
TIM4_IRQHandler          0x800'3c49    0xc  Code  Gb  main.o [2]
TIM_Base_SetConfig       0x800'6541   0xc6  Code  Gb  stm32h7xx_hal_tim.o [4]
Timer_Init               0x800'42bb   0xfa  Code  Gb  main.o [2]
TranslateCommand         0x800'3411  0x2dc  Code  Gb  main.o [2]
TransmitCommand          0x800'3871   0xbc  Code  Gb  main.o [2]
UARTPrescTable           0x800'8bac   0x18  Data  Gb  stm32h7xx_hal_uart.o [4]
UART_AdvFeatureConfig    0x800'0e81   0xda  Code  Gb  stm32h7xx_hal_uart.o [4]
UART_CheckIdleState      0x800'0f5b   0xd6  Code  Gb  stm32h7xx_hal_uart.o [4]
UART_DMAAbortOnError     0x800'12c5   0x1a  Code  Lc  stm32h7xx_hal_uart.o [4]
UART_EndRxTransfer       0x800'1221   0x60  Code  Lc  stm32h7xx_hal_uart.o [4]
UART_EndTransmit_IT      0x800'149d   0x2c  Code  Lc  stm32h7xx_hal_uart.o [4]
UART_Init                0x800'41c9   0xf2  Code  Lc  main.o [2]
UART_RxISR_16BIT         0x800'15bd   0xf0  Code  Lc  stm32h7xx_hal_uart.o [4]
UART_RxISR_16BIT_FIFOEN
                         0x800'18a1  0x1f8  Code  Lc  stm32h7xx_hal_uart.o [4]
UART_RxISR_8BIT          0x800'14cd   0xee  Code  Lc  stm32h7xx_hal_uart.o [4]
UART_RxISR_8BIT_FIFOEN   0x800'16ad  0x1f4  Code  Lc  stm32h7xx_hal_uart.o [4]
UART_SetConfig           0x800'08b9  0x582  Code  Gb  stm32h7xx_hal_uart.o [4]
UART_Start_Receive_IT    0x800'10c7  0x15a  Code  Gb  stm32h7xx_hal_uart.o [4]
UART_TxISR_16BIT         0x800'1337   0x64  Code  Lc  stm32h7xx_hal_uart.o [4]
UART_TxISR_16BIT_FIFOEN
                         0x800'1419   0x84  Code  Lc  stm32h7xx_hal_uart.o [4]
UART_TxISR_8BIT          0x800'12df   0x58  Code  Lc  stm32h7xx_hal_uart.o [4]
UART_TxISR_8BIT_FIFOEN   0x800'139b   0x7e  Code  Lc  stm32h7xx_hal_uart.o [4]
UART_WaitOnFlagUntilTimeout
                         0x800'1031   0x96  Code  Gb  stm32h7xx_hal_uart.o [4]
USART2_IRQHandler        0x800'3c01    0xc  Code  Gb  main.o [2]
USART3_IRQHandler        0x800'3c11    0xc  Code  Gb  main.o [2]
UsageFault_Handler       0x800'8be5    0x2  Code  Gb  stm32h7xx_it.o [2]
_LitobFullNoMb           0x800'7d31  0x10c  Code  Lc  xprintffull_nomb.o [5]
_LocaleC_isalpha         0x800'881f    0xc  Code  Gb  xlocale_c.o [5]
_LocaleC_islower         0x800'8819    0x4  Code  Gb  xlocale_c.o [5]
_LocaleC_isspace         0x800'8835   0x14  Code  Gb  xlocale_c.o [5]
_LocaleC_isupper         0x800'881d    0x2  Code  Gb  xlocale_c.o [5]
_LocaleC_tolower         0x800'8849    0xc  Code  Gb  xlocale_c.o [5]
_Locale_lconv           0x2000'0018   0x38  Data  Lc  xlocale_c.o [5]
_PrintfFullNoMb          0x800'6ffd  0xd04  Code  Gb  xprintffull_nomb.o [5]
_PutcharFullNoMb         0x800'7e95   0x20  Code  Lc  xprintffull_nomb.o [5]
_PutcharsFullNoMb        0x800'7eb5   0x2e  Code  Lc  xprintffull_nomb.o [5]
_SProut                  0x800'1aab    0xa  Code  Gb  xsprout.o [5]
__NVIC_EnableIRQ         0x800'6e19   0x1e  Code  Lc  stm32h7xx_hal_cortex.o [4]
__NVIC_GetPriorityGrouping
                         0x800'6e0b    0xc  Code  Lc  stm32h7xx_hal_cortex.o [4]
__NVIC_SetPriority       0x800'6e37   0x2c  Code  Lc  stm32h7xx_hal_cortex.o [4]
__NVIC_SetPriorityGrouping
                         0x800'6de9   0x22  Code  Lc  stm32h7xx_hal_cortex.o [4]
__aeabi_cdcmple          0x800'8741         Code  Gb  DblCmpLe.o [6]
__aeabi_cdrcmple         0x800'8775         Code  Gb  DblCmpGe.o [6]
__aeabi_d2iz             0x800'87a9    0xe  Code  Gb  DblToS32.o [6]
__aeabi_d2uiz            0x800'87e9    0xe  Code  Gb  DblToU32.o [6]
__aeabi_ddiv             0x800'87d7   0x12  Code  Gb  DblDiv.o [6]
__aeabi_dmul             0x800'8805   0x12  Code  Gb  DblMul.o [6]
__aeabi_dsub             0x800'87c5   0x12  Code  Gb  DblSub.o [6]
__aeabi_i2d              0x800'87b7    0xe  Code  Gb  S32ToDbl.o [6]
__aeabi_ldiv0            0x800'44e5         Code  Gb  I64DivZer.o [7]
__aeabi_memcpy           0x800'8699         Code  Gb  ABImemcpy.o [7]
__aeabi_memcpy4          0x800'86b9         Code  Gb  ABImemcpy.o [7]
__aeabi_memcpy8          0x800'86b9         Code  Gb  ABImemcpy.o [7]
__aeabi_memset           0x800'6629         Code  Gb  ABImemset.o [7]
__aeabi_ui2d             0x800'87f7    0xe  Code  Gb  U32ToDbl.o [6]
__aeabi_uldivmod         0x800'2825         Code  Gb  I64DivMod.o [7]
__cmain                  0x800'8b5d         Code  Gb  cmain.o [7]
__exit                   0x800'8881   0x14  Code  Gb  exit.o [8]
__iar_Fail_s             0x800'8659   0x1c  Code  Gb  xfail_s.o [5]
__iar_Memchr             0x800'7f55         Code  Gb  memchr.o [7]
__iar_Memset             0x800'6629         Code  Gb  ABImemset.o [7]
__iar_Memset_word        0x800'6631         Code  Gb  ABImemset.o [7]
__iar_Sin64              0x800'4d7d  0x222  Code  Lc  cos_sin64.o [6]
__iar_Sto64              0x800'4c51   0xec  Code  Gb  strto64.o [6]
__iar_Stoflt             0x800'825d  0x1b8  Code  Gb  iar_Stoflt.o [5]
__iar_Stopfx             0x800'8139  0x122  Code  Gb  iar_Stopfx.o [5]
__iar_Stoulx             0x800'4971  0x13a  Code  Gb  iar_Stoulx.o [5]
__iar_Stoxflt            0x800'8415  0x1d4  Code  Gb  iar_Stoxflt.o [5]
__iar_Stoxflt::digits    0x800'85ec   0x18  Data  Lc  iar_Stoxflt.o [5]
__iar_Stoxflt::vals      0x800'8604   0x18  Data  Lc  iar_Stoxflt.o [5]
__iar_Strchr             0x800'8641         Code  Gb  strchr.o [7]
__iar_cos64              0x800'5051    0x4  Code  Gb  cos_sin64.o [6]
__iar_cos_medium         0x800'5051    0x4  Code  Gb  cos_sin64.o [6]
__iar_cos_medium64       0x800'5051    0x4  Code  Gb  cos_sin64.o [6]
__iar_cos_mediuml        0x800'5051    0x4  Code  Gb  cos_sin64.o [6]
__iar_data_init3         0x800'8af1   0x28  Code  Gb  data_init.o [7]
__iar_frexp              0x800'7fd1         Code  Gb  frexp.o [6]
__iar_frexp64            0x800'7fad         Code  Gb  frexp.o [6]
__iar_frexpl             0x800'7fd1         Code  Gb  frexp.o [6]
__iar_globLocale        0x2000'0050   0x48  Data  Lc  xlocale_c.o [5]
__iar_global_Locale      0x800'8855    0x4  Code  Gb  xlocale_c.o [5]
__iar_init_vfp           0x800'8b19         Code  Gb  fpinit_M.o [6]
__iar_ldexp64            0x800'8049         Code  Gb  ldexp.o [6]
__iar_lz77_init_single3
                         0x800'89a9   0x78  Code  Gb  lz77_init_single.o [7]
__iar_program_start      0x800'8b91         Code  Gb  cstartup_M.o [7]
__iar_scalbln64          0x800'8049         Code  Gb  ldexp.o [6]
__iar_scalbn64           0x800'8049         Code  Gb  ldexp.o [6]
__iar_sin64              0x800'5055    0x4  Code  Gb  cos_sin64.o [6]
__iar_sin_medium         0x800'5055    0x4  Code  Gb  cos_sin64.o [6]
__iar_sin_medium64       0x800'5055    0x4  Code  Gb  cos_sin64.o [6]
__iar_sin_mediuml        0x800'5055    0x4  Code  Gb  cos_sin64.o [6]
__iar_softfp___iar_frexp64
                         0x800'7fc5         Code  Gb  frexp.o [6]
__iar_softfp___iar_ldexp64
                         0x800'8035         Code  Gb  ldexp.o [6]
__iar_softfp___iar_scalbln64
                         0x800'8035         Code  Gb  ldexp.o [6]
__iar_softfp___iar_scalbn64
                         0x800'8035         Code  Gb  ldexp.o [6]
__iar_softfp_frexp       0x800'7fc5         Code  Gb  frexp.o [6]
__iar_softfp_frexpl      0x800'7fc5         Code  Gb  frexp.o [6]
__iar_softfp_ldexp       0x800'8035         Code  Gb  ldexp.o [6]
__iar_softfp_ldexpl      0x800'8035         Code  Gb  ldexp.o [6]
__iar_softfp_scalbln     0x800'8035         Code  Gb  ldexp.o [6]
__iar_softfp_scalblnl    0x800'8035         Code  Gb  ldexp.o [6]
__iar_softfp_scalbn      0x800'8035         Code  Gb  ldexp.o [6]
__iar_softfp_scalbnl     0x800'8035         Code  Gb  ldexp.o [6]
__iar_zero_init3         0x800'8ab9   0x38  Code  Gb  zero_init3.o [7]
__low_level_init         0x800'8b7b    0x4  Code  Gb  low_level_init.o [5]
__vector_table           0x800'0000         Data  Gb  startup_stm32h743xx.o [1]
_call_main               0x800'8b69         Code  Gb  cmain.o [7]
_exit                    0x800'8b85         Code  Gb  cexit.o [7]
abort                    0x800'8879    0x6  Code  Gb  abort.o [5]
angular_rate_rov        0x2000'06d8    0x4  Data  Gb  main.o [2]
atof                     0x800'4d75    0x8  Code  Gb  strto64.o [6]
atoi                     0x800'4ab1    0x2  Code  Gb  iar_Stoulx.o [5]
bufCheck                0x2000'04c4   0x80  Data  Gb  main.o [2]
bufOutReady             0x2000'06fc    0x4  Data  Gb  main.o [2]
checkCommand             0x800'392d   0x76  Code  Gb  main.o [2]
checkCommandRov          0x800'32c3  0x14e  Code  Gb  main.o [2]
checkRx                 0x2000'06f8    0x4  Data  Gb  main.o [2]
comINbuf                0x2000'03c4   0x80  Data  Gb  main.o [2]
comOUTbuf               0x2000'0444   0x80  Data  Gb  main.o [2]
commandBufOutRov        0x2000'009c  0x200  Data  Gb  main.o [2]
commandReceivedFlag     0x2000'06f4    0x4  Data  Gb  main.o [2]
cos                      0x800'5051    0x4  Code  Gb  cos_sin64.o [6]
cosl                     0x800'5051    0x4  Code  Gb  cos_sin64.o [6]
digits                   0x800'8a48   0x28  Data  Lc  iar_Stoulx.o [5]
direction_rov           0x2000'06dc    0x4  Data  Gb  main.o [2]
errorCommand            0x2000'06ac    0x4  Data  Gb  main.o [2]
errorCommandRover       0x2000'06c8    0x4  Data  Gb  main.o [2]
exit                     0x800'8b7f    0x4  Code  Gb  exit.o [5]
frexp                    0x800'7fad         Code  Gb  frexp.o [6]
frexpl                   0x800'7fad         Code  Gb  frexp.o [6]
goBack                   0x800'39a9   0xfc  Code  Gb  main.o [2]
hi2c1                   0x2000'0544   0x54  Data  Gb  main.o [2]
htim2                   0x2000'0598   0x4c  Data  Gb  main.o [2]
htim3                   0x2000'05e4   0x4c  Data  Gb  main.o [2]
htim4                   0x2000'0630   0x4c  Data  Gb  main.o [2]
huart2                  0x2000'029c   0x94  Data  Gb  main.o [2]
huart3                  0x2000'0330   0x94  Data  Gb  main.o [2]
impulseCountEngForw     0x2000'06e8    0x4  Data  Gb  main.o [2]
impulseCountEngRight    0x2000'06ec    0x4  Data  Gb  main.o [2]
impulseResetFlag        0x2000'06f0    0x4  Data  Gb  main.o [2]
isalpha                  0x800'8865   0x14  Code  Gb  isalpha.o [5]
isspace                  0x800'7f2b   0x14  Code  Gb  isspace.o [5]
ldexp                    0x800'8049         Code  Gb  ldexp.o [6]
ldexpl                   0x800'8049         Code  Gb  ldexp.o [6]
ledNumber               0x2000'06b0    0x4  Data  Gb  main.o [2]
ledState                0x2000'06c4    0x4  Data  Gb  main.o [2]
localeconv               0x800'8859    0x4  Code  Gb  xlocale_c.o [5]
main                     0x800'2fc9  0x2cc  Code  Gb  main.o [2]
memchr                   0x800'7f55         Code  Gb  memchr.o [7]
messageTransmitted      0x2000'06e4    0x4  Data  Gb  main.o [2]
mode                    0x2000'06b4    0x4  Data  Gb  main.o [2]
moveTick                0x2000'06cc    0x4  Data  Gb  main.o [2]
ndigs                    0x800'8a20   0x28  Data  Lc  iar_Stoulx.o [5]
noReset2                0x2000'06bc    0x4  Data  Gb  main.o [2]
noReset3                0x2000'06c0    0x4  Data  Gb  main.o [2]
numBytesIN              0x2000'069c    0x4  Data  Gb  main.o [2]
numBytesOUT             0x2000'06a0    0x4  Data  Gb  main.o [2]
numBytesTransmitted     0x2000'06a4    0x4  Data  Gb  main.o [2]
pows                     0x800'8a70   0x48  Data  Lc  strto64.o [6]
rover                   0x2000'067c   0x20  Data  Gb  main.o [2]
roverDirection          0x2000'0708    0x1  Data  Gb  main.o [2]
scalbln                  0x800'8049         Code  Gb  ldexp.o [6]
scalblnl                 0x800'8049         Code  Gb  ldexp.o [6]
scalbn                   0x800'8049         Code  Gb  ldexp.o [6]
scalbnl                  0x800'8049         Code  Gb  ldexp.o [6]
scale                    0x800'7e3d   0x46  Code  Lc  xprintffull_nomb.o [5]
sec_hand                0x2000'0704    0x4  Data  Lc  xfail_s.o [5]
setVelocity              0x800'36ed  0x148  Code  Gb  main.o [2]
sin                      0x800'5055    0x4  Code  Gb  cos_sin64.o [6]
sinl                     0x800'5055    0x4  Code  Gb  cos_sin64.o [6]
speedArray              0x2000'0000    0xc  Data  Gb  main.o [2]
speedConvert             0x800'3835   0x2a  Code  Gb  main.o [2]
speedRov                0x2000'06d4    0x4  Data  Gb  main.o [2]
sprintf                  0x800'45ed   0x40  Code  Gb  sprintf.o [5]
strchr                   0x800'8641         Code  Gb  strchr.o [7]
strcpy                   0x800'462d         Code  Gb  strcpy.o [7]
strlen                   0x800'45b5         Code  Gb  strlen.o [7]
strncpy                  0x800'4901         Code  Gb  strncpy.o [7]
sysClkSpeed             0x2000'06b8    0x4  Data  Gb  main.o [2]
timeCountRov            0x2000'06e0    0x4  Data  Gb  main.o [2]
timeRov                 0x2000'06d0    0x4  Data  Gb  main.o [2]
timeout                 0x2000'06a8    0x4  Data  Gb  main.o [2]
tolower                  0x800'7f3f   0x14  Code  Gb  tolower.o [5]
uwTick                  0x2000'0700    0x4  Data  Gb  stm32h7xx_hal.o [4]
uwTickFreq              0x2000'0098    0x1  Data  Gb  stm32h7xx_hal.o [4]
uwTickPrio              0x2000'000c    0x4  Data  Gb  stm32h7xx_hal.o [4]


[1] = C:\Users\lorrn\Desktop\Tirocinio\STM32H743\RXModeLed\EWARM\LED_V1\Obj\Application\EWARM
[2] = C:\Users\lorrn\Desktop\Tirocinio\STM32H743\RXModeLed\EWARM\LED_V1\Obj\Application\User\Core
[3] = C:\Users\lorrn\Desktop\Tirocinio\STM32H743\RXModeLed\EWARM\LED_V1\Obj\Drivers\CMSIS
[4] = C:\Users\lorrn\Desktop\Tirocinio\STM32H743\RXModeLed\EWARM\LED_V1\Obj\Drivers\STM32H7xx_HAL_Driver
[5] = dl7M_tlf.a
[6] = m7M_tlv.a
[7] = rt7M_tl.a
[8] = shb_l.a

  36'153 bytes of readonly  code memory
     342 bytes of readonly  data memory
   2'822 bytes of readwrite data memory

Errors: none
Warnings: none
