###############################################################################
#
# IAR ELF Linker V9.20.4.327/W64 for ARM                  09/Apr/2025  19:11:32
# Copyright 2007-2022 IAR Systems AB.
#
#    Output file  =
#        C:\Users\lorrn\Desktop\Tirocinio\STM32H743\RXModeLed\EWARM\LED_V1\Exe\LED_V1.out
#    Map file     =
#        C:\Users\lorrn\Desktop\Tirocinio\STM32H743\RXModeLed\EWARM\LED_V1\List\LED_V1.map
#    Command line =
#        -f
#        C:\Users\lorrn\Desktop\Tirocinio\STM32H743\RXModeLed\EWARM\LED_V1\Exe\LED_V1.out.rsp
#        (C:\Users\lorrn\Desktop\Tirocinio\STM32H743\RXModeLed\EWARM\LED_V1\Obj\Application\User\Core\main.o
#        C:\Users\lorrn\Desktop\Tirocinio\STM32H743\RXModeLed\EWARM\LED_V1\Obj\Application\EWARM\startup_stm32h743xx.o
#        C:\Users\lorrn\Desktop\Tirocinio\STM32H743\RXModeLed\EWARM\LED_V1\Obj\Drivers\STM32H7xx_HAL_Driver\stm32h7xx_hal.o
#        C:\Users\lorrn\Desktop\Tirocinio\STM32H743\RXModeLed\EWARM\LED_V1\Obj\Drivers\STM32H7xx_HAL_Driver\stm32h7xx_hal_cortex.o
#        C:\Users\lorrn\Desktop\Tirocinio\STM32H743\RXModeLed\EWARM\LED_V1\Obj\Drivers\STM32H7xx_HAL_Driver\stm32h7xx_hal_dma.o
#        C:\Users\lorrn\Desktop\Tirocinio\STM32H743\RXModeLed\EWARM\LED_V1\Obj\Drivers\STM32H7xx_HAL_Driver\stm32h7xx_hal_dma_ex.o
#        C:\Users\lorrn\Desktop\Tirocinio\STM32H743\RXModeLed\EWARM\LED_V1\Obj\Drivers\STM32H7xx_HAL_Driver\stm32h7xx_hal_exti.o
#        C:\Users\lorrn\Desktop\Tirocinio\STM32H743\RXModeLed\EWARM\LED_V1\Obj\Drivers\STM32H7xx_HAL_Driver\stm32h7xx_hal_flash.o
#        C:\Users\lorrn\Desktop\Tirocinio\STM32H743\RXModeLed\EWARM\LED_V1\Obj\Drivers\STM32H7xx_HAL_Driver\stm32h7xx_hal_flash_ex.o
#        C:\Users\lorrn\Desktop\Tirocinio\STM32H743\RXModeLed\EWARM\LED_V1\Obj\Drivers\STM32H7xx_HAL_Driver\stm32h7xx_hal_gpio.o
#        C:\Users\lorrn\Desktop\Tirocinio\STM32H743\RXModeLed\EWARM\LED_V1\Obj\Drivers\STM32H7xx_HAL_Driver\stm32h7xx_hal_hsem.o
#        C:\Users\lorrn\Desktop\Tirocinio\STM32H743\RXModeLed\EWARM\LED_V1\Obj\Drivers\STM32H7xx_HAL_Driver\stm32h7xx_hal_i2c.o
#        C:\Users\lorrn\Desktop\Tirocinio\STM32H743\RXModeLed\EWARM\LED_V1\Obj\Drivers\STM32H7xx_HAL_Driver\stm32h7xx_hal_i2c_ex.o
#        C:\Users\lorrn\Desktop\Tirocinio\STM32H743\RXModeLed\EWARM\LED_V1\Obj\Drivers\STM32H7xx_HAL_Driver\stm32h7xx_hal_mdma.o
#        C:\Users\lorrn\Desktop\Tirocinio\STM32H743\RXModeLed\EWARM\LED_V1\Obj\Application\User\Core\stm32h7xx_hal_msp.o
#        C:\Users\lorrn\Desktop\Tirocinio\STM32H743\RXModeLed\EWARM\LED_V1\Obj\Drivers\STM32H7xx_HAL_Driver\stm32h7xx_hal_pwr.o
#        C:\Users\lorrn\Desktop\Tirocinio\STM32H743\RXModeLed\EWARM\LED_V1\Obj\Drivers\STM32H7xx_HAL_Driver\stm32h7xx_hal_pwr_ex.o
#        C:\Users\lorrn\Desktop\Tirocinio\STM32H743\RXModeLed\EWARM\LED_V1\Obj\Drivers\STM32H7xx_HAL_Driver\stm32h7xx_hal_rcc.o
#        C:\Users\lorrn\Desktop\Tirocinio\STM32H743\RXModeLed\EWARM\LED_V1\Obj\Drivers\STM32H7xx_HAL_Driver\stm32h7xx_hal_rcc_ex.o
#        C:\Users\lorrn\Desktop\Tirocinio\STM32H743\RXModeLed\EWARM\LED_V1\Obj\Drivers\STM32H7xx_HAL_Driver\stm32h7xx_hal_tim.o
#        C:\Users\lorrn\Desktop\Tirocinio\STM32H743\RXModeLed\EWARM\LED_V1\Obj\Drivers\STM32H7xx_HAL_Driver\stm32h7xx_hal_tim_ex.o
#        C:\Users\lorrn\Desktop\Tirocinio\STM32H743\RXModeLed\EWARM\LED_V1\Obj\Drivers\STM32H7xx_HAL_Driver\stm32h7xx_hal_uart.o
#        C:\Users\lorrn\Desktop\Tirocinio\STM32H743\RXModeLed\EWARM\LED_V1\Obj\Drivers\STM32H7xx_HAL_Driver\stm32h7xx_hal_uart_ex.o
#        C:\Users\lorrn\Desktop\Tirocinio\STM32H743\RXModeLed\EWARM\LED_V1\Obj\Application\User\Core\stm32h7xx_it.o
#        C:\Users\lorrn\Desktop\Tirocinio\STM32H743\RXModeLed\EWARM\LED_V1\Obj\Drivers\STM32H7xx_HAL_Driver\stm32h7xx_ll_i2c.o
#        C:\Users\lorrn\Desktop\Tirocinio\STM32H743\RXModeLed\EWARM\LED_V1\Obj\Drivers\STM32H7xx_HAL_Driver\stm32h7xx_ll_usb.o
#        C:\Users\lorrn\Desktop\Tirocinio\STM32H743\RXModeLed\EWARM\LED_V1\Obj\Drivers\CMSIS\system_stm32h7xx.o
#        --no_out_extension -o
#        C:\Users\lorrn\Desktop\Tirocinio\STM32H743\RXModeLed\EWARM\LED_V1\Exe\LED_V1.out
#        --redirect _Printf=_PrintfFullNoMb --redirect _Scanf=_ScanfFullNoMb
#        --map
#        C:\Users\lorrn\Desktop\Tirocinio\STM32H743\RXModeLed\EWARM\LED_V1\List\LED_V1.map
#        --config
#        C:\Users\lorrn\Desktop\Tirocinio\STM32H743\RXModeLed\EWARM/stm32h743xx_flash.icf
#        --semihosting --entry __iar_program_start --vfe --text_out locale)
#
###############################################################################

*******************************************************************************
*** RUNTIME MODEL ATTRIBUTES
***

CppFlavor       = *
__CPP_Runtime   = 1
__SystemLibrary = DLib
__dlib_version  = 6


*******************************************************************************
*** HEAP SELECTION
***

The basic heap was selected because no calls to memory allocation
functions were found in the application outside of system library
functions, and there are calls to deallocation functions in the
application.


*******************************************************************************
*** PLACEMENT SUMMARY
***

"A0":  place at address 0x800'0000 { ro section .intvec };
"P1":  place in [from 0x800'0000 to 0x81f'ffff] { ro };
define block CSTACK with size = 1K, alignment = 8 { };
define block HEAP with size = 512, alignment = 8 { };
"P2":  place in [from 0x2000'0000 to 0x2001'ffff] {
          rw, block CSTACK, block HEAP };
initialize by copy { rw };

  Section            Kind         Address    Size  Object
  -------            ----         -------    ----  ------
"A0":                                       0x298
  .intvec            ro code   0x800'0000   0x298  startup_stm32h743xx.o [1]
                             - 0x800'0298   0x298

"P1":                                      0x8eff
  .text              ro code   0x800'0298  0x1810  stm32h7xx_hal_uart.o [4]
  .text              ro code   0x800'1aa8     0x2  stm32h7xx_hal_uart.o [4]
  .text              ro code   0x800'1aaa     0xa  xsprout.o [5]
  .text              ro code   0x800'1ab4   0x8c6  stm32h7xx_hal_dma.o [4]
  .text              ro code   0x800'237a     0x2  stm32h7xx_hal_uart.o [4]
  .text              ro code   0x800'237c     0x2  stm32h7xx_hal_uart.o [4]
  .text              ro code   0x800'237e     0x2  stm32h7xx_hal_uart_ex.o [4]
  .text              ro code   0x800'2380     0x2  stm32h7xx_hal_uart_ex.o [4]
  .text              ro code   0x800'2382     0x2  stm32h7xx_hal_uart_ex.o [4]
  .text              ro code   0x800'2384   0x4a0  stm32h7xx_hal_rcc_ex.o [4]
  .text              ro code   0x800'2824   0x230  I64DivMod.o [7]
  .text              ro code   0x800'2a54   0x568  stm32h7xx_hal_rcc.o [4]
  .text              ro code   0x800'2fbc     0xc  stm32h7xx_hal.o [4]
  .text              ro code   0x800'2fc8  0x17fc  main.o [2]
  .text              ro code   0x800'47c4     0x2  I64DivZer.o [7]
  .rodata            const     0x800'47c6     0x2  xlocale_c.o [5]
  .text              ro code   0x800'47c8    0x58  stm32h7xx_hal.o [4]
  .text              ro code   0x800'4820    0x74  stm32h7xx_hal.o [4]
  .text              ro code   0x800'4894    0x36  strlen.o [7]
  .rodata            const     0x800'48ca     0x2  xlocale_c.o [5]
  .text              ro code   0x800'48cc    0x40  sprintf.o [5]
  .text              ro code   0x800'490c    0x18  strcpy.o [7]
  .text              ro code   0x800'4924   0x2bc  stm32h7xx_hal_gpio.o [4]
  .text              ro code   0x800'4be0    0x70  strncpy.o [7]
  .text              ro code   0x800'4c50   0x14c  iar_Stoulx.o [5]
  .text              ro code   0x800'4d9c   0x2c0  strto64.o [6]
  .text              ro code   0x800'505c   0x2dc  cos_sin64.o [6]
  .text              ro code   0x800'5338  0x1216  stm32h7xx_hal_i2c.o [4]
  .rodata            const     0x800'654e     0x1  xlocale_c.o [5]
  .text              ro code   0x800'6550    0x28  stm32h7xx_hal.o [4]
  .text              ro code   0x800'6578   0x3b8  stm32h7xx_hal_tim.o [4]
  .text              ro code   0x800'6930    0x66  ABImemset.o [7]
  .text              ro code   0x800'6998    0x58  stm32h7xx_hal_pwr_ex.o [4]
  .text              ro code   0x800'69f0   0x700  stm32h7xx_hal_rcc.o [4]
  .text              ro code   0x800'70f0   0x1f4  stm32h7xx_hal_cortex.o [4]
  .text              ro code   0x800'72e4    0x20  stm32h7xx_hal_msp.o [2]
  .text              ro code   0x800'7304   0xf2e  xprintffull_nomb.o [5]
  .text              ro code   0x800'8232    0x14  isspace.o [5]
  .text              ro code   0x800'8246    0x14  tolower.o [5]
  .text              ro code   0x800'825c    0x58  memchr.o [7]
  .text              ro code   0x800'82b4    0x88  frexp.o [6]
  .text              ro code   0x800'833c   0x104  ldexp.o [6]
  .text              ro code   0x800'8440   0x122  iar_Stopfx.o [5]
  .text              ro code   0x800'8564   0x1b8  iar_Stoflt.o [5]
  .text              ro code   0x800'871c   0x208  iar_Stoxflt.o [5]
  .text              ro code   0x800'8924     0x2  stm32h7xx_hal_i2c.o [4]
  .text              ro code   0x800'8926     0x2  stm32h7xx_hal_i2c.o [4]
  .text              ro code   0x800'8928     0x2  stm32h7xx_hal_i2c.o [4]
  .text              ro code   0x800'892a     0x2  stm32h7xx_hal_i2c.o [4]
  .text              ro code   0x800'892c     0x2  stm32h7xx_hal_i2c.o [4]
  .text              ro code   0x800'892e     0x2  stm32h7xx_hal_i2c.o [4]
  .text              ro code   0x800'8930     0x2  stm32h7xx_hal_i2c.o [4]
  .text              ro code   0x800'8932     0x2  stm32h7xx_hal_i2c.o [4]
  .text              ro code   0x800'8934     0x2  stm32h7xx_hal_i2c.o [4]
  .text              ro code   0x800'8936     0x2  stm32h7xx_hal_i2c.o [4]
  .text              ro code   0x800'8938     0x2  stm32h7xx_hal_tim.o [4]
  .text              ro code   0x800'893a     0x2  stm32h7xx_hal_tim.o [4]
  .text              ro code   0x800'893c     0x2  stm32h7xx_hal_tim.o [4]
  .text              ro code   0x800'893e     0x2  stm32h7xx_hal_tim.o [4]
  .text              ro code   0x800'8940     0x2  stm32h7xx_hal_tim_ex.o [4]
  .text              ro code   0x800'8942     0x2  stm32h7xx_hal_tim_ex.o [4]
  .text              ro code   0x800'8944     0x2  stm32h7xx_hal_tim.o [4]
  .text              ro code   0x800'8946     0x2  stm32h7xx_hal_tim_ex.o [4]
  .text              ro code   0x800'8948    0x16  strchr.o [7]
  .text              ro code   0x800'8960    0x40  xfail_s.o [5]
  .text              ro code   0x800'89a0    0xa6  ABImemcpy.o [7]
  .text              ro code   0x800'8a48    0x34  DblCmpLe.o [6]
  .text              ro code   0x800'8a7c    0x34  DblCmpGe.o [6]
  .text              ro code   0x800'8ab0     0xe  DblToS32.o [6]
  .text              ro code   0x800'8abe     0xe  S32ToDbl.o [6]
  .text              ro code   0x800'8acc    0x12  DblSub.o [6]
  .text              ro code   0x800'8ade    0x12  DblDiv.o [6]
  .text              ro code   0x800'8af0     0xe  DblToU32.o [6]
  .text              ro code   0x800'8afe     0xe  U32ToDbl.o [6]
  .text              ro code   0x800'8b0c    0x12  DblMul.o [6]
  .text              ro code   0x800'8b20    0x4c  xlocale_c.o [5]
  .text              ro code   0x800'8b6c    0x14  isalpha.o [5]
  .text              ro code   0x800'8b80     0x6  abort.o [5]
  .text              ro code   0x800'8b88    0x14  exit.o [8]
  .text              ro code   0x800'8b9c   0x114  system_stm32h7xx.o [3]
  .text              ro code   0x800'8cb0    0x78  lz77_init_single.o [7]
  .rodata            const     0x800'8d28    0x50  iar_Stoulx.o [5]
  .rodata            const     0x800'8d78    0x48  strto64.o [6]
  .text              ro code   0x800'8dc0    0x38  zero_init3.o [7]
  .text              ro code   0x800'8df8    0x28  data_init.o [7]
  .text              ro code   0x800'8e20    0x22  fpinit_M.o [6]
  .iar.init_table    const     0x800'8e44    0x20  - Linker created -
  .text              ro code   0x800'8e64    0x1e  cmain.o [7]
  .text              ro code   0x800'8e82     0x4  low_level_init.o [5]
  .text              ro code   0x800'8e86     0x4  exit.o [5]
  .text              ro code   0x800'8e8c     0xa  cexit.o [7]
  .text              ro code   0x800'8e98    0x1c  cstartup_M.o [7]
  .rodata            const     0x800'8eb4    0x18  stm32h7xx_hal_uart.o [4]
  .text              ro code   0x800'8ecc    0x18  stm32h7xx_hal.o [4]
  .text              ro code   0x800'8ee4    0x18  stm32h7xx_it.o [2]
  .rodata            const     0x800'8efc    0x10  main.o [2]
  .rodata            const     0x800'8f0c    0x10  system_stm32h7xx.o [3]
  .text              ro code   0x800'8f1c    0x10  startup_stm32h743xx.o [1]
  .rodata            const     0x800'8f2c     0xc  main.o [2]
  .rodata            const     0x800'8f38     0x8  main.o [2]
  .text              ro code   0x800'8f40     0x4  startup_stm32h743xx.o [1]
  .text              ro code   0x800'8f44     0x4  startup_stm32h743xx.o [1]
  .text              ro code   0x800'8f48     0x4  startup_stm32h743xx.o [1]
  .text              ro code   0x800'8f4c     0x4  startup_stm32h743xx.o [1]
  .text              ro code   0x800'8f50     0x4  startup_stm32h743xx.o [1]
  .text              ro code   0x800'8f54     0x4  startup_stm32h743xx.o [1]
  .text              ro code   0x800'8f58     0x4  startup_stm32h743xx.o [1]
  .text              ro code   0x800'8f5c     0x4  startup_stm32h743xx.o [1]
  .text              ro code   0x800'8f60     0x4  startup_stm32h743xx.o [1]
  .text              ro code   0x800'8f64     0x4  startup_stm32h743xx.o [1]
  .text              ro code   0x800'8f68     0x4  startup_stm32h743xx.o [1]
  .text              ro code   0x800'8f6c     0x4  startup_stm32h743xx.o [1]
  .text              ro code   0x800'8f70     0x4  startup_stm32h743xx.o [1]
  .text              ro code   0x800'8f74     0x4  startup_stm32h743xx.o [1]
  .text              ro code   0x800'8f78     0x4  startup_stm32h743xx.o [1]
  .text              ro code   0x800'8f7c     0x4  startup_stm32h743xx.o [1]
  .text              ro code   0x800'8f80     0x4  startup_stm32h743xx.o [1]
  .text              ro code   0x800'8f84     0x4  startup_stm32h743xx.o [1]
  .text              ro code   0x800'8f88     0x4  startup_stm32h743xx.o [1]
  .text              ro code   0x800'8f8c     0x4  startup_stm32h743xx.o [1]
  .text              ro code   0x800'8f90     0x4  startup_stm32h743xx.o [1]
  .text              ro code   0x800'8f94     0x4  startup_stm32h743xx.o [1]
  .text              ro code   0x800'8f98     0x4  startup_stm32h743xx.o [1]
  .text              ro code   0x800'8f9c     0x4  startup_stm32h743xx.o [1]
  .text              ro code   0x800'8fa0     0x4  startup_stm32h743xx.o [1]
  .text              ro code   0x800'8fa4     0x4  startup_stm32h743xx.o [1]
  .text              ro code   0x800'8fa8     0x4  startup_stm32h743xx.o [1]
  .text              ro code   0x800'8fac     0x4  startup_stm32h743xx.o [1]
  .text              ro code   0x800'8fb0     0x4  startup_stm32h743xx.o [1]
  .text              ro code   0x800'8fb4     0x4  startup_stm32h743xx.o [1]
  .text              ro code   0x800'8fb8     0x4  startup_stm32h743xx.o [1]
  .text              ro code   0x800'8fbc     0x4  startup_stm32h743xx.o [1]
  .text              ro code   0x800'8fc0     0x4  startup_stm32h743xx.o [1]
  .text              ro code   0x800'8fc4     0x4  startup_stm32h743xx.o [1]
  .text              ro code   0x800'8fc8     0x4  startup_stm32h743xx.o [1]
  .text              ro code   0x800'8fcc     0x4  startup_stm32h743xx.o [1]
  .text              ro code   0x800'8fd0     0x4  startup_stm32h743xx.o [1]
  .text              ro code   0x800'8fd4     0x4  startup_stm32h743xx.o [1]
  .text              ro code   0x800'8fd8     0x4  startup_stm32h743xx.o [1]
  .text              ro code   0x800'8fdc     0x4  startup_stm32h743xx.o [1]
  .text              ro code   0x800'8fe0     0x4  startup_stm32h743xx.o [1]
  .text              ro code   0x800'8fe4     0x4  startup_stm32h743xx.o [1]
  .text              ro code   0x800'8fe8     0x4  startup_stm32h743xx.o [1]
  .text              ro code   0x800'8fec     0x4  startup_stm32h743xx.o [1]
  .text              ro code   0x800'8ff0     0x4  startup_stm32h743xx.o [1]
  .text              ro code   0x800'8ff4     0x4  startup_stm32h743xx.o [1]
  .text              ro code   0x800'8ff8     0x4  startup_stm32h743xx.o [1]
  .text              ro code   0x800'8ffc     0x4  startup_stm32h743xx.o [1]
  .text              ro code   0x800'9000     0x4  startup_stm32h743xx.o [1]
  .text              ro code   0x800'9004     0x4  startup_stm32h743xx.o [1]
  .text              ro code   0x800'9008     0x4  startup_stm32h743xx.o [1]
  .text              ro code   0x800'900c     0x4  startup_stm32h743xx.o [1]
  .text              ro code   0x800'9010     0x4  startup_stm32h743xx.o [1]
  .text              ro code   0x800'9014     0x4  startup_stm32h743xx.o [1]
  .text              ro code   0x800'9018     0x4  startup_stm32h743xx.o [1]
  .text              ro code   0x800'901c     0x4  startup_stm32h743xx.o [1]
  .text              ro code   0x800'9020     0x4  startup_stm32h743xx.o [1]
  .text              ro code   0x800'9024     0x4  startup_stm32h743xx.o [1]
  .text              ro code   0x800'9028     0x4  startup_stm32h743xx.o [1]
  .text              ro code   0x800'902c     0x4  startup_stm32h743xx.o [1]
  .text              ro code   0x800'9030     0x4  startup_stm32h743xx.o [1]
  .text              ro code   0x800'9034     0x4  startup_stm32h743xx.o [1]
  .text              ro code   0x800'9038     0x4  startup_stm32h743xx.o [1]
  .text              ro code   0x800'903c     0x4  startup_stm32h743xx.o [1]
  .text              ro code   0x800'9040     0x4  startup_stm32h743xx.o [1]
  .text              ro code   0x800'9044     0x4  startup_stm32h743xx.o [1]
  .text              ro code   0x800'9048     0x4  startup_stm32h743xx.o [1]
  .text              ro code   0x800'904c     0x4  startup_stm32h743xx.o [1]
  .text              ro code   0x800'9050     0x4  startup_stm32h743xx.o [1]
  .text              ro code   0x800'9054     0x4  startup_stm32h743xx.o [1]
  .text              ro code   0x800'9058     0x4  startup_stm32h743xx.o [1]
  .text              ro code   0x800'905c     0x4  startup_stm32h743xx.o [1]
  .text              ro code   0x800'9060     0x4  startup_stm32h743xx.o [1]
  .text              ro code   0x800'9064     0x4  startup_stm32h743xx.o [1]
  .text              ro code   0x800'9068     0x4  startup_stm32h743xx.o [1]
  .text              ro code   0x800'906c     0x4  startup_stm32h743xx.o [1]
  .text              ro code   0x800'9070     0x4  startup_stm32h743xx.o [1]
  .text              ro code   0x800'9074     0x4  startup_stm32h743xx.o [1]
  .text              ro code   0x800'9078     0x4  startup_stm32h743xx.o [1]
  .text              ro code   0x800'907c     0x4  startup_stm32h743xx.o [1]
  .text              ro code   0x800'9080     0x4  startup_stm32h743xx.o [1]
  .text              ro code   0x800'9084     0x4  startup_stm32h743xx.o [1]
  .text              ro code   0x800'9088     0x4  startup_stm32h743xx.o [1]
  .text              ro code   0x800'908c     0x4  startup_stm32h743xx.o [1]
  .text              ro code   0x800'9090     0x4  startup_stm32h743xx.o [1]
  .text              ro code   0x800'9094     0x4  startup_stm32h743xx.o [1]
  .text              ro code   0x800'9098     0x4  startup_stm32h743xx.o [1]
  .text              ro code   0x800'909c     0x4  startup_stm32h743xx.o [1]
  .text              ro code   0x800'90a0     0x4  startup_stm32h743xx.o [1]
  .text              ro code   0x800'90a4     0x4  startup_stm32h743xx.o [1]
  .text              ro code   0x800'90a8     0x4  startup_stm32h743xx.o [1]
  .text              ro code   0x800'90ac     0x4  startup_stm32h743xx.o [1]
  .text              ro code   0x800'90b0     0x4  startup_stm32h743xx.o [1]
  .text              ro code   0x800'90b4     0x4  startup_stm32h743xx.o [1]
  .text              ro code   0x800'90b8     0x4  startup_stm32h743xx.o [1]
  .text              ro code   0x800'90bc     0x4  startup_stm32h743xx.o [1]
  .text              ro code   0x800'90c0     0x4  startup_stm32h743xx.o [1]
  .text              ro code   0x800'90c4     0x4  startup_stm32h743xx.o [1]
  .text              ro code   0x800'90c8     0x4  startup_stm32h743xx.o [1]
  .text              ro code   0x800'90cc     0x4  startup_stm32h743xx.o [1]
  .text              ro code   0x800'90d0     0x4  startup_stm32h743xx.o [1]
  .text              ro code   0x800'90d4     0x4  startup_stm32h743xx.o [1]
  .text              ro code   0x800'90d8     0x4  startup_stm32h743xx.o [1]
  .text              ro code   0x800'90dc     0x4  startup_stm32h743xx.o [1]
  .text              ro code   0x800'90e0     0x4  startup_stm32h743xx.o [1]
  .text              ro code   0x800'90e4     0x4  startup_stm32h743xx.o [1]
  .text              ro code   0x800'90e8     0x4  startup_stm32h743xx.o [1]
  .text              ro code   0x800'90ec     0x4  startup_stm32h743xx.o [1]
  .text              ro code   0x800'90f0     0x4  startup_stm32h743xx.o [1]
  .text              ro code   0x800'90f4     0x4  startup_stm32h743xx.o [1]
  .text              ro code   0x800'90f8     0x4  startup_stm32h743xx.o [1]
  .text              ro code   0x800'90fc     0x4  startup_stm32h743xx.o [1]
  .text              ro code   0x800'9100     0x4  startup_stm32h743xx.o [1]
  .text              ro code   0x800'9104     0x4  startup_stm32h743xx.o [1]
  .text              ro code   0x800'9108     0x4  startup_stm32h743xx.o [1]
  .text              ro code   0x800'910c     0x4  startup_stm32h743xx.o [1]
  .text              ro code   0x800'9110     0x4  startup_stm32h743xx.o [1]
  .text              ro code   0x800'9114     0x4  startup_stm32h743xx.o [1]
  .text              ro code   0x800'9118     0x4  startup_stm32h743xx.o [1]
  .text              ro code   0x800'911c     0x4  startup_stm32h743xx.o [1]
  .text              ro code   0x800'9120     0x4  startup_stm32h743xx.o [1]
  .text              ro code   0x800'9124     0x4  startup_stm32h743xx.o [1]
  .text              ro code   0x800'9128     0x4  startup_stm32h743xx.o [1]
  .text              ro code   0x800'912c     0x4  startup_stm32h743xx.o [1]
  .text              ro code   0x800'9130     0x4  startup_stm32h743xx.o [1]
  .text              ro code   0x800'9134     0x4  startup_stm32h743xx.o [1]
  .text              ro code   0x800'9138     0x4  startup_stm32h743xx.o [1]
  .text              ro code   0x800'913c     0x4  startup_stm32h743xx.o [1]
  .text              ro code   0x800'9140     0x4  startup_stm32h743xx.o [1]
  .text              ro code   0x800'9144     0x4  startup_stm32h743xx.o [1]
  .text              ro code   0x800'9148     0x4  startup_stm32h743xx.o [1]
  .rodata            const     0x800'914c     0x0  zero_init3.o [7]
  .rodata            const     0x800'914c     0x0  lz77_init_single.o [7]
  Initializer bytes  const     0x800'914c    0x4b  <for P2-1>
                             - 0x800'9197  0x8eff

"P2", part 1 of 3:                           0x99
  P2-1                        0x2000'0000    0x99  <Init block>
    .data            inited   0x2000'0000     0xc  main.o [2]
    .data            inited   0x2000'000c     0x4  stm32h7xx_hal.o [4]
    .data            inited   0x2000'0010     0x4  system_stm32h7xx.o [3]
    .data            inited   0x2000'0014     0x4  system_stm32h7xx.o [3]
    .data            inited   0x2000'0018    0x38  xlocale_c.o [5]
    .data            inited   0x2000'0050    0x48  xlocale_c.o [5]
    .data            inited   0x2000'0098     0x1  stm32h7xx_hal.o [4]
                            - 0x2000'0099    0x99

"P2", part 2 of 3:                          0x670
  .bss               zero     0x2000'009c   0x200  main.o [2]
  .bss               zero     0x2000'029c    0x94  main.o [2]
  .bss               zero     0x2000'0330    0x94  main.o [2]
  .bss               zero     0x2000'03c4    0x80  main.o [2]
  .bss               zero     0x2000'0444    0x80  main.o [2]
  .bss               zero     0x2000'04c4    0x80  main.o [2]
  .bss               zero     0x2000'0544    0x54  main.o [2]
  .bss               zero     0x2000'0598    0x4c  main.o [2]
  .bss               zero     0x2000'05e4    0x4c  main.o [2]
  .bss               zero     0x2000'0630    0x4c  main.o [2]
  .bss               zero     0x2000'067c    0x20  main.o [2]
  .bss               zero     0x2000'069c     0x4  main.o [2]
  .bss               zero     0x2000'06a0     0x4  main.o [2]
  .bss               zero     0x2000'06a4     0x4  main.o [2]
  .bss               zero     0x2000'06a8     0x4  main.o [2]
  .bss               zero     0x2000'06ac     0x4  main.o [2]
  .bss               zero     0x2000'06b0     0x4  main.o [2]
  .bss               zero     0x2000'06b4     0x4  main.o [2]
  .bss               zero     0x2000'06b8     0x4  main.o [2]
  .bss               zero     0x2000'06bc     0x4  main.o [2]
  .bss               zero     0x2000'06c0     0x4  main.o [2]
  .bss               zero     0x2000'06c4     0x4  main.o [2]
  .bss               zero     0x2000'06c8     0x4  main.o [2]
  .bss               zero     0x2000'06cc     0x4  main.o [2]
  .bss               zero     0x2000'06d0     0x4  main.o [2]
  .bss               zero     0x2000'06d4     0x4  main.o [2]
  .bss               zero     0x2000'06d8     0x4  main.o [2]
  .bss               zero     0x2000'06dc     0x4  main.o [2]
  .bss               zero     0x2000'06e0     0x4  main.o [2]
  .bss               zero     0x2000'06e4     0x4  main.o [2]
  .bss               zero     0x2000'06e8     0x4  main.o [2]
  .bss               zero     0x2000'06ec     0x4  main.o [2]
  .bss               zero     0x2000'06f0     0x4  main.o [2]
  .bss               zero     0x2000'06f4     0x4  main.o [2]
  .bss               zero     0x2000'06f8     0x4  main.o [2]
  .bss               zero     0x2000'06fc     0x4  main.o [2]
  .bss               zero     0x2000'0700     0x4  stm32h7xx_hal.o [4]
  .bss               zero     0x2000'0704     0x4  xfail_s.o [5]
  .bss               zero     0x2000'0708     0x1  main.o [2]
                            - 0x2000'0709   0x66d

"P2", part 3 of 3:                          0x400
  CSTACK                      0x2000'0710   0x400  <Block>
    CSTACK           uninit   0x2000'0710   0x400  <Block tail>
                            - 0x2000'0b10   0x400

Unused ranges:

         From           To       Size
         ----           --       ----
   0x800'9197   0x81f'ffff  0x1f'6e69
  0x2000'0099  0x2000'009b        0x3
  0x2000'070c  0x2000'070f        0x4
  0x2000'0b10  0x2001'ffff   0x1'f4f0


*******************************************************************************
*** INIT TABLE
***

          Address      Size
          -------      ----
Zero (__iar_zero_init3)
    1 destination range, total size 0x66d:
          0x2000'009c  0x66d

Copy/lz77 (__iar_lz77_init_single3)
    1 source range, total size 0x4b (49% of destination):
           0x800'914c   0x4b
    1 destination range, total size 0x99:
          0x2000'0000   0x99



*******************************************************************************
*** MODULE SUMMARY
***

    Module                   ro code  ro data  rw data
    ------                   -------  -------  -------
command line/config:
    --------------------------------------------------
    Total:

C:\Users\lorrn\Desktop\Tirocinio\STM32H743\RXModeLed\EWARM\LED_V1\Obj\Application\EWARM: [1]
    startup_stm32h743xx.o      1'204
    --------------------------------------------------
    Total:                     1'204

C:\Users\lorrn\Desktop\Tirocinio\STM32H743\RXModeLed\EWARM\LED_V1\Obj\Application\User\Core: [2]
    main.o                     6'140       41    1'649
    stm32h7xx_hal_msp.o           32
    stm32h7xx_it.o                24
    --------------------------------------------------
    Total:                     6'196       41    1'649

C:\Users\lorrn\Desktop\Tirocinio\STM32H743\RXModeLed\EWARM\LED_V1\Obj\Drivers\CMSIS: [3]
    system_stm32h7xx.o           276       20        8
    --------------------------------------------------
    Total:                       276       20        8

C:\Users\lorrn\Desktop\Tirocinio\STM32H743\RXModeLed\EWARM\LED_V1\Obj\Drivers\STM32H7xx_HAL_Driver: [4]
    stm32h7xx_hal.o              280        3        9
    stm32h7xx_hal_cortex.o       500
    stm32h7xx_hal_dma.o        2'246
    stm32h7xx_hal_gpio.o         700
    stm32h7xx_hal_i2c.o        4'650
    stm32h7xx_hal_pwr_ex.o        88
    stm32h7xx_hal_rcc.o        3'176
    stm32h7xx_hal_rcc_ex.o     1'184
    stm32h7xx_hal_tim.o          962
    stm32h7xx_hal_tim_ex.o         6
    stm32h7xx_hal_uart.o       6'166       24
    stm32h7xx_hal_uart_ex.o        6
    --------------------------------------------------
    Total:                    19'964       27        9

dl7M_tlf.a: [5]
    abort.o                        6
    exit.o                         4
    iar_Stoflt.o                 440
    iar_Stopfx.o                 290
    iar_Stoulx.o                 332       80
    iar_Stoxflt.o                520
    isalpha.o                     20
    isspace.o                     20
    low_level_init.o               4
    sprintf.o                     64
    tolower.o                     20
    xfail_s.o                     64                 4
    xlocale_c.o                   76       68      128
    xprintffull_nomb.o         3'886
    xsprout.o                     10
    --------------------------------------------------
    Total:                     5'756      148      132

m7M_tlv.a: [6]
    DblCmpGe.o                    52
    DblCmpLe.o                    52
    DblDiv.o                      18
    DblMul.o                      18
    DblSub.o                      18
    DblToS32.o                    14
    DblToU32.o                    14
    S32ToDbl.o                    14
    U32ToDbl.o                    14
    cos_sin64.o                  732
    fpinit_M.o                    34
    frexp.o                      136
    ldexp.o                      260
    strto64.o                    704       72
    --------------------------------------------------
    Total:                     2'080       72

rt7M_tl.a: [7]
    ABImemcpy.o                  166
    ABImemset.o                  102
    I64DivMod.o                  560
    I64DivZer.o                    2
    cexit.o                       10
    cmain.o                       30
    cstartup_M.o                  28
    data_init.o                   40
    lz77_init_single.o           120
    memchr.o                      88
    strchr.o                      22
    strcpy.o                      24
    strlen.o                      54
    strncpy.o                    112
    zero_init3.o                  56
    --------------------------------------------------
    Total:                     1'414

shb_l.a: [8]
    exit.o                        20
    --------------------------------------------------
    Total:                        20

    Gaps                          19        2
    Linker created                         32    1'024
------------------------------------------------------
    Grand Total:              36'929      342    2'822


*******************************************************************************
*** ENTRY LIST
***

Entry                       Address   Size  Type      Object
-----                       -------   ----  ----      ------
.iar.init_table$$Base    0x800'8e44          --   Gb  - Linker created -
.iar.init_table$$Limit   0x800'8e64          --   Gb  - Linker created -
?main                    0x800'8e65         Code  Gb  cmain.o [7]
BusFault_Handler         0x800'8eeb    0x2  Code  Gb  stm32h7xx_it.o [2]
CSTACK$$Base            0x2000'0710          --   Gb  - Linker created -
CSTACK$$Limit           0x2000'0b10          --   Gb  - Linker created -
D1CorePrescTable         0x800'8f0c   0x10  Data  Gb  system_stm32h7xx.o [3]
DebugMon_Handler         0x800'8ef1    0x2  Code  Gb  stm32h7xx_it.o [2]
Dtentox                  0x800'4d9d  0x194  Code  Lc  strto64.o [6]
EXTI3_IRQHandler         0x800'3f81    0xa  Code  Gb  main.o [2]
EXTI4_IRQHandler         0x800'3f8b    0xa  Code  Gb  main.o [2]
Error_Handler            0x800'47c1    0x4  Code  Gb  main.o [2]
HAL_DMA_Abort            0x800'1ab5  0x476  Code  Gb  stm32h7xx_hal_dma.o [4]
HAL_DMA_Abort_IT         0x800'1f81  0x38e  Code  Gb  stm32h7xx_hal_dma.o [4]
HAL_DMA_GetState         0x800'2375    0x6  Code  Gb  stm32h7xx_hal_dma.o [4]
HAL_Delay                0x800'6551   0x28  Code  Wk  stm32h7xx_hal.o [4]
HAL_GPIO_EXTI_Callback   0x800'41db   0x6e  Code  Gb  main.o [2]
HAL_GPIO_EXTI_IRQHandler
                         0x800'4b83   0x20  Code  Gb  stm32h7xx_hal_gpio.o [4]
HAL_GPIO_Init            0x800'4925  0x22e  Code  Gb  stm32h7xx_hal_gpio.o [4]
HAL_GPIO_ReadPin         0x800'4b53   0x16  Code  Gb  stm32h7xx_hal_gpio.o [4]
HAL_GPIO_WritePin        0x800'4b69   0x1a  Code  Gb  stm32h7xx_hal_gpio.o [4]
HAL_GetREVID             0x800'4877    0xa  Code  Gb  stm32h7xx_hal.o [4]
HAL_GetTick              0x800'2fbd    0xc  Code  Wk  stm32h7xx_hal.o [4]
HAL_I2C_EV_IRQHandler    0x800'54ad   0x1e  Code  Gb  stm32h7xx_hal_i2c.o [4]
HAL_I2C_Init             0x800'5339   0xcc  Code  Gb  stm32h7xx_hal_i2c.o [4]
HAL_I2C_MasterTxCpltCallback
                         0x800'3f95   0x14  Code  Gb  main.o [2]
HAL_I2C_Master_Transmit_IT
                         0x800'5405   0x9a  Code  Gb  stm32h7xx_hal_i2c.o [4]
HAL_IncTick              0x800'8ecd   0x18  Code  Wk  stm32h7xx_hal.o [4]
HAL_Init                 0x800'4821   0x56  Code  Gb  stm32h7xx_hal.o [4]
HAL_InitTick             0x800'47c9   0x58  Code  Wk  stm32h7xx_hal.o [4]
HAL_MPU_ConfigRegion     0x800'7257   0x58  Code  Gb  stm32h7xx_hal_cortex.o [4]
HAL_MPU_Disable          0x800'7225   0x16  Code  Gb  stm32h7xx_hal_cortex.o [4]
HAL_MPU_Enable           0x800'723b   0x1c  Code  Gb  stm32h7xx_hal_cortex.o [4]
HAL_MspInit              0x800'72e5   0x20  Code  Gb  stm32h7xx_hal_msp.o [2]
HAL_NVIC_EnableIRQ       0x800'720b    0xe  Code  Gb  stm32h7xx_hal_cortex.o [4]
HAL_NVIC_SetPriority     0x800'71e7   0x24  Code  Gb  stm32h7xx_hal_cortex.o [4]
HAL_NVIC_SetPriorityGrouping
                         0x800'71db    0xc  Code  Gb  stm32h7xx_hal_cortex.o [4]
HAL_PWREx_ConfigSupply   0x800'6999   0x50  Code  Gb  stm32h7xx_hal_pwr_ex.o [4]
HAL_RCCEx_GetD3PCLK1Freq
                         0x800'2385   0x1e  Code  Gb  stm32h7xx_hal_rcc_ex.o [4]
HAL_RCCEx_GetPLL2ClockFreq
                         0x800'23a5  0x218  Code  Gb  stm32h7xx_hal_rcc_ex.o [4]
HAL_RCCEx_GetPLL3ClockFreq
                         0x800'25d5  0x218  Code  Gb  stm32h7xx_hal_rcc_ex.o [4]
HAL_RCC_ClockConfig      0x800'2a55  0x290  Code  Gb  stm32h7xx_hal_rcc.o [4]
HAL_RCC_GetHCLKFreq      0x800'2efd   0x36  Code  Gb  stm32h7xx_hal_rcc.o [4]
HAL_RCC_GetPCLK1Freq     0x800'2f33   0x1a  Code  Gb  stm32h7xx_hal_rcc.o [4]
HAL_RCC_GetPCLK2Freq     0x800'2f4d   0x1a  Code  Gb  stm32h7xx_hal_rcc.o [4]
HAL_RCC_GetSysClockFreq
                         0x800'2ce5  0x218  Code  Gb  stm32h7xx_hal_rcc.o [4]
HAL_RCC_OscConfig        0x800'69f1  0x700  Code  Wk  stm32h7xx_hal_rcc.o [4]
HAL_SYSTICK_Config       0x800'7219    0xc  Code  Gb  stm32h7xx_hal_cortex.o [4]
HAL_TIMEx_Break2Callback
                         0x800'8943    0x2  Code  Wk  stm32h7xx_hal_tim_ex.o [4]
HAL_TIMEx_BreakCallback
                         0x800'8941    0x2  Code  Wk  stm32h7xx_hal_tim_ex.o [4]
HAL_TIMEx_CommutCallback
                         0x800'8947    0x2  Code  Wk  stm32h7xx_hal_tim_ex.o [4]
HAL_TIM_Base_Init        0x800'6579   0x7a  Code  Gb  stm32h7xx_hal_tim.o [4]
HAL_TIM_Base_Start_IT    0x800'65f3   0xa2  Code  Gb  stm32h7xx_hal_tim.o [4]
HAL_TIM_IRQHandler       0x800'66b5  0x194  Code  Gb  stm32h7xx_hal_tim.o [4]
HAL_TIM_PeriodElapsedCallback
                         0x800'3fb1  0x22a  Code  Gb  main.o [2]
HAL_UARTEx_RxFifoFullCallback
                         0x800'2383    0x2  Code  Wk  stm32h7xx_hal_uart_ex.o [4]
HAL_UARTEx_TxFifoEmptyCallback
                         0x800'2381    0x2  Code  Wk  stm32h7xx_hal_uart_ex.o [4]
HAL_UARTEx_WakeupCallback
                         0x800'237f    0x2  Code  Wk  stm32h7xx_hal_uart_ex.o [4]
HAL_UART_IRQHandler      0x800'043d  0x46a  Code  Gb  stm32h7xx_hal_uart.o [4]
HAL_UART_Init            0x800'0299   0x7e  Code  Gb  stm32h7xx_hal_uart.o [4]
HAL_UART_Receive_IT      0x800'03cb   0x5e  Code  Gb  stm32h7xx_hal_uart.o [4]
HAL_UART_RxCpltCallback
                         0x800'3de5   0xac  Code  Gb  main.o [2]
HAL_UART_Transmit_IT     0x800'0317   0xb4  Code  Gb  stm32h7xx_hal_uart.o [4]
HAL_UART_TxCpltCallback
                         0x800'3e99   0x94  Code  Gb  main.o [2]
HardFault_Handler        0x800'8ee7    0x2  Code  Gb  stm32h7xx_it.o [2]
I2C1_EV_IRQHandler       0x800'3f75    0xc  Code  Gb  main.o [2]
I2C_DMAAbort             0x800'63d1   0x26  Code  Lc  stm32h7xx_hal_i2c.o [4]
I2C_Disable_IRQ          0x800'64d5   0x7a  Code  Lc  stm32h7xx_hal_i2c.o [4]
I2C_Enable_IRQ           0x800'642f   0x90  Code  Lc  stm32h7xx_hal_i2c.o [4]
I2C_Flush_TXDR           0x800'63a7   0x24  Code  Lc  stm32h7xx_hal_i2c.o [4]
I2C_ITAddrCplt           0x800'5bb9   0xdc  Code  Lc  stm32h7xx_hal_i2c.o [4]
I2C_ITError              0x800'61e5  0x14a  Code  Lc  stm32h7xx_hal_i2c.o [4]
I2C_ITListenCplt         0x800'617b   0x6a  Code  Lc  stm32h7xx_hal_i2c.o [4]
I2C_ITMasterCplt         0x800'5d6f  0x11a  Code  Lc  stm32h7xx_hal_i2c.o [4]
I2C_ITMasterSeqCplt      0x800'5c95   0x5a  Code  Lc  stm32h7xx_hal_i2c.o [4]
I2C_ITSlaveCplt          0x800'5e89  0x2f2  Code  Lc  stm32h7xx_hal_i2c.o [4]
I2C_ITSlaveSeqCplt       0x800'5cef   0x80  Code  Lc  stm32h7xx_hal_i2c.o [4]
I2C_Init                 0x800'467d   0x9a  Code  Gb  main.o [2]
I2C_Master_ISR_DMA       0x800'5799  0x14a  Code  Lc  stm32h7xx_hal_i2c.o [4]
I2C_Master_ISR_IT        0x800'54cd  0x186  Code  Lc  stm32h7xx_hal_i2c.o [4]
I2C_Slave_ISR_DMA        0x800'58e5  0x2ce  Code  Lc  stm32h7xx_hal_i2c.o [4]
I2C_Slave_ISR_IT         0x800'5655  0x144  Code  Lc  stm32h7xx_hal_i2c.o [4]
I2C_TransferConfig       0x800'63fd   0x32  Code  Lc  stm32h7xx_hal_i2c.o [4]
I2C_TreatErrorCallback   0x800'6371   0x36  Code  Lc  stm32h7xx_hal_i2c.o [4]
Init_RovBuf              0x800'3295   0x2e  Code  Gb  main.o [2]
MPU_Config               0x800'442b   0x60  Code  Lc  main.o [2]
MX_GPIO_Init             0x800'42f3  0x138  Code  Lc  main.o [2]
MemManage_Handler        0x800'8ee9    0x2  Code  Gb  stm32h7xx_it.o [2]
NMI_Handler              0x800'8ee5    0x2  Code  Gb  stm32h7xx_it.o [2]
NVIC_EncodePriority      0x800'716b   0x40  Code  Lc  stm32h7xx_hal_cortex.o [4]
PendSV_Handler           0x800'8ef3    0x2  Code  Gb  stm32h7xx_it.o [2]
Region$$Table$$Base      0x800'8e44          --   Gb  - Linker created -
Region$$Table$$Limit     0x800'8e64          --   Gb  - Linker created -
SVC_Handler              0x800'8eef    0x2  Code  Gb  stm32h7xx_it.o [2]
SysTick_Config           0x800'71ab   0x30  Code  Lc  stm32h7xx_hal_cortex.o [4]
SysTick_Handler          0x800'8ef5    0x8  Code  Gb  stm32h7xx_it.o [2]
SystemClock_Config       0x800'4249   0xaa  Code  Gb  main.o [2]
SystemCoreClock         0x2000'0010    0x4  Data  Gb  system_stm32h7xx.o [3]
SystemD2Clock           0x2000'0014    0x4  Data  Gb  system_stm32h7xx.o [3]
SystemInit               0x800'8b9d   0xb6  Code  Gb  system_stm32h7xx.o [3]
TIM2_IRQHandler          0x800'3f49    0xc  Code  Gb  main.o [2]
TIM3_IRQHandler          0x800'3f55    0xc  Code  Gb  main.o [2]
TIM4_IRQHandler          0x800'3f65    0xc  Code  Gb  main.o [2]
TIM_Base_SetConfig       0x800'6849   0xc6  Code  Gb  stm32h7xx_hal_tim.o [4]
Timer_Init               0x800'457d   0xfa  Code  Gb  main.o [2]
TranslateCommand         0x800'3449  0x532  Code  Gb  main.o [2]
TransmitCommand          0x800'3aff   0xac  Code  Gb  main.o [2]
UARTPrescTable           0x800'8eb4   0x18  Data  Gb  stm32h7xx_hal_uart.o [4]
UART_AdvFeatureConfig    0x800'0e81   0xda  Code  Gb  stm32h7xx_hal_uart.o [4]
UART_CheckIdleState      0x800'0f5b   0xd6  Code  Gb  stm32h7xx_hal_uart.o [4]
UART_DMAAbortOnError     0x800'12c5   0x1a  Code  Lc  stm32h7xx_hal_uart.o [4]
UART_EndRxTransfer       0x800'1221   0x60  Code  Lc  stm32h7xx_hal_uart.o [4]
UART_EndTransmit_IT      0x800'149d   0x2c  Code  Lc  stm32h7xx_hal_uart.o [4]
UART_Init                0x800'448b   0xf2  Code  Lc  main.o [2]
UART_RxISR_16BIT         0x800'15bd   0xf0  Code  Lc  stm32h7xx_hal_uart.o [4]
UART_RxISR_16BIT_FIFOEN
                         0x800'18a1  0x1f8  Code  Lc  stm32h7xx_hal_uart.o [4]
UART_RxISR_8BIT          0x800'14cd   0xee  Code  Lc  stm32h7xx_hal_uart.o [4]
UART_RxISR_8BIT_FIFOEN   0x800'16ad  0x1f4  Code  Lc  stm32h7xx_hal_uart.o [4]
UART_SetConfig           0x800'08b9  0x582  Code  Gb  stm32h7xx_hal_uart.o [4]
UART_Start_Receive_IT    0x800'10c7  0x15a  Code  Gb  stm32h7xx_hal_uart.o [4]
UART_TxISR_16BIT         0x800'1337   0x64  Code  Lc  stm32h7xx_hal_uart.o [4]
UART_TxISR_16BIT_FIFOEN
                         0x800'1419   0x84  Code  Lc  stm32h7xx_hal_uart.o [4]
UART_TxISR_8BIT          0x800'12df   0x58  Code  Lc  stm32h7xx_hal_uart.o [4]
UART_TxISR_8BIT_FIFOEN   0x800'139b   0x7e  Code  Lc  stm32h7xx_hal_uart.o [4]
UART_WaitOnFlagUntilTimeout
                         0x800'1031   0x96  Code  Gb  stm32h7xx_hal_uart.o [4]
USART2_IRQHandler        0x800'3f2d    0xc  Code  Gb  main.o [2]
USART3_IRQHandler        0x800'3f39    0xc  Code  Gb  main.o [2]
UsageFault_Handler       0x800'8eed    0x2  Code  Gb  stm32h7xx_it.o [2]
_LitobFullNoMb           0x800'8039  0x10c  Code  Lc  xprintffull_nomb.o [5]
_LocaleC_isalpha         0x800'8b27    0xc  Code  Gb  xlocale_c.o [5]
_LocaleC_islower         0x800'8b21    0x4  Code  Gb  xlocale_c.o [5]
_LocaleC_isspace         0x800'8b3d   0x14  Code  Gb  xlocale_c.o [5]
_LocaleC_isupper         0x800'8b25    0x2  Code  Gb  xlocale_c.o [5]
_LocaleC_tolower         0x800'8b51    0xc  Code  Gb  xlocale_c.o [5]
_Locale_lconv           0x2000'0018   0x38  Data  Lc  xlocale_c.o [5]
_PrintfFullNoMb          0x800'7305  0xd04  Code  Gb  xprintffull_nomb.o [5]
_PutcharFullNoMb         0x800'819d   0x20  Code  Lc  xprintffull_nomb.o [5]
_PutcharsFullNoMb        0x800'81bd   0x2e  Code  Lc  xprintffull_nomb.o [5]
_SProut                  0x800'1aab    0xa  Code  Gb  xsprout.o [5]
__NVIC_EnableIRQ         0x800'7121   0x1e  Code  Lc  stm32h7xx_hal_cortex.o [4]
__NVIC_GetPriorityGrouping
                         0x800'7113    0xc  Code  Lc  stm32h7xx_hal_cortex.o [4]
__NVIC_SetPriority       0x800'713f   0x2c  Code  Lc  stm32h7xx_hal_cortex.o [4]
__NVIC_SetPriorityGrouping
                         0x800'70f1   0x22  Code  Lc  stm32h7xx_hal_cortex.o [4]
__aeabi_cdcmple          0x800'8a49         Code  Gb  DblCmpLe.o [6]
__aeabi_cdrcmple         0x800'8a7d         Code  Gb  DblCmpGe.o [6]
__aeabi_d2iz             0x800'8ab1    0xe  Code  Gb  DblToS32.o [6]
__aeabi_d2uiz            0x800'8af1    0xe  Code  Gb  DblToU32.o [6]
__aeabi_ddiv             0x800'8adf   0x12  Code  Gb  DblDiv.o [6]
__aeabi_dmul             0x800'8b0d   0x12  Code  Gb  DblMul.o [6]
__aeabi_dsub             0x800'8acd   0x12  Code  Gb  DblSub.o [6]
__aeabi_i2d              0x800'8abf    0xe  Code  Gb  S32ToDbl.o [6]
__aeabi_ldiv0            0x800'47c5         Code  Gb  I64DivZer.o [7]
__aeabi_memcpy           0x800'89a1         Code  Gb  ABImemcpy.o [7]
__aeabi_memcpy4          0x800'89c1         Code  Gb  ABImemcpy.o [7]
__aeabi_memcpy8          0x800'89c1         Code  Gb  ABImemcpy.o [7]
__aeabi_memset           0x800'6931         Code  Gb  ABImemset.o [7]
__aeabi_ui2d             0x800'8aff    0xe  Code  Gb  U32ToDbl.o [6]
__aeabi_uldivmod         0x800'2825         Code  Gb  I64DivMod.o [7]
__cmain                  0x800'8e65         Code  Gb  cmain.o [7]
__exit                   0x800'8b89   0x14  Code  Gb  exit.o [8]
__iar_Fail_s             0x800'8961   0x1c  Code  Gb  xfail_s.o [5]
__iar_Memchr             0x800'825d         Code  Gb  memchr.o [7]
__iar_Memset             0x800'6931         Code  Gb  ABImemset.o [7]
__iar_Memset_word        0x800'6939         Code  Gb  ABImemset.o [7]
__iar_Sin64              0x800'505d  0x222  Code  Lc  cos_sin64.o [6]
__iar_Sto64              0x800'4f31   0xec  Code  Gb  strto64.o [6]
__iar_Stoflt             0x800'8565  0x1b8  Code  Gb  iar_Stoflt.o [5]
__iar_Stopfx             0x800'8441  0x122  Code  Gb  iar_Stopfx.o [5]
__iar_Stoulx             0x800'4c51  0x13a  Code  Gb  iar_Stoulx.o [5]
__iar_Stoxflt            0x800'871d  0x1d4  Code  Gb  iar_Stoxflt.o [5]
__iar_Stoxflt::digits    0x800'88f4   0x18  Data  Lc  iar_Stoxflt.o [5]
__iar_Stoxflt::vals      0x800'890c   0x18  Data  Lc  iar_Stoxflt.o [5]
__iar_Strchr             0x800'8949         Code  Gb  strchr.o [7]
__iar_cos64              0x800'5331    0x4  Code  Gb  cos_sin64.o [6]
__iar_cos_medium         0x800'5331    0x4  Code  Gb  cos_sin64.o [6]
__iar_cos_medium64       0x800'5331    0x4  Code  Gb  cos_sin64.o [6]
__iar_cos_mediuml        0x800'5331    0x4  Code  Gb  cos_sin64.o [6]
__iar_data_init3         0x800'8df9   0x28  Code  Gb  data_init.o [7]
__iar_frexp              0x800'82d9         Code  Gb  frexp.o [6]
__iar_frexp64            0x800'82b5         Code  Gb  frexp.o [6]
__iar_frexpl             0x800'82d9         Code  Gb  frexp.o [6]
__iar_globLocale        0x2000'0050   0x48  Data  Lc  xlocale_c.o [5]
__iar_global_Locale      0x800'8b5d    0x4  Code  Gb  xlocale_c.o [5]
__iar_init_vfp           0x800'8e21         Code  Gb  fpinit_M.o [6]
__iar_ldexp64            0x800'8351         Code  Gb  ldexp.o [6]
__iar_lz77_init_single3
                         0x800'8cb1   0x78  Code  Gb  lz77_init_single.o [7]
__iar_program_start      0x800'8e99         Code  Gb  cstartup_M.o [7]
__iar_scalbln64          0x800'8351         Code  Gb  ldexp.o [6]
__iar_scalbn64           0x800'8351         Code  Gb  ldexp.o [6]
__iar_sin64              0x800'5335    0x4  Code  Gb  cos_sin64.o [6]
__iar_sin_medium         0x800'5335    0x4  Code  Gb  cos_sin64.o [6]
__iar_sin_medium64       0x800'5335    0x4  Code  Gb  cos_sin64.o [6]
__iar_sin_mediuml        0x800'5335    0x4  Code  Gb  cos_sin64.o [6]
__iar_softfp___iar_frexp64
                         0x800'82cd         Code  Gb  frexp.o [6]
__iar_softfp___iar_ldexp64
                         0x800'833d         Code  Gb  ldexp.o [6]
__iar_softfp___iar_scalbln64
                         0x800'833d         Code  Gb  ldexp.o [6]
__iar_softfp___iar_scalbn64
                         0x800'833d         Code  Gb  ldexp.o [6]
__iar_softfp_frexp       0x800'82cd         Code  Gb  frexp.o [6]
__iar_softfp_frexpl      0x800'82cd         Code  Gb  frexp.o [6]
__iar_softfp_ldexp       0x800'833d         Code  Gb  ldexp.o [6]
__iar_softfp_ldexpl      0x800'833d         Code  Gb  ldexp.o [6]
__iar_softfp_scalbln     0x800'833d         Code  Gb  ldexp.o [6]
__iar_softfp_scalblnl    0x800'833d         Code  Gb  ldexp.o [6]
__iar_softfp_scalbn      0x800'833d         Code  Gb  ldexp.o [6]
__iar_softfp_scalbnl     0x800'833d         Code  Gb  ldexp.o [6]
__iar_zero_init3         0x800'8dc1   0x38  Code  Gb  zero_init3.o [7]
__low_level_init         0x800'8e83    0x4  Code  Gb  low_level_init.o [5]
__vector_table           0x800'0000         Data  Gb  startup_stm32h743xx.o [1]
_call_main               0x800'8e71         Code  Gb  cmain.o [7]
_exit                    0x800'8e8d         Code  Gb  cexit.o [7]
abort                    0x800'8b81    0x6  Code  Gb  abort.o [5]
angular_rate_rov        0x2000'06d8    0x4  Data  Gb  main.o [2]
atof                     0x800'5055    0x8  Code  Gb  strto64.o [6]
atoi                     0x800'4d91    0x2  Code  Gb  iar_Stoulx.o [5]
bufCheck                0x2000'04c4   0x80  Data  Gb  main.o [2]
bufOutReady             0x2000'06fc    0x4  Data  Gb  main.o [2]
checkCommand             0x800'3bab   0x72  Code  Gb  main.o [2]
checkCommandRov          0x800'32c3  0x184  Code  Gb  main.o [2]
checkRx                 0x2000'06f8    0x4  Data  Gb  main.o [2]
comINbuf                0x2000'03c4   0x80  Data  Gb  main.o [2]
comOUTbuf               0x2000'0444   0x80  Data  Gb  main.o [2]
commandBufOutRov        0x2000'009c  0x200  Data  Gb  main.o [2]
commandReceivedFlag     0x2000'06f4    0x4  Data  Gb  main.o [2]
cos                      0x800'5331    0x4  Code  Gb  cos_sin64.o [6]
cosl                     0x800'5331    0x4  Code  Gb  cos_sin64.o [6]
digits                   0x800'8d50   0x28  Data  Lc  iar_Stoulx.o [5]
direction_rov           0x2000'06dc    0x4  Data  Gb  main.o [2]
errorCommand            0x2000'06ac    0x4  Data  Gb  main.o [2]
errorCommandRover       0x2000'06c8    0x4  Data  Gb  main.o [2]
exit                     0x800'8e87    0x4  Code  Gb  exit.o [5]
frexp                    0x800'82b5         Code  Gb  frexp.o [6]
frexpl                   0x800'82b5         Code  Gb  frexp.o [6]
goBack                   0x800'3c91  0x134  Code  Gb  main.o [2]
hi2c1                   0x2000'0544   0x54  Data  Gb  main.o [2]
htim2                   0x2000'0598   0x4c  Data  Gb  main.o [2]
htim3                   0x2000'05e4   0x4c  Data  Gb  main.o [2]
htim4                   0x2000'0630   0x4c  Data  Gb  main.o [2]
huart2                  0x2000'029c   0x94  Data  Gb  main.o [2]
huart3                  0x2000'0330   0x94  Data  Gb  main.o [2]
impulseCountEngForw     0x2000'06e8    0x4  Data  Gb  main.o [2]
impulseCountEngRight    0x2000'06ec    0x4  Data  Gb  main.o [2]
impulseResetFlag        0x2000'06f0    0x4  Data  Gb  main.o [2]
isalpha                  0x800'8b6d   0x14  Code  Gb  isalpha.o [5]
isspace                  0x800'8233   0x14  Code  Gb  isspace.o [5]
ldexp                    0x800'8351         Code  Gb  ldexp.o [6]
ldexpl                   0x800'8351         Code  Gb  ldexp.o [6]
ledNumber               0x2000'06b0    0x4  Data  Gb  main.o [2]
ledState                0x2000'06c4    0x4  Data  Gb  main.o [2]
localeconv               0x800'8b61    0x4  Code  Gb  xlocale_c.o [5]
main                     0x800'2fc9  0x2cc  Code  Gb  main.o [2]
memchr                   0x800'825d         Code  Gb  memchr.o [7]
messageTransmitted      0x2000'06e4    0x4  Data  Gb  main.o [2]
mode                    0x2000'06b4    0x4  Data  Gb  main.o [2]
moveTick                0x2000'06cc    0x4  Data  Gb  main.o [2]
ndigs                    0x800'8d28   0x28  Data  Lc  iar_Stoulx.o [5]
noReset2                0x2000'06bc    0x4  Data  Gb  main.o [2]
noReset3                0x2000'06c0    0x4  Data  Gb  main.o [2]
numBytesIN              0x2000'069c    0x4  Data  Gb  main.o [2]
numBytesOUT             0x2000'06a0    0x4  Data  Gb  main.o [2]
numBytesTransmitted     0x2000'06a4    0x4  Data  Gb  main.o [2]
pows                     0x800'8d78   0x48  Data  Lc  strto64.o [6]
rover                   0x2000'067c   0x20  Data  Gb  main.o [2]
roverDirection          0x2000'0708    0x1  Data  Gb  main.o [2]
scalbln                  0x800'8351         Code  Gb  ldexp.o [6]
scalblnl                 0x800'8351         Code  Gb  ldexp.o [6]
scalbn                   0x800'8351         Code  Gb  ldexp.o [6]
scalbnl                  0x800'8351         Code  Gb  ldexp.o [6]
scale                    0x800'8145   0x46  Code  Lc  xprintffull_nomb.o [5]
sec_hand                0x2000'0704    0x4  Data  Lc  xfail_s.o [5]
setVelocity              0x800'398d  0x146  Code  Gb  main.o [2]
sin                      0x800'5335    0x4  Code  Gb  cos_sin64.o [6]
sinl                     0x800'5335    0x4  Code  Gb  cos_sin64.o [6]
speedArray              0x2000'0000    0xc  Data  Gb  main.o [2]
speedConvert             0x800'3ad5   0x2a  Code  Gb  main.o [2]
speedRov                0x2000'06d4    0x4  Data  Gb  main.o [2]
sprintf                  0x800'48cd   0x40  Code  Gb  sprintf.o [5]
strchr                   0x800'8949         Code  Gb  strchr.o [7]
strcpy                   0x800'490d         Code  Gb  strcpy.o [7]
strlen                   0x800'4895         Code  Gb  strlen.o [7]
strncpy                  0x800'4be1         Code  Gb  strncpy.o [7]
sysClkSpeed             0x2000'06b8    0x4  Data  Gb  main.o [2]
timeCountRov            0x2000'06e0    0x4  Data  Gb  main.o [2]
timeRov                 0x2000'06d0    0x4  Data  Gb  main.o [2]
timeout                 0x2000'06a8    0x4  Data  Gb  main.o [2]
tolower                  0x800'8247   0x14  Code  Gb  tolower.o [5]
uwTick                  0x2000'0700    0x4  Data  Gb  stm32h7xx_hal.o [4]
uwTickFreq              0x2000'0098    0x1  Data  Gb  stm32h7xx_hal.o [4]
uwTickPrio              0x2000'000c    0x4  Data  Gb  stm32h7xx_hal.o [4]


[1] = C:\Users\lorrn\Desktop\Tirocinio\STM32H743\RXModeLed\EWARM\LED_V1\Obj\Application\EWARM
[2] = C:\Users\lorrn\Desktop\Tirocinio\STM32H743\RXModeLed\EWARM\LED_V1\Obj\Application\User\Core
[3] = C:\Users\lorrn\Desktop\Tirocinio\STM32H743\RXModeLed\EWARM\LED_V1\Obj\Drivers\CMSIS
[4] = C:\Users\lorrn\Desktop\Tirocinio\STM32H743\RXModeLed\EWARM\LED_V1\Obj\Drivers\STM32H7xx_HAL_Driver
[5] = dl7M_tlf.a
[6] = m7M_tlv.a
[7] = rt7M_tl.a
[8] = shb_l.a

  36'929 bytes of readonly  code memory
     342 bytes of readonly  data memory
   2'822 bytes of readwrite data memory

Errors: none
Warnings: none
