###############################################################################
#
# IAR ELF Linker V9.20.4.327/W64 for ARM                  10/Apr/2025  12:04:32
# Copyright 2007-2022 IAR Systems AB.
#
#    Output file  =
#        C:\Users\lorrn\Desktop\Tirocinio\STM32H743\RXModeLed\EWARM\LED_V1\Exe\LED_V1.out
#    Map file     =
#        C:\Users\lorrn\Desktop\Tirocinio\STM32H743\RXModeLed\EWARM\LED_V1\List\LED_V1.map
#    Command line =
#        -f
#        C:\Users\lorrn\Desktop\Tirocinio\STM32H743\RXModeLed\EWARM\LED_V1\Exe\LED_V1.out.rsp
#        (C:\Users\lorrn\Desktop\Tirocinio\STM32H743\RXModeLed\EWARM\LED_V1\Obj\Application\User\Core\main.o
#        C:\Users\lorrn\Desktop\Tirocinio\STM32H743\RXModeLed\EWARM\LED_V1\Obj\Application\EWARM\startup_stm32h743xx.o
#        C:\Users\lorrn\Desktop\Tirocinio\STM32H743\RXModeLed\EWARM\LED_V1\Obj\Drivers\STM32H7xx_HAL_Driver\stm32h7xx_hal.o
#        C:\Users\lorrn\Desktop\Tirocinio\STM32H743\RXModeLed\EWARM\LED_V1\Obj\Drivers\STM32H7xx_HAL_Driver\stm32h7xx_hal_cortex.o
#        C:\Users\lorrn\Desktop\Tirocinio\STM32H743\RXModeLed\EWARM\LED_V1\Obj\Drivers\STM32H7xx_HAL_Driver\stm32h7xx_hal_dma.o
#        C:\Users\lorrn\Desktop\Tirocinio\STM32H743\RXModeLed\EWARM\LED_V1\Obj\Drivers\STM32H7xx_HAL_Driver\stm32h7xx_hal_dma_ex.o
#        C:\Users\lorrn\Desktop\Tirocinio\STM32H743\RXModeLed\EWARM\LED_V1\Obj\Drivers\STM32H7xx_HAL_Driver\stm32h7xx_hal_exti.o
#        C:\Users\lorrn\Desktop\Tirocinio\STM32H743\RXModeLed\EWARM\LED_V1\Obj\Drivers\STM32H7xx_HAL_Driver\stm32h7xx_hal_flash.o
#        C:\Users\lorrn\Desktop\Tirocinio\STM32H743\RXModeLed\EWARM\LED_V1\Obj\Drivers\STM32H7xx_HAL_Driver\stm32h7xx_hal_flash_ex.o
#        C:\Users\lorrn\Desktop\Tirocinio\STM32H743\RXModeLed\EWARM\LED_V1\Obj\Drivers\STM32H7xx_HAL_Driver\stm32h7xx_hal_gpio.o
#        C:\Users\lorrn\Desktop\Tirocinio\STM32H743\RXModeLed\EWARM\LED_V1\Obj\Drivers\STM32H7xx_HAL_Driver\stm32h7xx_hal_hsem.o
#        C:\Users\lorrn\Desktop\Tirocinio\STM32H743\RXModeLed\EWARM\LED_V1\Obj\Drivers\STM32H7xx_HAL_Driver\stm32h7xx_hal_i2c.o
#        C:\Users\lorrn\Desktop\Tirocinio\STM32H743\RXModeLed\EWARM\LED_V1\Obj\Drivers\STM32H7xx_HAL_Driver\stm32h7xx_hal_i2c_ex.o
#        C:\Users\lorrn\Desktop\Tirocinio\STM32H743\RXModeLed\EWARM\LED_V1\Obj\Drivers\STM32H7xx_HAL_Driver\stm32h7xx_hal_mdma.o
#        C:\Users\lorrn\Desktop\Tirocinio\STM32H743\RXModeLed\EWARM\LED_V1\Obj\Application\User\Core\stm32h7xx_hal_msp.o
#        C:\Users\lorrn\Desktop\Tirocinio\STM32H743\RXModeLed\EWARM\LED_V1\Obj\Drivers\STM32H7xx_HAL_Driver\stm32h7xx_hal_pwr.o
#        C:\Users\lorrn\Desktop\Tirocinio\STM32H743\RXModeLed\EWARM\LED_V1\Obj\Drivers\STM32H7xx_HAL_Driver\stm32h7xx_hal_pwr_ex.o
#        C:\Users\lorrn\Desktop\Tirocinio\STM32H743\RXModeLed\EWARM\LED_V1\Obj\Drivers\STM32H7xx_HAL_Driver\stm32h7xx_hal_rcc.o
#        C:\Users\lorrn\Desktop\Tirocinio\STM32H743\RXModeLed\EWARM\LED_V1\Obj\Drivers\STM32H7xx_HAL_Driver\stm32h7xx_hal_rcc_ex.o
#        C:\Users\lorrn\Desktop\Tirocinio\STM32H743\RXModeLed\EWARM\LED_V1\Obj\Drivers\STM32H7xx_HAL_Driver\stm32h7xx_hal_tim.o
#        C:\Users\lorrn\Desktop\Tirocinio\STM32H743\RXModeLed\EWARM\LED_V1\Obj\Drivers\STM32H7xx_HAL_Driver\stm32h7xx_hal_tim_ex.o
#        C:\Users\lorrn\Desktop\Tirocinio\STM32H743\RXModeLed\EWARM\LED_V1\Obj\Drivers\STM32H7xx_HAL_Driver\stm32h7xx_hal_uart.o
#        C:\Users\lorrn\Desktop\Tirocinio\STM32H743\RXModeLed\EWARM\LED_V1\Obj\Drivers\STM32H7xx_HAL_Driver\stm32h7xx_hal_uart_ex.o
#        C:\Users\lorrn\Desktop\Tirocinio\STM32H743\RXModeLed\EWARM\LED_V1\Obj\Application\User\Core\stm32h7xx_it.o
#        C:\Users\lorrn\Desktop\Tirocinio\STM32H743\RXModeLed\EWARM\LED_V1\Obj\Drivers\STM32H7xx_HAL_Driver\stm32h7xx_ll_i2c.o
#        C:\Users\lorrn\Desktop\Tirocinio\STM32H743\RXModeLed\EWARM\LED_V1\Obj\Drivers\STM32H7xx_HAL_Driver\stm32h7xx_ll_usb.o
#        C:\Users\lorrn\Desktop\Tirocinio\STM32H743\RXModeLed\EWARM\LED_V1\Obj\Drivers\CMSIS\system_stm32h7xx.o
#        --no_out_extension -o
#        C:\Users\lorrn\Desktop\Tirocinio\STM32H743\RXModeLed\EWARM\LED_V1\Exe\LED_V1.out
#        --redirect _Printf=_PrintfFullNoMb --redirect _Scanf=_ScanfFullNoMb
#        --map
#        C:\Users\lorrn\Desktop\Tirocinio\STM32H743\RXModeLed\EWARM\LED_V1\List\LED_V1.map
#        --config
#        C:\Users\lorrn\Desktop\Tirocinio\STM32H743\RXModeLed\EWARM/stm32h743xx_flash.icf
#        --semihosting --entry __iar_program_start --vfe --text_out locale)
#
###############################################################################

*******************************************************************************
*** RUNTIME MODEL ATTRIBUTES
***

CppFlavor       = *
__CPP_Runtime   = 1
__SystemLibrary = DLib
__dlib_version  = 6


*******************************************************************************
*** HEAP SELECTION
***

The basic heap was selected because no calls to memory allocation
functions were found in the application outside of system library
functions, and there are calls to deallocation functions in the
application.


*******************************************************************************
*** PLACEMENT SUMMARY
***

"A0":  place at address 0x800'0000 { ro section .intvec };
"P1":  place in [from 0x800'0000 to 0x81f'ffff] { ro };
define block CSTACK with size = 1K, alignment = 8 { };
define block HEAP with size = 512, alignment = 8 { };
"P2":  place in [from 0x2000'0000 to 0x2001'ffff] {
          rw, block CSTACK, block HEAP };
initialize by copy { rw };

  Section            Kind         Address    Size  Object
  -------            ----         -------    ----  ------
"A0":                                       0x298
  .intvec            ro code   0x800'0000   0x298  startup_stm32h743xx.o [1]
                             - 0x800'0298   0x298

"P1":                                      0x8f4b
  .text              ro code   0x800'0298  0x1848  main.o [2]
  .text              ro code   0x800'1ae0    0x74  stm32h7xx_hal.o [4]
  .text              ro code   0x800'1b54   0x568  stm32h7xx_hal_rcc.o [4]
  .text              ro code   0x800'20bc  0x1810  stm32h7xx_hal_uart.o [4]
  .text              ro code   0x800'38cc    0x36  strlen.o [7]
  .text              ro code   0x800'3902     0xa  xsprout.o [5]
  .text              ro code   0x800'390c    0x40  sprintf.o [5]
  .text              ro code   0x800'394c    0x18  strcpy.o [7]
  .text              ro code   0x800'3964   0x2bc  stm32h7xx_hal_gpio.o [4]
  .text              ro code   0x800'3c20    0x70  strncpy.o [7]
  .text              ro code   0x800'3c90   0x14c  iar_Stoulx.o [5]
  .text              ro code   0x800'3ddc   0x2c0  strto64.o [6]
  .text              ro code   0x800'409c   0x2dc  cos_sin64.o [6]
  .text              ro code   0x800'4378  0x1216  stm32h7xx_hal_i2c.o [4]
  .rodata            const     0x800'558e     0x2  xlocale_c.o [5]
  .text              ro code   0x800'5590    0x28  stm32h7xx_hal.o [4]
  .text              ro code   0x800'55b8   0x3b8  stm32h7xx_hal_tim.o [4]
  .text              ro code   0x800'5970    0x66  ABImemset.o [7]
  .rodata            const     0x800'59d6     0x2  xlocale_c.o [5]
  .text              ro code   0x800'59d8    0x58  stm32h7xx_hal_pwr_ex.o [4]
  .text              ro code   0x800'5a30   0x700  stm32h7xx_hal_rcc.o [4]
  .text              ro code   0x800'6130   0x1f4  stm32h7xx_hal_cortex.o [4]
  .text              ro code   0x800'6324    0x58  stm32h7xx_hal.o [4]
  .text              ro code   0x800'637c    0x20  stm32h7xx_hal_msp.o [2]
  .text              ro code   0x800'639c     0xc  stm32h7xx_hal.o [4]
  .text              ro code   0x800'63a8     0x2  stm32h7xx_hal_uart.o [4]
  .rodata            const     0x800'63aa     0x1  xlocale_c.o [5]
  .text              ro code   0x800'63ac   0x8c6  stm32h7xx_hal_dma.o [4]
  .text              ro code   0x800'6c72     0x2  stm32h7xx_hal_uart.o [4]
  .text              ro code   0x800'6c74     0x2  stm32h7xx_hal_uart.o [4]
  .text              ro code   0x800'6c76     0x2  stm32h7xx_hal_uart_ex.o [4]
  .text              ro code   0x800'6c78     0x2  stm32h7xx_hal_uart_ex.o [4]
  .text              ro code   0x800'6c7a     0x2  stm32h7xx_hal_uart_ex.o [4]
  .text              ro code   0x800'6c7c   0x4a0  stm32h7xx_hal_rcc_ex.o [4]
  .text              ro code   0x800'711c   0x230  I64DivMod.o [7]
  .text              ro code   0x800'734c   0xf2e  xprintffull_nomb.o [5]
  .text              ro code   0x800'827a    0x14  isspace.o [5]
  .text              ro code   0x800'828e    0x14  tolower.o [5]
  .text              ro code   0x800'82a4    0x58  memchr.o [7]
  .text              ro code   0x800'82fc    0x88  frexp.o [6]
  .text              ro code   0x800'8384   0x104  ldexp.o [6]
  .text              ro code   0x800'8488   0x122  iar_Stopfx.o [5]
  .text              ro code   0x800'85ac   0x1b8  iar_Stoflt.o [5]
  .text              ro code   0x800'8764   0x208  iar_Stoxflt.o [5]
  .text              ro code   0x800'896c     0x2  stm32h7xx_hal_i2c.o [4]
  .text              ro code   0x800'896e     0x2  stm32h7xx_hal_i2c.o [4]
  .text              ro code   0x800'8970     0x2  stm32h7xx_hal_i2c.o [4]
  .text              ro code   0x800'8972     0x2  stm32h7xx_hal_i2c.o [4]
  .text              ro code   0x800'8974     0x2  stm32h7xx_hal_i2c.o [4]
  .text              ro code   0x800'8976     0x2  stm32h7xx_hal_i2c.o [4]
  .text              ro code   0x800'8978     0x2  stm32h7xx_hal_i2c.o [4]
  .text              ro code   0x800'897a     0x2  stm32h7xx_hal_i2c.o [4]
  .text              ro code   0x800'897c     0x2  stm32h7xx_hal_i2c.o [4]
  .text              ro code   0x800'897e     0x2  stm32h7xx_hal_i2c.o [4]
  .text              ro code   0x800'8980     0x2  stm32h7xx_hal_tim.o [4]
  .text              ro code   0x800'8982     0x2  stm32h7xx_hal_tim.o [4]
  .text              ro code   0x800'8984     0x2  stm32h7xx_hal_tim.o [4]
  .text              ro code   0x800'8986     0x2  stm32h7xx_hal_tim.o [4]
  .text              ro code   0x800'8988     0x2  stm32h7xx_hal_tim_ex.o [4]
  .text              ro code   0x800'898a     0x2  stm32h7xx_hal_tim_ex.o [4]
  .text              ro code   0x800'898c     0x2  stm32h7xx_hal_tim.o [4]
  .text              ro code   0x800'898e     0x2  stm32h7xx_hal_tim_ex.o [4]
  .text              ro code   0x800'8990     0x2  I64DivZer.o [7]
  .text              ro code   0x800'8994    0x16  strchr.o [7]
  .text              ro code   0x800'89ac    0x40  xfail_s.o [5]
  .text              ro code   0x800'89ec    0xa6  ABImemcpy.o [7]
  .text              ro code   0x800'8a94    0x34  DblCmpLe.o [6]
  .text              ro code   0x800'8ac8    0x34  DblCmpGe.o [6]
  .text              ro code   0x800'8afc     0xe  DblToS32.o [6]
  .text              ro code   0x800'8b0a     0xe  S32ToDbl.o [6]
  .text              ro code   0x800'8b18    0x12  DblSub.o [6]
  .text              ro code   0x800'8b2a    0x12  DblDiv.o [6]
  .text              ro code   0x800'8b3c     0xe  DblToU32.o [6]
  .text              ro code   0x800'8b4a     0xe  U32ToDbl.o [6]
  .text              ro code   0x800'8b58    0x12  DblMul.o [6]
  .text              ro code   0x800'8b6c    0x4c  xlocale_c.o [5]
  .text              ro code   0x800'8bb8    0x14  isalpha.o [5]
  .text              ro code   0x800'8bcc     0x6  abort.o [5]
  .text              ro code   0x800'8bd4    0x14  exit.o [8]
  .text              ro code   0x800'8be8   0x114  system_stm32h7xx.o [3]
  .text              ro code   0x800'8cfc    0x78  lz77_init_single.o [7]
  .rodata            const     0x800'8d74    0x50  iar_Stoulx.o [5]
  .rodata            const     0x800'8dc4     0xc  main.o [2]
  .rodata            const     0x800'8dd0    0x48  strto64.o [6]
  .text              ro code   0x800'8e18    0x38  zero_init3.o [7]
  .text              ro code   0x800'8e50    0x28  data_init.o [7]
  .text              ro code   0x800'8e78    0x22  fpinit_M.o [6]
  .iar.init_table    const     0x800'8e9c    0x20  - Linker created -
  .text              ro code   0x800'8ebc    0x1e  cmain.o [7]
  .text              ro code   0x800'8eda     0x4  low_level_init.o [5]
  .text              ro code   0x800'8ede     0x4  exit.o [5]
  .text              ro code   0x800'8ee4     0xa  cexit.o [7]
  .text              ro code   0x800'8ef0    0x1c  cstartup_M.o [7]
  .rodata            const     0x800'8f0c    0x18  stm32h7xx_hal_uart.o [4]
  .text              ro code   0x800'8f24    0x18  stm32h7xx_hal.o [4]
  .text              ro code   0x800'8f3c    0x18  stm32h7xx_it.o [2]
  .rodata            const     0x800'8f54    0x10  main.o [2]
  .rodata            const     0x800'8f64    0x10  system_stm32h7xx.o [3]
  .text              ro code   0x800'8f74    0x10  startup_stm32h743xx.o [1]
  .rodata            const     0x800'8f84     0x8  main.o [2]
  .text              ro code   0x800'8f8c     0x4  startup_stm32h743xx.o [1]
  .text              ro code   0x800'8f90     0x4  startup_stm32h743xx.o [1]
  .text              ro code   0x800'8f94     0x4  startup_stm32h743xx.o [1]
  .text              ro code   0x800'8f98     0x4  startup_stm32h743xx.o [1]
  .text              ro code   0x800'8f9c     0x4  startup_stm32h743xx.o [1]
  .text              ro code   0x800'8fa0     0x4  startup_stm32h743xx.o [1]
  .text              ro code   0x800'8fa4     0x4  startup_stm32h743xx.o [1]
  .text              ro code   0x800'8fa8     0x4  startup_stm32h743xx.o [1]
  .text              ro code   0x800'8fac     0x4  startup_stm32h743xx.o [1]
  .text              ro code   0x800'8fb0     0x4  startup_stm32h743xx.o [1]
  .text              ro code   0x800'8fb4     0x4  startup_stm32h743xx.o [1]
  .text              ro code   0x800'8fb8     0x4  startup_stm32h743xx.o [1]
  .text              ro code   0x800'8fbc     0x4  startup_stm32h743xx.o [1]
  .text              ro code   0x800'8fc0     0x4  startup_stm32h743xx.o [1]
  .text              ro code   0x800'8fc4     0x4  startup_stm32h743xx.o [1]
  .text              ro code   0x800'8fc8     0x4  startup_stm32h743xx.o [1]
  .text              ro code   0x800'8fcc     0x4  startup_stm32h743xx.o [1]
  .text              ro code   0x800'8fd0     0x4  startup_stm32h743xx.o [1]
  .text              ro code   0x800'8fd4     0x4  startup_stm32h743xx.o [1]
  .text              ro code   0x800'8fd8     0x4  startup_stm32h743xx.o [1]
  .text              ro code   0x800'8fdc     0x4  startup_stm32h743xx.o [1]
  .text              ro code   0x800'8fe0     0x4  startup_stm32h743xx.o [1]
  .text              ro code   0x800'8fe4     0x4  startup_stm32h743xx.o [1]
  .text              ro code   0x800'8fe8     0x4  startup_stm32h743xx.o [1]
  .text              ro code   0x800'8fec     0x4  startup_stm32h743xx.o [1]
  .text              ro code   0x800'8ff0     0x4  startup_stm32h743xx.o [1]
  .text              ro code   0x800'8ff4     0x4  startup_stm32h743xx.o [1]
  .text              ro code   0x800'8ff8     0x4  startup_stm32h743xx.o [1]
  .text              ro code   0x800'8ffc     0x4  startup_stm32h743xx.o [1]
  .text              ro code   0x800'9000     0x4  startup_stm32h743xx.o [1]
  .text              ro code   0x800'9004     0x4  startup_stm32h743xx.o [1]
  .text              ro code   0x800'9008     0x4  startup_stm32h743xx.o [1]
  .text              ro code   0x800'900c     0x4  startup_stm32h743xx.o [1]
  .text              ro code   0x800'9010     0x4  startup_stm32h743xx.o [1]
  .text              ro code   0x800'9014     0x4  startup_stm32h743xx.o [1]
  .text              ro code   0x800'9018     0x4  startup_stm32h743xx.o [1]
  .text              ro code   0x800'901c     0x4  startup_stm32h743xx.o [1]
  .text              ro code   0x800'9020     0x4  startup_stm32h743xx.o [1]
  .text              ro code   0x800'9024     0x4  startup_stm32h743xx.o [1]
  .text              ro code   0x800'9028     0x4  startup_stm32h743xx.o [1]
  .text              ro code   0x800'902c     0x4  startup_stm32h743xx.o [1]
  .text              ro code   0x800'9030     0x4  startup_stm32h743xx.o [1]
  .text              ro code   0x800'9034     0x4  startup_stm32h743xx.o [1]
  .text              ro code   0x800'9038     0x4  startup_stm32h743xx.o [1]
  .text              ro code   0x800'903c     0x4  startup_stm32h743xx.o [1]
  .text              ro code   0x800'9040     0x4  startup_stm32h743xx.o [1]
  .text              ro code   0x800'9044     0x4  startup_stm32h743xx.o [1]
  .text              ro code   0x800'9048     0x4  startup_stm32h743xx.o [1]
  .text              ro code   0x800'904c     0x4  startup_stm32h743xx.o [1]
  .text              ro code   0x800'9050     0x4  startup_stm32h743xx.o [1]
  .text              ro code   0x800'9054     0x4  startup_stm32h743xx.o [1]
  .text              ro code   0x800'9058     0x4  startup_stm32h743xx.o [1]
  .text              ro code   0x800'905c     0x4  startup_stm32h743xx.o [1]
  .text              ro code   0x800'9060     0x4  startup_stm32h743xx.o [1]
  .text              ro code   0x800'9064     0x4  startup_stm32h743xx.o [1]
  .text              ro code   0x800'9068     0x4  startup_stm32h743xx.o [1]
  .text              ro code   0x800'906c     0x4  startup_stm32h743xx.o [1]
  .text              ro code   0x800'9070     0x4  startup_stm32h743xx.o [1]
  .text              ro code   0x800'9074     0x4  startup_stm32h743xx.o [1]
  .text              ro code   0x800'9078     0x4  startup_stm32h743xx.o [1]
  .text              ro code   0x800'907c     0x4  startup_stm32h743xx.o [1]
  .text              ro code   0x800'9080     0x4  startup_stm32h743xx.o [1]
  .text              ro code   0x800'9084     0x4  startup_stm32h743xx.o [1]
  .text              ro code   0x800'9088     0x4  startup_stm32h743xx.o [1]
  .text              ro code   0x800'908c     0x4  startup_stm32h743xx.o [1]
  .text              ro code   0x800'9090     0x4  startup_stm32h743xx.o [1]
  .text              ro code   0x800'9094     0x4  startup_stm32h743xx.o [1]
  .text              ro code   0x800'9098     0x4  startup_stm32h743xx.o [1]
  .text              ro code   0x800'909c     0x4  startup_stm32h743xx.o [1]
  .text              ro code   0x800'90a0     0x4  startup_stm32h743xx.o [1]
  .text              ro code   0x800'90a4     0x4  startup_stm32h743xx.o [1]
  .text              ro code   0x800'90a8     0x4  startup_stm32h743xx.o [1]
  .text              ro code   0x800'90ac     0x4  startup_stm32h743xx.o [1]
  .text              ro code   0x800'90b0     0x4  startup_stm32h743xx.o [1]
  .text              ro code   0x800'90b4     0x4  startup_stm32h743xx.o [1]
  .text              ro code   0x800'90b8     0x4  startup_stm32h743xx.o [1]
  .text              ro code   0x800'90bc     0x4  startup_stm32h743xx.o [1]
  .text              ro code   0x800'90c0     0x4  startup_stm32h743xx.o [1]
  .text              ro code   0x800'90c4     0x4  startup_stm32h743xx.o [1]
  .text              ro code   0x800'90c8     0x4  startup_stm32h743xx.o [1]
  .text              ro code   0x800'90cc     0x4  startup_stm32h743xx.o [1]
  .text              ro code   0x800'90d0     0x4  startup_stm32h743xx.o [1]
  .text              ro code   0x800'90d4     0x4  startup_stm32h743xx.o [1]
  .text              ro code   0x800'90d8     0x4  startup_stm32h743xx.o [1]
  .text              ro code   0x800'90dc     0x4  startup_stm32h743xx.o [1]
  .text              ro code   0x800'90e0     0x4  startup_stm32h743xx.o [1]
  .text              ro code   0x800'90e4     0x4  startup_stm32h743xx.o [1]
  .text              ro code   0x800'90e8     0x4  startup_stm32h743xx.o [1]
  .text              ro code   0x800'90ec     0x4  startup_stm32h743xx.o [1]
  .text              ro code   0x800'90f0     0x4  startup_stm32h743xx.o [1]
  .text              ro code   0x800'90f4     0x4  startup_stm32h743xx.o [1]
  .text              ro code   0x800'90f8     0x4  startup_stm32h743xx.o [1]
  .text              ro code   0x800'90fc     0x4  startup_stm32h743xx.o [1]
  .text              ro code   0x800'9100     0x4  startup_stm32h743xx.o [1]
  .text              ro code   0x800'9104     0x4  startup_stm32h743xx.o [1]
  .text              ro code   0x800'9108     0x4  startup_stm32h743xx.o [1]
  .text              ro code   0x800'910c     0x4  startup_stm32h743xx.o [1]
  .text              ro code   0x800'9110     0x4  startup_stm32h743xx.o [1]
  .text              ro code   0x800'9114     0x4  startup_stm32h743xx.o [1]
  .text              ro code   0x800'9118     0x4  startup_stm32h743xx.o [1]
  .text              ro code   0x800'911c     0x4  startup_stm32h743xx.o [1]
  .text              ro code   0x800'9120     0x4  startup_stm32h743xx.o [1]
  .text              ro code   0x800'9124     0x4  startup_stm32h743xx.o [1]
  .text              ro code   0x800'9128     0x4  startup_stm32h743xx.o [1]
  .text              ro code   0x800'912c     0x4  startup_stm32h743xx.o [1]
  .text              ro code   0x800'9130     0x4  startup_stm32h743xx.o [1]
  .text              ro code   0x800'9134     0x4  startup_stm32h743xx.o [1]
  .text              ro code   0x800'9138     0x4  startup_stm32h743xx.o [1]
  .text              ro code   0x800'913c     0x4  startup_stm32h743xx.o [1]
  .text              ro code   0x800'9140     0x4  startup_stm32h743xx.o [1]
  .text              ro code   0x800'9144     0x4  startup_stm32h743xx.o [1]
  .text              ro code   0x800'9148     0x4  startup_stm32h743xx.o [1]
  .text              ro code   0x800'914c     0x4  startup_stm32h743xx.o [1]
  .text              ro code   0x800'9150     0x4  startup_stm32h743xx.o [1]
  .text              ro code   0x800'9154     0x4  startup_stm32h743xx.o [1]
  .text              ro code   0x800'9158     0x4  startup_stm32h743xx.o [1]
  .text              ro code   0x800'915c     0x4  startup_stm32h743xx.o [1]
  .text              ro code   0x800'9160     0x4  startup_stm32h743xx.o [1]
  .text              ro code   0x800'9164     0x4  startup_stm32h743xx.o [1]
  .text              ro code   0x800'9168     0x4  startup_stm32h743xx.o [1]
  .text              ro code   0x800'916c     0x4  startup_stm32h743xx.o [1]
  .text              ro code   0x800'9170     0x4  startup_stm32h743xx.o [1]
  .text              ro code   0x800'9174     0x4  startup_stm32h743xx.o [1]
  .text              ro code   0x800'9178     0x4  startup_stm32h743xx.o [1]
  .text              ro code   0x800'917c     0x4  startup_stm32h743xx.o [1]
  .text              ro code   0x800'9180     0x4  startup_stm32h743xx.o [1]
  .text              ro code   0x800'9184     0x4  startup_stm32h743xx.o [1]
  .text              ro code   0x800'9188     0x4  startup_stm32h743xx.o [1]
  .text              ro code   0x800'918c     0x4  startup_stm32h743xx.o [1]
  .text              ro code   0x800'9190     0x4  startup_stm32h743xx.o [1]
  .text              ro code   0x800'9194     0x4  startup_stm32h743xx.o [1]
  .rodata            const     0x800'9198     0x0  zero_init3.o [7]
  .rodata            const     0x800'9198     0x0  lz77_init_single.o [7]
  Initializer bytes  const     0x800'9198    0x4b  <for P2-1>
                             - 0x800'91e3  0x8f4b

"P2", part 1 of 3:                           0x99
  P2-1                        0x2000'0000    0x99  <Init block>
    .data            inited   0x2000'0000     0xc  main.o [2]
    .data            inited   0x2000'000c     0x4  stm32h7xx_hal.o [4]
    .data            inited   0x2000'0010     0x4  system_stm32h7xx.o [3]
    .data            inited   0x2000'0014     0x4  system_stm32h7xx.o [3]
    .data            inited   0x2000'0018    0x38  xlocale_c.o [5]
    .data            inited   0x2000'0050    0x48  xlocale_c.o [5]
    .data            inited   0x2000'0098     0x1  stm32h7xx_hal.o [4]
                            - 0x2000'0099    0x99

"P2", part 2 of 3:                          0x674
  .bss               zero     0x2000'009c   0x200  main.o [2]
  .bss               zero     0x2000'029c    0x94  main.o [2]
  .bss               zero     0x2000'0330    0x94  main.o [2]
  .bss               zero     0x2000'03c4    0x80  main.o [2]
  .bss               zero     0x2000'0444    0x80  main.o [2]
  .bss               zero     0x2000'04c4    0x80  main.o [2]
  .bss               zero     0x2000'0544    0x54  main.o [2]
  .bss               zero     0x2000'0598    0x4c  main.o [2]
  .bss               zero     0x2000'05e4    0x4c  main.o [2]
  .bss               zero     0x2000'0630    0x4c  main.o [2]
  .bss               zero     0x2000'067c    0x20  main.o [2]
  .bss               zero     0x2000'069c     0x4  main.o [2]
  .bss               zero     0x2000'06a0     0x4  main.o [2]
  .bss               zero     0x2000'06a4     0x4  main.o [2]
  .bss               zero     0x2000'06a8     0x4  main.o [2]
  .bss               zero     0x2000'06ac     0x4  main.o [2]
  .bss               zero     0x2000'06b0     0x4  main.o [2]
  .bss               zero     0x2000'06b4     0x4  main.o [2]
  .bss               zero     0x2000'06b8     0x4  main.o [2]
  .bss               zero     0x2000'06bc     0x4  main.o [2]
  .bss               zero     0x2000'06c0     0x4  main.o [2]
  .bss               zero     0x2000'06c4     0x4  main.o [2]
  .bss               zero     0x2000'06c8     0x4  main.o [2]
  .bss               zero     0x2000'06cc     0x4  main.o [2]
  .bss               zero     0x2000'06d0     0x4  main.o [2]
  .bss               zero     0x2000'06d4     0x4  main.o [2]
  .bss               zero     0x2000'06d8     0x4  main.o [2]
  .bss               zero     0x2000'06dc     0x4  main.o [2]
  .bss               zero     0x2000'06e0     0x4  main.o [2]
  .bss               zero     0x2000'06e4     0x4  main.o [2]
  .bss               zero     0x2000'06e8     0x4  main.o [2]
  .bss               zero     0x2000'06ec     0x4  main.o [2]
  .bss               zero     0x2000'06f0     0x4  main.o [2]
  .bss               zero     0x2000'06f4     0x4  main.o [2]
  .bss               zero     0x2000'06f8     0x4  main.o [2]
  .bss               zero     0x2000'06fc     0x4  main.o [2]
  .bss               zero     0x2000'0700     0x4  main.o [2]
  .bss               zero     0x2000'0704     0x4  stm32h7xx_hal.o [4]
  .bss               zero     0x2000'0708     0x4  xfail_s.o [5]
  .bss               zero     0x2000'070c     0x1  main.o [2]
                            - 0x2000'070d   0x671

"P2", part 3 of 3:                          0x400
  CSTACK                      0x2000'0710   0x400  <Block>
    CSTACK           uninit   0x2000'0710   0x400  <Block tail>
                            - 0x2000'0b10   0x400

Unused ranges:

         From           To       Size
         ----           --       ----
   0x800'91e3   0x81f'ffff  0x1f'6e1d
  0x2000'0099  0x2000'009b        0x3
  0x2000'0b10  0x2001'ffff   0x1'f4f0


*******************************************************************************
*** INIT TABLE
***

          Address      Size
          -------      ----
Zero (__iar_zero_init3)
    1 destination range, total size 0x671:
          0x2000'009c  0x671

Copy/lz77 (__iar_lz77_init_single3)
    1 source range, total size 0x4b (49% of destination):
           0x800'9198   0x4b
    1 destination range, total size 0x99:
          0x2000'0000   0x99



*******************************************************************************
*** MODULE SUMMARY
***

    Module                   ro code  ro data  rw data
    ------                   -------  -------  -------
command line/config:
    --------------------------------------------------
    Total:

C:\Users\lorrn\Desktop\Tirocinio\STM32H743\RXModeLed\EWARM\LED_V1\Obj\Application\EWARM: [1]
    startup_stm32h743xx.o      1'204
    --------------------------------------------------
    Total:                     1'204

C:\Users\lorrn\Desktop\Tirocinio\STM32H743\RXModeLed\EWARM\LED_V1\Obj\Application\User\Core: [2]
    main.o                     6'216       41    1'653
    stm32h7xx_hal_msp.o           32
    stm32h7xx_it.o                24
    --------------------------------------------------
    Total:                     6'272       41    1'653

C:\Users\lorrn\Desktop\Tirocinio\STM32H743\RXModeLed\EWARM\LED_V1\Obj\Drivers\CMSIS: [3]
    system_stm32h7xx.o           276       20        8
    --------------------------------------------------
    Total:                       276       20        8

C:\Users\lorrn\Desktop\Tirocinio\STM32H743\RXModeLed\EWARM\LED_V1\Obj\Drivers\STM32H7xx_HAL_Driver: [4]
    stm32h7xx_hal.o              280        3        9
    stm32h7xx_hal_cortex.o       500
    stm32h7xx_hal_dma.o        2'246
    stm32h7xx_hal_gpio.o         700
    stm32h7xx_hal_i2c.o        4'650
    stm32h7xx_hal_pwr_ex.o        88
    stm32h7xx_hal_rcc.o        3'176
    stm32h7xx_hal_rcc_ex.o     1'184
    stm32h7xx_hal_tim.o          962
    stm32h7xx_hal_tim_ex.o         6
    stm32h7xx_hal_uart.o       6'166       24
    stm32h7xx_hal_uart_ex.o        6
    --------------------------------------------------
    Total:                    19'964       27        9

dl7M_tlf.a: [5]
    abort.o                        6
    exit.o                         4
    iar_Stoflt.o                 440
    iar_Stopfx.o                 290
    iar_Stoulx.o                 332       80
    iar_Stoxflt.o                520
    isalpha.o                     20
    isspace.o                     20
    low_level_init.o               4
    sprintf.o                     64
    tolower.o                     20
    xfail_s.o                     64                 4
    xlocale_c.o                   76       68      128
    xprintffull_nomb.o         3'886
    xsprout.o                     10
    --------------------------------------------------
    Total:                     5'756      148      132

m7M_tlv.a: [6]
    DblCmpGe.o                    52
    DblCmpLe.o                    52
    DblDiv.o                      18
    DblMul.o                      18
    DblSub.o                      18
    DblToS32.o                    14
    DblToU32.o                    14
    S32ToDbl.o                    14
    U32ToDbl.o                    14
    cos_sin64.o                  732
    fpinit_M.o                    34
    frexp.o                      136
    ldexp.o                      260
    strto64.o                    704       72
    --------------------------------------------------
    Total:                     2'080       72

rt7M_tl.a: [7]
    ABImemcpy.o                  166
    ABImemset.o                  102
    I64DivMod.o                  560
    I64DivZer.o                    2
    cexit.o                       10
    cmain.o                       30
    cstartup_M.o                  28
    data_init.o                   40
    lz77_init_single.o           120
    memchr.o                      88
    strchr.o                      22
    strcpy.o                      24
    strlen.o                      54
    strncpy.o                    112
    zero_init3.o                  56
    --------------------------------------------------
    Total:                     1'414

shb_l.a: [8]
    exit.o                        20
    --------------------------------------------------
    Total:                        20

    Gaps                          19        2
    Linker created                         32    1'024
------------------------------------------------------
    Grand Total:              37'005      342    2'826


*******************************************************************************
*** ENTRY LIST
***

Entry                       Address   Size  Type      Object
-----                       -------   ----  ----      ------
.iar.init_table$$Base    0x800'8e9c          --   Gb  - Linker created -
.iar.init_table$$Limit   0x800'8ebc          --   Gb  - Linker created -
?main                    0x800'8ebd         Code  Gb  cmain.o [7]
BusFault_Handler         0x800'8f43    0x2  Code  Gb  stm32h7xx_it.o [2]
CSTACK$$Base            0x2000'0710          --   Gb  - Linker created -
CSTACK$$Limit           0x2000'0b10          --   Gb  - Linker created -
D1CorePrescTable         0x800'8f64   0x10  Data  Gb  system_stm32h7xx.o [3]
DebugMon_Handler         0x800'8f49    0x2  Code  Gb  stm32h7xx_it.o [2]
Dtentox                  0x800'3ddd  0x194  Code  Lc  strto64.o [6]
EXTI3_IRQHandler         0x800'129d    0xa  Code  Gb  main.o [2]
EXTI4_IRQHandler         0x800'12a7    0xa  Code  Gb  main.o [2]
Error_Handler            0x800'1add    0x4  Code  Gb  main.o [2]
HAL_DMA_Abort            0x800'63ad  0x476  Code  Gb  stm32h7xx_hal_dma.o [4]
HAL_DMA_Abort_IT         0x800'6879  0x38e  Code  Gb  stm32h7xx_hal_dma.o [4]
HAL_DMA_GetState         0x800'6c6d    0x6  Code  Gb  stm32h7xx_hal_dma.o [4]
HAL_Delay                0x800'5591   0x28  Code  Wk  stm32h7xx_hal.o [4]
HAL_GPIO_EXTI_Callback   0x800'14f7   0x6e  Code  Gb  main.o [2]
HAL_GPIO_EXTI_IRQHandler
                         0x800'3bc3   0x20  Code  Gb  stm32h7xx_hal_gpio.o [4]
HAL_GPIO_Init            0x800'3965  0x22e  Code  Gb  stm32h7xx_hal_gpio.o [4]
HAL_GPIO_ReadPin         0x800'3b93   0x16  Code  Gb  stm32h7xx_hal_gpio.o [4]
HAL_GPIO_WritePin        0x800'3ba9   0x1a  Code  Gb  stm32h7xx_hal_gpio.o [4]
HAL_GetREVID             0x800'1b37    0xa  Code  Gb  stm32h7xx_hal.o [4]
HAL_GetTick              0x800'639d    0xc  Code  Wk  stm32h7xx_hal.o [4]
HAL_I2C_EV_IRQHandler    0x800'44ed   0x1e  Code  Gb  stm32h7xx_hal_i2c.o [4]
HAL_I2C_Init             0x800'4379   0xcc  Code  Gb  stm32h7xx_hal_i2c.o [4]
HAL_I2C_MasterTxCpltCallback
                         0x800'12b1   0x14  Code  Gb  main.o [2]
HAL_I2C_Master_Transmit_IT
                         0x800'4445   0x9a  Code  Gb  stm32h7xx_hal_i2c.o [4]
HAL_IncTick              0x800'8f25   0x18  Code  Wk  stm32h7xx_hal.o [4]
HAL_Init                 0x800'1ae1   0x56  Code  Gb  stm32h7xx_hal.o [4]
HAL_InitTick             0x800'6325   0x58  Code  Wk  stm32h7xx_hal.o [4]
HAL_MPU_ConfigRegion     0x800'6297   0x58  Code  Gb  stm32h7xx_hal_cortex.o [4]
HAL_MPU_Disable          0x800'6265   0x16  Code  Gb  stm32h7xx_hal_cortex.o [4]
HAL_MPU_Enable           0x800'627b   0x1c  Code  Gb  stm32h7xx_hal_cortex.o [4]
HAL_MspInit              0x800'637d   0x20  Code  Gb  stm32h7xx_hal_msp.o [2]
HAL_NVIC_EnableIRQ       0x800'624b    0xe  Code  Gb  stm32h7xx_hal_cortex.o [4]
HAL_NVIC_SetPriority     0x800'6227   0x24  Code  Gb  stm32h7xx_hal_cortex.o [4]
HAL_NVIC_SetPriorityGrouping
                         0x800'621b    0xc  Code  Gb  stm32h7xx_hal_cortex.o [4]
HAL_PWREx_ConfigSupply   0x800'59d9   0x50  Code  Gb  stm32h7xx_hal_pwr_ex.o [4]
HAL_RCCEx_GetD3PCLK1Freq
                         0x800'6c7d   0x1e  Code  Gb  stm32h7xx_hal_rcc_ex.o [4]
HAL_RCCEx_GetPLL2ClockFreq
                         0x800'6c9d  0x218  Code  Gb  stm32h7xx_hal_rcc_ex.o [4]
HAL_RCCEx_GetPLL3ClockFreq
                         0x800'6ecd  0x218  Code  Gb  stm32h7xx_hal_rcc_ex.o [4]
HAL_RCC_ClockConfig      0x800'1b55  0x290  Code  Gb  stm32h7xx_hal_rcc.o [4]
HAL_RCC_GetHCLKFreq      0x800'1ffd   0x36  Code  Gb  stm32h7xx_hal_rcc.o [4]
HAL_RCC_GetPCLK1Freq     0x800'2033   0x1a  Code  Gb  stm32h7xx_hal_rcc.o [4]
HAL_RCC_GetPCLK2Freq     0x800'204d   0x1a  Code  Gb  stm32h7xx_hal_rcc.o [4]
HAL_RCC_GetSysClockFreq
                         0x800'1de5  0x218  Code  Gb  stm32h7xx_hal_rcc.o [4]
HAL_RCC_OscConfig        0x800'5a31  0x700  Code  Wk  stm32h7xx_hal_rcc.o [4]
HAL_SYSTICK_Config       0x800'6259    0xc  Code  Gb  stm32h7xx_hal_cortex.o [4]
HAL_TIMEx_Break2Callback
                         0x800'898b    0x2  Code  Wk  stm32h7xx_hal_tim_ex.o [4]
HAL_TIMEx_BreakCallback
                         0x800'8989    0x2  Code  Wk  stm32h7xx_hal_tim_ex.o [4]
HAL_TIMEx_CommutCallback
                         0x800'898f    0x2  Code  Wk  stm32h7xx_hal_tim_ex.o [4]
HAL_TIM_Base_Init        0x800'55b9   0x7a  Code  Gb  stm32h7xx_hal_tim.o [4]
HAL_TIM_Base_Start_IT    0x800'5633   0xa2  Code  Gb  stm32h7xx_hal_tim.o [4]
HAL_TIM_IRQHandler       0x800'56f5  0x194  Code  Gb  stm32h7xx_hal_tim.o [4]
HAL_TIM_PeriodElapsedCallback
                         0x800'12cd  0x22a  Code  Gb  main.o [2]
HAL_UARTEx_RxFifoFullCallback
                         0x800'6c7b    0x2  Code  Wk  stm32h7xx_hal_uart_ex.o [4]
HAL_UARTEx_TxFifoEmptyCallback
                         0x800'6c79    0x2  Code  Wk  stm32h7xx_hal_uart_ex.o [4]
HAL_UARTEx_WakeupCallback
                         0x800'6c77    0x2  Code  Wk  stm32h7xx_hal_uart_ex.o [4]
HAL_UART_IRQHandler      0x800'2261  0x46a  Code  Gb  stm32h7xx_hal_uart.o [4]
HAL_UART_Init            0x800'20bd   0x7e  Code  Gb  stm32h7xx_hal_uart.o [4]
HAL_UART_Receive_IT      0x800'21ef   0x5e  Code  Gb  stm32h7xx_hal_uart.o [4]
HAL_UART_RxCpltCallback
                         0x800'1101   0xac  Code  Gb  main.o [2]
HAL_UART_Transmit_IT     0x800'213b   0xb4  Code  Gb  stm32h7xx_hal_uart.o [4]
HAL_UART_TxCpltCallback
                         0x800'11b5   0x94  Code  Gb  main.o [2]
HardFault_Handler        0x800'8f3f    0x2  Code  Gb  stm32h7xx_it.o [2]
I2C1_EV_IRQHandler       0x800'1291    0xc  Code  Gb  main.o [2]
I2C_DMAAbort             0x800'5411   0x26  Code  Lc  stm32h7xx_hal_i2c.o [4]
I2C_Disable_IRQ          0x800'5515   0x7a  Code  Lc  stm32h7xx_hal_i2c.o [4]
I2C_Enable_IRQ           0x800'546f   0x90  Code  Lc  stm32h7xx_hal_i2c.o [4]
I2C_Flush_TXDR           0x800'53e7   0x24  Code  Lc  stm32h7xx_hal_i2c.o [4]
I2C_ITAddrCplt           0x800'4bf9   0xdc  Code  Lc  stm32h7xx_hal_i2c.o [4]
I2C_ITError              0x800'5225  0x14a  Code  Lc  stm32h7xx_hal_i2c.o [4]
I2C_ITListenCplt         0x800'51bb   0x6a  Code  Lc  stm32h7xx_hal_i2c.o [4]
I2C_ITMasterCplt         0x800'4daf  0x11a  Code  Lc  stm32h7xx_hal_i2c.o [4]
I2C_ITMasterSeqCplt      0x800'4cd5   0x5a  Code  Lc  stm32h7xx_hal_i2c.o [4]
I2C_ITSlaveCplt          0x800'4ec9  0x2f2  Code  Lc  stm32h7xx_hal_i2c.o [4]
I2C_ITSlaveSeqCplt       0x800'4d2f   0x80  Code  Lc  stm32h7xx_hal_i2c.o [4]
I2C_Init                 0x800'1997   0x9a  Code  Gb  main.o [2]
I2C_Master_ISR_DMA       0x800'47d9  0x14a  Code  Lc  stm32h7xx_hal_i2c.o [4]
I2C_Master_ISR_IT        0x800'450d  0x186  Code  Lc  stm32h7xx_hal_i2c.o [4]
I2C_Slave_ISR_DMA        0x800'4925  0x2ce  Code  Lc  stm32h7xx_hal_i2c.o [4]
I2C_Slave_ISR_IT         0x800'4695  0x144  Code  Lc  stm32h7xx_hal_i2c.o [4]
I2C_TransferConfig       0x800'543d   0x32  Code  Lc  stm32h7xx_hal_i2c.o [4]
I2C_TreatErrorCallback   0x800'53b1   0x36  Code  Lc  stm32h7xx_hal_i2c.o [4]
Init_RovBuf              0x800'056d   0x2e  Code  Gb  main.o [2]
MPU_Config               0x800'1747   0x60  Code  Lc  main.o [2]
MX_GPIO_Init             0x800'160f  0x138  Code  Lc  main.o [2]
MemManage_Handler        0x800'8f41    0x2  Code  Gb  stm32h7xx_it.o [2]
NMI_Handler              0x800'8f3d    0x2  Code  Gb  stm32h7xx_it.o [2]
NVIC_EncodePriority      0x800'61ab   0x40  Code  Lc  stm32h7xx_hal_cortex.o [4]
PendSV_Handler           0x800'8f4b    0x2  Code  Gb  stm32h7xx_it.o [2]
Region$$Table$$Base      0x800'8e9c          --   Gb  - Linker created -
Region$$Table$$Limit     0x800'8ebc          --   Gb  - Linker created -
SVC_Handler              0x800'8f47    0x2  Code  Gb  stm32h7xx_it.o [2]
SysTick_Config           0x800'61eb   0x30  Code  Lc  stm32h7xx_hal_cortex.o [4]
SysTick_Handler          0x800'8f4d    0x8  Code  Gb  stm32h7xx_it.o [2]
SystemClock_Config       0x800'1565   0xaa  Code  Gb  main.o [2]
SystemCoreClock         0x2000'0010    0x4  Data  Gb  system_stm32h7xx.o [3]
SystemD2Clock           0x2000'0014    0x4  Data  Gb  system_stm32h7xx.o [3]
SystemInit               0x800'8be9   0xb6  Code  Gb  system_stm32h7xx.o [3]
TIM2_IRQHandler          0x800'1265    0xc  Code  Gb  main.o [2]
TIM3_IRQHandler          0x800'1271    0xc  Code  Gb  main.o [2]
TIM4_IRQHandler          0x800'1281    0xc  Code  Gb  main.o [2]
TIM_Base_SetConfig       0x800'5889   0xc6  Code  Gb  stm32h7xx_hal_tim.o [4]
Timer_Init               0x800'189d   0xfa  Code  Gb  main.o [2]
TranslateCommand         0x800'0721  0x552  Code  Gb  main.o [2]
TransmitCommand          0x800'0df7   0xbe  Code  Gb  main.o [2]
UARTPrescTable           0x800'8f0c   0x18  Data  Gb  stm32h7xx_hal_uart.o [4]
UART_AdvFeatureConfig    0x800'2ca5   0xda  Code  Gb  stm32h7xx_hal_uart.o [4]
UART_CheckIdleState      0x800'2d7f   0xd6  Code  Gb  stm32h7xx_hal_uart.o [4]
UART_DMAAbortOnError     0x800'30e9   0x1a  Code  Lc  stm32h7xx_hal_uart.o [4]
UART_EndRxTransfer       0x800'3045   0x60  Code  Lc  stm32h7xx_hal_uart.o [4]
UART_EndTransmit_IT      0x800'32c1   0x2c  Code  Lc  stm32h7xx_hal_uart.o [4]
UART_Init                0x800'17a7   0xf2  Code  Lc  main.o [2]
UART_RxISR_16BIT         0x800'33e1   0xf0  Code  Lc  stm32h7xx_hal_uart.o [4]
UART_RxISR_16BIT_FIFOEN
                         0x800'36c5  0x1f8  Code  Lc  stm32h7xx_hal_uart.o [4]
UART_RxISR_8BIT          0x800'32f1   0xee  Code  Lc  stm32h7xx_hal_uart.o [4]
UART_RxISR_8BIT_FIFOEN   0x800'34d1  0x1f4  Code  Lc  stm32h7xx_hal_uart.o [4]
UART_SetConfig           0x800'26dd  0x582  Code  Gb  stm32h7xx_hal_uart.o [4]
UART_Start_Receive_IT    0x800'2eeb  0x15a  Code  Gb  stm32h7xx_hal_uart.o [4]
UART_TxISR_16BIT         0x800'315b   0x64  Code  Lc  stm32h7xx_hal_uart.o [4]
UART_TxISR_16BIT_FIFOEN
                         0x800'323d   0x84  Code  Lc  stm32h7xx_hal_uart.o [4]
UART_TxISR_8BIT          0x800'3103   0x58  Code  Lc  stm32h7xx_hal_uart.o [4]
UART_TxISR_8BIT_FIFOEN   0x800'31bf   0x7e  Code  Lc  stm32h7xx_hal_uart.o [4]
UART_WaitOnFlagUntilTimeout
                         0x800'2e55   0x96  Code  Gb  stm32h7xx_hal_uart.o [4]
USART2_IRQHandler        0x800'1249    0xc  Code  Gb  main.o [2]
USART3_IRQHandler        0x800'1255    0xc  Code  Gb  main.o [2]
UsageFault_Handler       0x800'8f45    0x2  Code  Gb  stm32h7xx_it.o [2]
_LitobFullNoMb           0x800'8081  0x10c  Code  Lc  xprintffull_nomb.o [5]
_LocaleC_isalpha         0x800'8b73    0xc  Code  Gb  xlocale_c.o [5]
_LocaleC_islower         0x800'8b6d    0x4  Code  Gb  xlocale_c.o [5]
_LocaleC_isspace         0x800'8b89   0x14  Code  Gb  xlocale_c.o [5]
_LocaleC_isupper         0x800'8b71    0x2  Code  Gb  xlocale_c.o [5]
_LocaleC_tolower         0x800'8b9d    0xc  Code  Gb  xlocale_c.o [5]
_Locale_lconv           0x2000'0018   0x38  Data  Lc  xlocale_c.o [5]
_PrintfFullNoMb          0x800'734d  0xd04  Code  Gb  xprintffull_nomb.o [5]
_PutcharFullNoMb         0x800'81e5   0x20  Code  Lc  xprintffull_nomb.o [5]
_PutcharsFullNoMb        0x800'8205   0x2e  Code  Lc  xprintffull_nomb.o [5]
_SProut                  0x800'3903    0xa  Code  Gb  xsprout.o [5]
__NVIC_EnableIRQ         0x800'6161   0x1e  Code  Lc  stm32h7xx_hal_cortex.o [4]
__NVIC_GetPriorityGrouping
                         0x800'6153    0xc  Code  Lc  stm32h7xx_hal_cortex.o [4]
__NVIC_SetPriority       0x800'617f   0x2c  Code  Lc  stm32h7xx_hal_cortex.o [4]
__NVIC_SetPriorityGrouping
                         0x800'6131   0x22  Code  Lc  stm32h7xx_hal_cortex.o [4]
__aeabi_cdcmple          0x800'8a95         Code  Gb  DblCmpLe.o [6]
__aeabi_cdrcmple         0x800'8ac9         Code  Gb  DblCmpGe.o [6]
__aeabi_d2iz             0x800'8afd    0xe  Code  Gb  DblToS32.o [6]
__aeabi_d2uiz            0x800'8b3d    0xe  Code  Gb  DblToU32.o [6]
__aeabi_ddiv             0x800'8b2b   0x12  Code  Gb  DblDiv.o [6]
__aeabi_dmul             0x800'8b59   0x12  Code  Gb  DblMul.o [6]
__aeabi_dsub             0x800'8b19   0x12  Code  Gb  DblSub.o [6]
__aeabi_i2d              0x800'8b0b    0xe  Code  Gb  S32ToDbl.o [6]
__aeabi_ldiv0            0x800'8991         Code  Gb  I64DivZer.o [7]
__aeabi_memcpy           0x800'89ed         Code  Gb  ABImemcpy.o [7]
__aeabi_memcpy4          0x800'8a0d         Code  Gb  ABImemcpy.o [7]
__aeabi_memcpy8          0x800'8a0d         Code  Gb  ABImemcpy.o [7]
__aeabi_memset           0x800'5971         Code  Gb  ABImemset.o [7]
__aeabi_ui2d             0x800'8b4b    0xe  Code  Gb  U32ToDbl.o [6]
__aeabi_uldivmod         0x800'711d         Code  Gb  I64DivMod.o [7]
__cmain                  0x800'8ebd         Code  Gb  cmain.o [7]
__exit                   0x800'8bd5   0x14  Code  Gb  exit.o [8]
__iar_Fail_s             0x800'89ad   0x1c  Code  Gb  xfail_s.o [5]
__iar_Memchr             0x800'82a5         Code  Gb  memchr.o [7]
__iar_Memset             0x800'5971         Code  Gb  ABImemset.o [7]
__iar_Memset_word        0x800'5979         Code  Gb  ABImemset.o [7]
__iar_Sin64              0x800'409d  0x222  Code  Lc  cos_sin64.o [6]
__iar_Sto64              0x800'3f71   0xec  Code  Gb  strto64.o [6]
__iar_Stoflt             0x800'85ad  0x1b8  Code  Gb  iar_Stoflt.o [5]
__iar_Stopfx             0x800'8489  0x122  Code  Gb  iar_Stopfx.o [5]
__iar_Stoulx             0x800'3c91  0x13a  Code  Gb  iar_Stoulx.o [5]
__iar_Stoxflt            0x800'8765  0x1d4  Code  Gb  iar_Stoxflt.o [5]
__iar_Stoxflt::digits    0x800'893c   0x18  Data  Lc  iar_Stoxflt.o [5]
__iar_Stoxflt::vals      0x800'8954   0x18  Data  Lc  iar_Stoxflt.o [5]
__iar_Strchr             0x800'8995         Code  Gb  strchr.o [7]
__iar_cos64              0x800'4371    0x4  Code  Gb  cos_sin64.o [6]
__iar_cos_medium         0x800'4371    0x4  Code  Gb  cos_sin64.o [6]
__iar_cos_medium64       0x800'4371    0x4  Code  Gb  cos_sin64.o [6]
__iar_cos_mediuml        0x800'4371    0x4  Code  Gb  cos_sin64.o [6]
__iar_data_init3         0x800'8e51   0x28  Code  Gb  data_init.o [7]
__iar_frexp              0x800'8321         Code  Gb  frexp.o [6]
__iar_frexp64            0x800'82fd         Code  Gb  frexp.o [6]
__iar_frexpl             0x800'8321         Code  Gb  frexp.o [6]
__iar_globLocale        0x2000'0050   0x48  Data  Lc  xlocale_c.o [5]
__iar_global_Locale      0x800'8ba9    0x4  Code  Gb  xlocale_c.o [5]
__iar_init_vfp           0x800'8e79         Code  Gb  fpinit_M.o [6]
__iar_ldexp64            0x800'8399         Code  Gb  ldexp.o [6]
__iar_lz77_init_single3
                         0x800'8cfd   0x78  Code  Gb  lz77_init_single.o [7]
__iar_program_start      0x800'8ef1         Code  Gb  cstartup_M.o [7]
__iar_scalbln64          0x800'8399         Code  Gb  ldexp.o [6]
__iar_scalbn64           0x800'8399         Code  Gb  ldexp.o [6]
__iar_sin64              0x800'4375    0x4  Code  Gb  cos_sin64.o [6]
__iar_sin_medium         0x800'4375    0x4  Code  Gb  cos_sin64.o [6]
__iar_sin_medium64       0x800'4375    0x4  Code  Gb  cos_sin64.o [6]
__iar_sin_mediuml        0x800'4375    0x4  Code  Gb  cos_sin64.o [6]
__iar_softfp___iar_frexp64
                         0x800'8315         Code  Gb  frexp.o [6]
__iar_softfp___iar_ldexp64
                         0x800'8385         Code  Gb  ldexp.o [6]
__iar_softfp___iar_scalbln64
                         0x800'8385         Code  Gb  ldexp.o [6]
__iar_softfp___iar_scalbn64
                         0x800'8385         Code  Gb  ldexp.o [6]
__iar_softfp_frexp       0x800'8315         Code  Gb  frexp.o [6]
__iar_softfp_frexpl      0x800'8315         Code  Gb  frexp.o [6]
__iar_softfp_ldexp       0x800'8385         Code  Gb  ldexp.o [6]
__iar_softfp_ldexpl      0x800'8385         Code  Gb  ldexp.o [6]
__iar_softfp_scalbln     0x800'8385         Code  Gb  ldexp.o [6]
__iar_softfp_scalblnl    0x800'8385         Code  Gb  ldexp.o [6]
__iar_softfp_scalbn      0x800'8385         Code  Gb  ldexp.o [6]
__iar_softfp_scalbnl     0x800'8385         Code  Gb  ldexp.o [6]
__iar_zero_init3         0x800'8e19   0x38  Code  Gb  zero_init3.o [7]
__low_level_init         0x800'8edb    0x4  Code  Gb  low_level_init.o [5]
__vector_table           0x800'0000         Data  Gb  startup_stm32h743xx.o [1]
_call_main               0x800'8ec9         Code  Gb  cmain.o [7]
_exit                    0x800'8ee5         Code  Gb  cexit.o [7]
abort                    0x800'8bcd    0x6  Code  Gb  abort.o [5]
angular_rate_rov        0x2000'06d8    0x4  Data  Gb  main.o [2]
atof                     0x800'4095    0x8  Code  Gb  strto64.o [6]
atoi                     0x800'3dd1    0x2  Code  Gb  iar_Stoulx.o [5]
bufCheck                0x2000'04c4   0x80  Data  Gb  main.o [2]
bufOutReady             0x2000'0700    0x4  Data  Gb  main.o [2]
checkCommand             0x800'0ecd   0x72  Code  Gb  main.o [2]
checkCommandRov          0x800'059b  0x184  Code  Gb  main.o [2]
checkRx                 0x2000'06f8    0x4  Data  Gb  main.o [2]
comINbuf                0x2000'03c4   0x80  Data  Gb  main.o [2]
comOUTbuf               0x2000'0444   0x80  Data  Gb  main.o [2]
commandBufOutRov        0x2000'009c  0x200  Data  Gb  main.o [2]
commandReceivedFlag     0x2000'06f4    0x4  Data  Gb  main.o [2]
cos                      0x800'4371    0x4  Code  Gb  cos_sin64.o [6]
cosl                     0x800'4371    0x4  Code  Gb  cos_sin64.o [6]
digits                   0x800'8d9c   0x28  Data  Lc  iar_Stoulx.o [5]
direction_rov           0x2000'06dc    0x4  Data  Gb  main.o [2]
dontCountImpulse        0x2000'06fc    0x4  Data  Gb  main.o [2]
errorCommand            0x2000'06ac    0x4  Data  Gb  main.o [2]
errorCommandRover       0x2000'06c8    0x4  Data  Gb  main.o [2]
exit                     0x800'8edf    0x4  Code  Gb  exit.o [5]
frexp                    0x800'82fd         Code  Gb  frexp.o [6]
frexpl                   0x800'82fd         Code  Gb  frexp.o [6]
goBack                   0x800'0fad  0x13e  Code  Gb  main.o [2]
hi2c1                   0x2000'0544   0x54  Data  Gb  main.o [2]
htim2                   0x2000'0598   0x4c  Data  Gb  main.o [2]
htim3                   0x2000'05e4   0x4c  Data  Gb  main.o [2]
htim4                   0x2000'0630   0x4c  Data  Gb  main.o [2]
huart2                  0x2000'029c   0x94  Data  Gb  main.o [2]
huart3                  0x2000'0330   0x94  Data  Gb  main.o [2]
impulseCountEngForw     0x2000'06e8    0x4  Data  Gb  main.o [2]
impulseCountEngRight    0x2000'06ec    0x4  Data  Gb  main.o [2]
impulseResetFlag        0x2000'06f0    0x4  Data  Gb  main.o [2]
isalpha                  0x800'8bb9   0x14  Code  Gb  isalpha.o [5]
isspace                  0x800'827b   0x14  Code  Gb  isspace.o [5]
ldexp                    0x800'8399         Code  Gb  ldexp.o [6]
ldexpl                   0x800'8399         Code  Gb  ldexp.o [6]
ledNumber               0x2000'06b0    0x4  Data  Gb  main.o [2]
ledState                0x2000'06c4    0x4  Data  Gb  main.o [2]
localeconv               0x800'8bad    0x4  Code  Gb  xlocale_c.o [5]
main                     0x800'0299  0x2d4  Code  Gb  main.o [2]
memchr                   0x800'82a5         Code  Gb  memchr.o [7]
messageTransmitted      0x2000'06e4    0x4  Data  Gb  main.o [2]
mode                    0x2000'06b4    0x4  Data  Gb  main.o [2]
moveTick                0x2000'06cc    0x4  Data  Gb  main.o [2]
ndigs                    0x800'8d74   0x28  Data  Lc  iar_Stoulx.o [5]
noReset2                0x2000'06bc    0x4  Data  Gb  main.o [2]
noReset3                0x2000'06c0    0x4  Data  Gb  main.o [2]
numBytesIN              0x2000'069c    0x4  Data  Gb  main.o [2]
numBytesOUT             0x2000'06a0    0x4  Data  Gb  main.o [2]
numBytesTransmitted     0x2000'06a4    0x4  Data  Gb  main.o [2]
pows                     0x800'8dd0   0x48  Data  Lc  strto64.o [6]
rover                   0x2000'067c   0x20  Data  Gb  main.o [2]
roverDirection          0x2000'070c    0x1  Data  Gb  main.o [2]
scalbln                  0x800'8399         Code  Gb  ldexp.o [6]
scalblnl                 0x800'8399         Code  Gb  ldexp.o [6]
scalbn                   0x800'8399         Code  Gb  ldexp.o [6]
scalbnl                  0x800'8399         Code  Gb  ldexp.o [6]
scale                    0x800'818d   0x46  Code  Lc  xprintffull_nomb.o [5]
sec_hand                0x2000'0708    0x4  Data  Lc  xfail_s.o [5]
setVelocity              0x800'0c85  0x146  Code  Gb  main.o [2]
sin                      0x800'4375    0x4  Code  Gb  cos_sin64.o [6]
sinl                     0x800'4375    0x4  Code  Gb  cos_sin64.o [6]
speedArray              0x2000'0000    0xc  Data  Gb  main.o [2]
speedConvert             0x800'0dcd   0x2a  Code  Gb  main.o [2]
speedRov                0x2000'06d4    0x4  Data  Gb  main.o [2]
sprintf                  0x800'390d   0x40  Code  Gb  sprintf.o [5]
strchr                   0x800'8995         Code  Gb  strchr.o [7]
strcpy                   0x800'394d         Code  Gb  strcpy.o [7]
strlen                   0x800'38cd         Code  Gb  strlen.o [7]
strncpy                  0x800'3c21         Code  Gb  strncpy.o [7]
sysClkSpeed             0x2000'06b8    0x4  Data  Gb  main.o [2]
timeCountRov            0x2000'06e0    0x4  Data  Gb  main.o [2]
timeRov                 0x2000'06d0    0x4  Data  Gb  main.o [2]
timeout                 0x2000'06a8    0x4  Data  Gb  main.o [2]
tolower                  0x800'828f   0x14  Code  Gb  tolower.o [5]
uwTick                  0x2000'0704    0x4  Data  Gb  stm32h7xx_hal.o [4]
uwTickFreq              0x2000'0098    0x1  Data  Gb  stm32h7xx_hal.o [4]
uwTickPrio              0x2000'000c    0x4  Data  Gb  stm32h7xx_hal.o [4]


[1] = C:\Users\lorrn\Desktop\Tirocinio\STM32H743\RXModeLed\EWARM\LED_V1\Obj\Application\EWARM
[2] = C:\Users\lorrn\Desktop\Tirocinio\STM32H743\RXModeLed\EWARM\LED_V1\Obj\Application\User\Core
[3] = C:\Users\lorrn\Desktop\Tirocinio\STM32H743\RXModeLed\EWARM\LED_V1\Obj\Drivers\CMSIS
[4] = C:\Users\lorrn\Desktop\Tirocinio\STM32H743\RXModeLed\EWARM\LED_V1\Obj\Drivers\STM32H7xx_HAL_Driver
[5] = dl7M_tlf.a
[6] = m7M_tlv.a
[7] = rt7M_tl.a
[8] = shb_l.a

  37'005 bytes of readonly  code memory
     342 bytes of readonly  data memory
   2'826 bytes of readwrite data memory

Errors: none
Warnings: none
