###############################################################################
#
# IAR ELF Linker V9.20.4.327/W64 for ARM                  27/Mar/2025  18:45:57
# Copyright 2007-2022 IAR Systems AB.
#
#    Output file  =
#        C:\Users\lorrn\Desktop\Tirocinio\STM32H743\RXModeLed\EWARM\LED_V1\Exe\LED_V1.out
#    Map file     =
#        C:\Users\lorrn\Desktop\Tirocinio\STM32H743\RXModeLed\EWARM\LED_V1\List\LED_V1.map
#    Command line =
#        -f
#        C:\Users\lorrn\Desktop\Tirocinio\STM32H743\RXModeLed\EWARM\LED_V1\Exe\LED_V1.out.rsp
#        (C:\Users\lorrn\Desktop\Tirocinio\STM32H743\RXModeLed\EWARM\LED_V1\Obj\Application\User\Core\main.o
#        C:\Users\lorrn\Desktop\Tirocinio\STM32H743\RXModeLed\EWARM\LED_V1\Obj\Application\EWARM\startup_stm32h743xx.o
#        C:\Users\lorrn\Desktop\Tirocinio\STM32H743\RXModeLed\EWARM\LED_V1\Obj\Drivers\STM32H7xx_HAL_Driver\stm32h7xx_hal.o
#        C:\Users\lorrn\Desktop\Tirocinio\STM32H743\RXModeLed\EWARM\LED_V1\Obj\Drivers\STM32H7xx_HAL_Driver\stm32h7xx_hal_cortex.o
#        C:\Users\lorrn\Desktop\Tirocinio\STM32H743\RXModeLed\EWARM\LED_V1\Obj\Drivers\STM32H7xx_HAL_Driver\stm32h7xx_hal_dma.o
#        C:\Users\lorrn\Desktop\Tirocinio\STM32H743\RXModeLed\EWARM\LED_V1\Obj\Drivers\STM32H7xx_HAL_Driver\stm32h7xx_hal_dma_ex.o
#        C:\Users\lorrn\Desktop\Tirocinio\STM32H743\RXModeLed\EWARM\LED_V1\Obj\Drivers\STM32H7xx_HAL_Driver\stm32h7xx_hal_exti.o
#        C:\Users\lorrn\Desktop\Tirocinio\STM32H743\RXModeLed\EWARM\LED_V1\Obj\Drivers\STM32H7xx_HAL_Driver\stm32h7xx_hal_flash.o
#        C:\Users\lorrn\Desktop\Tirocinio\STM32H743\RXModeLed\EWARM\LED_V1\Obj\Drivers\STM32H7xx_HAL_Driver\stm32h7xx_hal_flash_ex.o
#        C:\Users\lorrn\Desktop\Tirocinio\STM32H743\RXModeLed\EWARM\LED_V1\Obj\Drivers\STM32H7xx_HAL_Driver\stm32h7xx_hal_gpio.o
#        C:\Users\lorrn\Desktop\Tirocinio\STM32H743\RXModeLed\EWARM\LED_V1\Obj\Drivers\STM32H7xx_HAL_Driver\stm32h7xx_hal_hsem.o
#        C:\Users\lorrn\Desktop\Tirocinio\STM32H743\RXModeLed\EWARM\LED_V1\Obj\Drivers\STM32H7xx_HAL_Driver\stm32h7xx_hal_i2c.o
#        C:\Users\lorrn\Desktop\Tirocinio\STM32H743\RXModeLed\EWARM\LED_V1\Obj\Drivers\STM32H7xx_HAL_Driver\stm32h7xx_hal_i2c_ex.o
#        C:\Users\lorrn\Desktop\Tirocinio\STM32H743\RXModeLed\EWARM\LED_V1\Obj\Drivers\STM32H7xx_HAL_Driver\stm32h7xx_hal_mdma.o
#        C:\Users\lorrn\Desktop\Tirocinio\STM32H743\RXModeLed\EWARM\LED_V1\Obj\Application\User\Core\stm32h7xx_hal_msp.o
#        C:\Users\lorrn\Desktop\Tirocinio\STM32H743\RXModeLed\EWARM\LED_V1\Obj\Drivers\STM32H7xx_HAL_Driver\stm32h7xx_hal_pwr.o
#        C:\Users\lorrn\Desktop\Tirocinio\STM32H743\RXModeLed\EWARM\LED_V1\Obj\Drivers\STM32H7xx_HAL_Driver\stm32h7xx_hal_pwr_ex.o
#        C:\Users\lorrn\Desktop\Tirocinio\STM32H743\RXModeLed\EWARM\LED_V1\Obj\Drivers\STM32H7xx_HAL_Driver\stm32h7xx_hal_rcc.o
#        C:\Users\lorrn\Desktop\Tirocinio\STM32H743\RXModeLed\EWARM\LED_V1\Obj\Drivers\STM32H7xx_HAL_Driver\stm32h7xx_hal_rcc_ex.o
#        C:\Users\lorrn\Desktop\Tirocinio\STM32H743\RXModeLed\EWARM\LED_V1\Obj\Drivers\STM32H7xx_HAL_Driver\stm32h7xx_hal_tim.o
#        C:\Users\lorrn\Desktop\Tirocinio\STM32H743\RXModeLed\EWARM\LED_V1\Obj\Drivers\STM32H7xx_HAL_Driver\stm32h7xx_hal_tim_ex.o
#        C:\Users\lorrn\Desktop\Tirocinio\STM32H743\RXModeLed\EWARM\LED_V1\Obj\Drivers\STM32H7xx_HAL_Driver\stm32h7xx_hal_uart.o
#        C:\Users\lorrn\Desktop\Tirocinio\STM32H743\RXModeLed\EWARM\LED_V1\Obj\Drivers\STM32H7xx_HAL_Driver\stm32h7xx_hal_uart_ex.o
#        C:\Users\lorrn\Desktop\Tirocinio\STM32H743\RXModeLed\EWARM\LED_V1\Obj\Application\User\Core\stm32h7xx_it.o
#        C:\Users\lorrn\Desktop\Tirocinio\STM32H743\RXModeLed\EWARM\LED_V1\Obj\Drivers\STM32H7xx_HAL_Driver\stm32h7xx_ll_i2c.o
#        C:\Users\lorrn\Desktop\Tirocinio\STM32H743\RXModeLed\EWARM\LED_V1\Obj\Drivers\STM32H7xx_HAL_Driver\stm32h7xx_ll_usb.o
#        C:\Users\lorrn\Desktop\Tirocinio\STM32H743\RXModeLed\EWARM\LED_V1\Obj\Drivers\CMSIS\system_stm32h7xx.o
#        --no_out_extension -o
#        C:\Users\lorrn\Desktop\Tirocinio\STM32H743\RXModeLed\EWARM\LED_V1\Exe\LED_V1.out
#        --redirect _Printf=_PrintfFullNoMb --redirect _Scanf=_ScanfFullNoMb
#        --map
#        C:\Users\lorrn\Desktop\Tirocinio\STM32H743\RXModeLed\EWARM\LED_V1\List\LED_V1.map
#        --config
#        C:\Users\lorrn\Desktop\Tirocinio\STM32H743\RXModeLed\EWARM/stm32h743xx_flash.icf
#        --semihosting --entry __iar_program_start --vfe --text_out locale)
#
###############################################################################

*******************************************************************************
*** RUNTIME MODEL ATTRIBUTES
***

CppFlavor       = *
__CPP_Runtime   = 1
__SystemLibrary = DLib
__dlib_version  = 6


*******************************************************************************
*** HEAP SELECTION
***

The basic heap was selected because no calls to memory allocation
functions were found in the application outside of system library
functions, and there are calls to deallocation functions in the
application.


*******************************************************************************
*** PLACEMENT SUMMARY
***

"A0":  place at address 0x800'0000 { ro section .intvec };
"P1":  place in [from 0x800'0000 to 0x81f'ffff] { ro };
define block CSTACK with size = 1K, alignment = 8 { };
define block HEAP with size = 512, alignment = 8 { };
"P2":  place in [from 0x2000'0000 to 0x2001'ffff] {
          rw, block CSTACK, block HEAP };
initialize by copy { rw };

  Section            Kind         Address    Size  Object
  -------            ----         -------    ----  ------
"A0":                                       0x298
  .intvec            ro code   0x800'0000   0x298  startup_stm32h743xx.o [1]
                             - 0x800'0298   0x298

"P1":                                      0x7d2e
  .text              ro code   0x800'0298  0x1810  stm32h7xx_hal_uart.o [4]
  .text              ro code   0x800'1aa8     0x2  stm32h7xx_hal_uart.o [4]
  .text              ro code   0x800'1aaa     0xa  xsprout.o [5]
  .text              ro code   0x800'1ab4   0x8c6  stm32h7xx_hal_dma.o [4]
  .text              ro code   0x800'237a     0x2  stm32h7xx_hal_uart.o [4]
  .text              ro code   0x800'237c     0x2  stm32h7xx_hal_uart.o [4]
  .text              ro code   0x800'237e     0x2  stm32h7xx_hal_uart_ex.o [4]
  .text              ro code   0x800'2380     0x2  stm32h7xx_hal_uart_ex.o [4]
  .text              ro code   0x800'2382     0x2  stm32h7xx_hal_uart_ex.o [4]
  .text              ro code   0x800'2384   0x4a0  stm32h7xx_hal_rcc_ex.o [4]
  .text              ro code   0x800'2824   0x230  I64DivMod.o [7]
  .text              ro code   0x800'2a54   0x568  stm32h7xx_hal_rcc.o [4]
  .text              ro code   0x800'2fbc     0xc  stm32h7xx_hal.o [4]
  .text              ro code   0x800'2fc8  0x116c  main.o [2]
  .text              ro code   0x800'4134     0x2  I64DivZer.o [7]
  .rodata            const     0x800'4136     0x2  xlocale_c.o [5]
  .text              ro code   0x800'4138    0x58  stm32h7xx_hal.o [4]
  .text              ro code   0x800'4190    0x74  stm32h7xx_hal.o [4]
  .text              ro code   0x800'4204    0x36  strlen.o [7]
  .rodata            const     0x800'423a     0x2  xlocale_c.o [5]
  .text              ro code   0x800'423c    0x18  strcpy.o [7]
  .text              ro code   0x800'4254    0x40  sprintf.o [5]
  .text              ro code   0x800'4294   0x2bc  stm32h7xx_hal_gpio.o [4]
  .text              ro code   0x800'4550    0x70  strncpy.o [7]
  .text              ro code   0x800'45c0   0x14c  iar_Stoulx.o [5]
  .text              ro code   0x800'470c  0x1216  stm32h7xx_hal_i2c.o [4]
  .rodata            const     0x800'5922     0x1  xlocale_c.o [5]
  .text              ro code   0x800'5924   0x3b8  stm32h7xx_hal_tim.o [4]
  .text              ro code   0x800'5cdc    0x66  ABImemset.o [7]
  .text              ro code   0x800'5d44    0x58  stm32h7xx_hal_pwr_ex.o [4]
  .text              ro code   0x800'5d9c   0x700  stm32h7xx_hal_rcc.o [4]
  .text              ro code   0x800'649c   0x1f4  stm32h7xx_hal_cortex.o [4]
  .text              ro code   0x800'6690    0x20  stm32h7xx_hal_msp.o [2]
  .text              ro code   0x800'66b0   0xf2e  xprintffull_nomb.o [5]
  .text              ro code   0x800'75de    0x14  isspace.o [5]
  .text              ro code   0x800'75f2    0x14  tolower.o [5]
  .text              ro code   0x800'7608    0x58  memchr.o [7]
  .text              ro code   0x800'7660     0x2  stm32h7xx_hal_i2c.o [4]
  .text              ro code   0x800'7662     0x2  stm32h7xx_hal_i2c.o [4]
  .text              ro code   0x800'7664     0x2  stm32h7xx_hal_i2c.o [4]
  .text              ro code   0x800'7666     0x2  stm32h7xx_hal_i2c.o [4]
  .text              ro code   0x800'7668     0x2  stm32h7xx_hal_i2c.o [4]
  .text              ro code   0x800'766a     0x2  stm32h7xx_hal_i2c.o [4]
  .text              ro code   0x800'766c     0x2  stm32h7xx_hal_i2c.o [4]
  .text              ro code   0x800'766e     0x2  stm32h7xx_hal_i2c.o [4]
  .text              ro code   0x800'7670     0x2  stm32h7xx_hal_i2c.o [4]
  .text              ro code   0x800'7672     0x2  stm32h7xx_hal_i2c.o [4]
  .text              ro code   0x800'7674     0x2  stm32h7xx_hal_tim.o [4]
  .text              ro code   0x800'7676     0x2  stm32h7xx_hal_tim.o [4]
  .text              ro code   0x800'7678     0x2  stm32h7xx_hal_tim.o [4]
  .text              ro code   0x800'767a     0x2  stm32h7xx_hal_tim.o [4]
  .text              ro code   0x800'767c     0x2  stm32h7xx_hal_tim_ex.o [4]
  .text              ro code   0x800'767e     0x2  stm32h7xx_hal_tim_ex.o [4]
  .text              ro code   0x800'7680     0x2  stm32h7xx_hal_tim.o [4]
  .text              ro code   0x800'7682     0x2  stm32h7xx_hal_tim_ex.o [4]
  .text              ro code   0x800'7684    0x16  strchr.o [7]
  .text              ro code   0x800'769c    0x40  xfail_s.o [5]
  .text              ro code   0x800'76dc    0xa6  ABImemcpy.o [7]
  .text              ro code   0x800'7784    0x70  frexp.o [6]
  .text              ro code   0x800'77f4    0x34  DblCmpLe.o [6]
  .text              ro code   0x800'7828    0x34  DblCmpGe.o [6]
  .text              ro code   0x800'785c   0x104  ldexp.o [6]
  .text              ro code   0x800'7960     0xe  DblToS32.o [6]
  .text              ro code   0x800'796e     0xe  S32ToDbl.o [6]
  .text              ro code   0x800'797c    0x12  DblSub.o [6]
  .text              ro code   0x800'798e    0x12  DblDiv.o [6]
  .text              ro code   0x800'79a0     0xe  DblToU32.o [6]
  .text              ro code   0x800'79ae     0xe  U32ToDbl.o [6]
  .text              ro code   0x800'79bc    0x12  DblMul.o [6]
  .text              ro code   0x800'79d0    0x3c  xlocale_c.o [5]
  .text              ro code   0x800'7a0c     0x6  abort.o [5]
  .text              ro code   0x800'7a14    0x14  exit.o [8]
  .text              ro code   0x800'7a28   0x114  system_stm32h7xx.o [3]
  .text              ro code   0x800'7b3c    0x78  lz77_init_single.o [7]
  .rodata            const     0x800'7bb4    0x50  iar_Stoulx.o [5]
  .text              ro code   0x800'7c04    0x38  zero_init3.o [7]
  .text              ro code   0x800'7c3c    0x28  data_init.o [7]
  .text              ro code   0x800'7c64    0x22  fpinit_M.o [6]
  .iar.init_table    const     0x800'7c88    0x20  - Linker created -
  .text              ro code   0x800'7ca8    0x1e  cmain.o [7]
  .text              ro code   0x800'7cc6     0x4  low_level_init.o [5]
  .text              ro code   0x800'7cca     0x4  exit.o [5]
  .text              ro code   0x800'7cd0     0xa  cexit.o [7]
  .text              ro code   0x800'7cdc    0x1c  cstartup_M.o [7]
  .rodata            const     0x800'7cf8    0x18  stm32h7xx_hal_uart.o [4]
  .text              ro code   0x800'7d10    0x18  stm32h7xx_hal.o [4]
  .text              ro code   0x800'7d28    0x18  stm32h7xx_it.o [2]
  .rodata            const     0x800'7d40    0x10  system_stm32h7xx.o [3]
  .text              ro code   0x800'7d50    0x10  startup_stm32h743xx.o [1]
  .rodata            const     0x800'7d60     0xc  main.o [2]
  .rodata            const     0x800'7d6c     0x8  main.o [2]
  .text              ro code   0x800'7d74     0x4  startup_stm32h743xx.o [1]
  .text              ro code   0x800'7d78     0x4  startup_stm32h743xx.o [1]
  .text              ro code   0x800'7d7c     0x4  startup_stm32h743xx.o [1]
  .text              ro code   0x800'7d80     0x4  startup_stm32h743xx.o [1]
  .text              ro code   0x800'7d84     0x4  startup_stm32h743xx.o [1]
  .text              ro code   0x800'7d88     0x4  startup_stm32h743xx.o [1]
  .text              ro code   0x800'7d8c     0x4  startup_stm32h743xx.o [1]
  .text              ro code   0x800'7d90     0x4  startup_stm32h743xx.o [1]
  .text              ro code   0x800'7d94     0x4  startup_stm32h743xx.o [1]
  .text              ro code   0x800'7d98     0x4  startup_stm32h743xx.o [1]
  .text              ro code   0x800'7d9c     0x4  startup_stm32h743xx.o [1]
  .text              ro code   0x800'7da0     0x4  startup_stm32h743xx.o [1]
  .text              ro code   0x800'7da4     0x4  startup_stm32h743xx.o [1]
  .text              ro code   0x800'7da8     0x4  startup_stm32h743xx.o [1]
  .text              ro code   0x800'7dac     0x4  startup_stm32h743xx.o [1]
  .text              ro code   0x800'7db0     0x4  startup_stm32h743xx.o [1]
  .text              ro code   0x800'7db4     0x4  startup_stm32h743xx.o [1]
  .text              ro code   0x800'7db8     0x4  startup_stm32h743xx.o [1]
  .text              ro code   0x800'7dbc     0x4  startup_stm32h743xx.o [1]
  .text              ro code   0x800'7dc0     0x4  startup_stm32h743xx.o [1]
  .text              ro code   0x800'7dc4     0x4  startup_stm32h743xx.o [1]
  .text              ro code   0x800'7dc8     0x4  startup_stm32h743xx.o [1]
  .text              ro code   0x800'7dcc     0x4  startup_stm32h743xx.o [1]
  .text              ro code   0x800'7dd0     0x4  startup_stm32h743xx.o [1]
  .text              ro code   0x800'7dd4     0x4  startup_stm32h743xx.o [1]
  .text              ro code   0x800'7dd8     0x4  startup_stm32h743xx.o [1]
  .text              ro code   0x800'7ddc     0x4  startup_stm32h743xx.o [1]
  .text              ro code   0x800'7de0     0x4  startup_stm32h743xx.o [1]
  .text              ro code   0x800'7de4     0x4  startup_stm32h743xx.o [1]
  .text              ro code   0x800'7de8     0x4  startup_stm32h743xx.o [1]
  .text              ro code   0x800'7dec     0x4  startup_stm32h743xx.o [1]
  .text              ro code   0x800'7df0     0x4  startup_stm32h743xx.o [1]
  .text              ro code   0x800'7df4     0x4  startup_stm32h743xx.o [1]
  .text              ro code   0x800'7df8     0x4  startup_stm32h743xx.o [1]
  .text              ro code   0x800'7dfc     0x4  startup_stm32h743xx.o [1]
  .text              ro code   0x800'7e00     0x4  startup_stm32h743xx.o [1]
  .text              ro code   0x800'7e04     0x4  startup_stm32h743xx.o [1]
  .text              ro code   0x800'7e08     0x4  startup_stm32h743xx.o [1]
  .text              ro code   0x800'7e0c     0x4  startup_stm32h743xx.o [1]
  .text              ro code   0x800'7e10     0x4  startup_stm32h743xx.o [1]
  .text              ro code   0x800'7e14     0x4  startup_stm32h743xx.o [1]
  .text              ro code   0x800'7e18     0x4  startup_stm32h743xx.o [1]
  .text              ro code   0x800'7e1c     0x4  startup_stm32h743xx.o [1]
  .text              ro code   0x800'7e20     0x4  startup_stm32h743xx.o [1]
  .text              ro code   0x800'7e24     0x4  startup_stm32h743xx.o [1]
  .text              ro code   0x800'7e28     0x4  startup_stm32h743xx.o [1]
  .text              ro code   0x800'7e2c     0x4  startup_stm32h743xx.o [1]
  .text              ro code   0x800'7e30     0x4  startup_stm32h743xx.o [1]
  .text              ro code   0x800'7e34     0x4  startup_stm32h743xx.o [1]
  .text              ro code   0x800'7e38     0x4  startup_stm32h743xx.o [1]
  .text              ro code   0x800'7e3c     0x4  startup_stm32h743xx.o [1]
  .text              ro code   0x800'7e40     0x4  startup_stm32h743xx.o [1]
  .text              ro code   0x800'7e44     0x4  startup_stm32h743xx.o [1]
  .text              ro code   0x800'7e48     0x4  startup_stm32h743xx.o [1]
  .text              ro code   0x800'7e4c     0x4  startup_stm32h743xx.o [1]
  .text              ro code   0x800'7e50     0x4  startup_stm32h743xx.o [1]
  .text              ro code   0x800'7e54     0x4  startup_stm32h743xx.o [1]
  .text              ro code   0x800'7e58     0x4  startup_stm32h743xx.o [1]
  .text              ro code   0x800'7e5c     0x4  startup_stm32h743xx.o [1]
  .text              ro code   0x800'7e60     0x4  startup_stm32h743xx.o [1]
  .text              ro code   0x800'7e64     0x4  startup_stm32h743xx.o [1]
  .text              ro code   0x800'7e68     0x4  startup_stm32h743xx.o [1]
  .text              ro code   0x800'7e6c     0x4  startup_stm32h743xx.o [1]
  .text              ro code   0x800'7e70     0x4  startup_stm32h743xx.o [1]
  .text              ro code   0x800'7e74     0x4  startup_stm32h743xx.o [1]
  .text              ro code   0x800'7e78     0x4  startup_stm32h743xx.o [1]
  .text              ro code   0x800'7e7c     0x4  startup_stm32h743xx.o [1]
  .text              ro code   0x800'7e80     0x4  startup_stm32h743xx.o [1]
  .text              ro code   0x800'7e84     0x4  startup_stm32h743xx.o [1]
  .text              ro code   0x800'7e88     0x4  startup_stm32h743xx.o [1]
  .text              ro code   0x800'7e8c     0x4  startup_stm32h743xx.o [1]
  .text              ro code   0x800'7e90     0x4  startup_stm32h743xx.o [1]
  .text              ro code   0x800'7e94     0x4  startup_stm32h743xx.o [1]
  .text              ro code   0x800'7e98     0x4  startup_stm32h743xx.o [1]
  .text              ro code   0x800'7e9c     0x4  startup_stm32h743xx.o [1]
  .text              ro code   0x800'7ea0     0x4  startup_stm32h743xx.o [1]
  .text              ro code   0x800'7ea4     0x4  startup_stm32h743xx.o [1]
  .text              ro code   0x800'7ea8     0x4  startup_stm32h743xx.o [1]
  .text              ro code   0x800'7eac     0x4  startup_stm32h743xx.o [1]
  .text              ro code   0x800'7eb0     0x4  startup_stm32h743xx.o [1]
  .text              ro code   0x800'7eb4     0x4  startup_stm32h743xx.o [1]
  .text              ro code   0x800'7eb8     0x4  startup_stm32h743xx.o [1]
  .text              ro code   0x800'7ebc     0x4  startup_stm32h743xx.o [1]
  .text              ro code   0x800'7ec0     0x4  startup_stm32h743xx.o [1]
  .text              ro code   0x800'7ec4     0x4  startup_stm32h743xx.o [1]
  .text              ro code   0x800'7ec8     0x4  startup_stm32h743xx.o [1]
  .text              ro code   0x800'7ecc     0x4  startup_stm32h743xx.o [1]
  .text              ro code   0x800'7ed0     0x4  startup_stm32h743xx.o [1]
  .text              ro code   0x800'7ed4     0x4  startup_stm32h743xx.o [1]
  .text              ro code   0x800'7ed8     0x4  startup_stm32h743xx.o [1]
  .text              ro code   0x800'7edc     0x4  startup_stm32h743xx.o [1]
  .text              ro code   0x800'7ee0     0x4  startup_stm32h743xx.o [1]
  .text              ro code   0x800'7ee4     0x4  startup_stm32h743xx.o [1]
  .text              ro code   0x800'7ee8     0x4  startup_stm32h743xx.o [1]
  .text              ro code   0x800'7eec     0x4  startup_stm32h743xx.o [1]
  .text              ro code   0x800'7ef0     0x4  startup_stm32h743xx.o [1]
  .text              ro code   0x800'7ef4     0x4  startup_stm32h743xx.o [1]
  .text              ro code   0x800'7ef8     0x4  startup_stm32h743xx.o [1]
  .text              ro code   0x800'7efc     0x4  startup_stm32h743xx.o [1]
  .text              ro code   0x800'7f00     0x4  startup_stm32h743xx.o [1]
  .text              ro code   0x800'7f04     0x4  startup_stm32h743xx.o [1]
  .text              ro code   0x800'7f08     0x4  startup_stm32h743xx.o [1]
  .text              ro code   0x800'7f0c     0x4  startup_stm32h743xx.o [1]
  .text              ro code   0x800'7f10     0x4  startup_stm32h743xx.o [1]
  .text              ro code   0x800'7f14     0x4  startup_stm32h743xx.o [1]
  .text              ro code   0x800'7f18     0x4  startup_stm32h743xx.o [1]
  .text              ro code   0x800'7f1c     0x4  startup_stm32h743xx.o [1]
  .text              ro code   0x800'7f20     0x4  startup_stm32h743xx.o [1]
  .text              ro code   0x800'7f24     0x4  startup_stm32h743xx.o [1]
  .text              ro code   0x800'7f28     0x4  startup_stm32h743xx.o [1]
  .text              ro code   0x800'7f2c     0x4  startup_stm32h743xx.o [1]
  .text              ro code   0x800'7f30     0x4  startup_stm32h743xx.o [1]
  .text              ro code   0x800'7f34     0x4  startup_stm32h743xx.o [1]
  .text              ro code   0x800'7f38     0x4  startup_stm32h743xx.o [1]
  .text              ro code   0x800'7f3c     0x4  startup_stm32h743xx.o [1]
  .text              ro code   0x800'7f40     0x4  startup_stm32h743xx.o [1]
  .text              ro code   0x800'7f44     0x4  startup_stm32h743xx.o [1]
  .text              ro code   0x800'7f48     0x4  startup_stm32h743xx.o [1]
  .text              ro code   0x800'7f4c     0x4  startup_stm32h743xx.o [1]
  .text              ro code   0x800'7f50     0x4  startup_stm32h743xx.o [1]
  .text              ro code   0x800'7f54     0x4  startup_stm32h743xx.o [1]
  .text              ro code   0x800'7f58     0x4  startup_stm32h743xx.o [1]
  .text              ro code   0x800'7f5c     0x4  startup_stm32h743xx.o [1]
  .text              ro code   0x800'7f60     0x4  startup_stm32h743xx.o [1]
  .text              ro code   0x800'7f64     0x4  startup_stm32h743xx.o [1]
  .text              ro code   0x800'7f68     0x4  startup_stm32h743xx.o [1]
  .text              ro code   0x800'7f6c     0x4  startup_stm32h743xx.o [1]
  .text              ro code   0x800'7f70     0x4  startup_stm32h743xx.o [1]
  .text              ro code   0x800'7f74     0x4  startup_stm32h743xx.o [1]
  .text              ro code   0x800'7f78     0x4  startup_stm32h743xx.o [1]
  .text              ro code   0x800'7f7c     0x4  startup_stm32h743xx.o [1]
  .rodata            const     0x800'7f80     0x0  zero_init3.o [7]
  .rodata            const     0x800'7f80     0x0  lz77_init_single.o [7]
  Initializer bytes  const     0x800'7f80    0x46  <for P2-1>
                             - 0x800'7fc6  0x7d2e

"P2", part 1 of 3:                           0x99
  P2-1                        0x2000'0000    0x99  <Init block>
    .data            inited   0x2000'0000     0xc  main.o [2]
    .data            inited   0x2000'000c     0x4  stm32h7xx_hal.o [4]
    .data            inited   0x2000'0010     0x4  system_stm32h7xx.o [3]
    .data            inited   0x2000'0014     0x4  system_stm32h7xx.o [3]
    .data            inited   0x2000'0018    0x38  xlocale_c.o [5]
    .data            inited   0x2000'0050    0x48  xlocale_c.o [5]
    .data            inited   0x2000'0098     0x1  stm32h7xx_hal.o [4]
                            - 0x2000'0099    0x99

"P2", part 2 of 3:                          0x64c
  .bss               zero     0x2000'009c   0x200  main.o [2]
  .bss               zero     0x2000'029c    0x94  main.o [2]
  .bss               zero     0x2000'0330    0x94  main.o [2]
  .bss               zero     0x2000'03c4    0x80  main.o [2]
  .bss               zero     0x2000'0444    0x80  main.o [2]
  .bss               zero     0x2000'04c4    0x80  main.o [2]
  .bss               zero     0x2000'0544    0x54  main.o [2]
  .bss               zero     0x2000'0598    0x4c  main.o [2]
  .bss               zero     0x2000'05e4    0x4c  main.o [2]
  .bss               zero     0x2000'0630    0x4c  main.o [2]
  .bss               zero     0x2000'067c     0x4  main.o [2]
  .bss               zero     0x2000'0680     0x4  main.o [2]
  .bss               zero     0x2000'0684     0x4  main.o [2]
  .bss               zero     0x2000'0688     0x4  main.o [2]
  .bss               zero     0x2000'068c     0x4  main.o [2]
  .bss               zero     0x2000'0690     0x4  main.o [2]
  .bss               zero     0x2000'0694     0x4  main.o [2]
  .bss               zero     0x2000'0698     0x4  main.o [2]
  .bss               zero     0x2000'069c     0x4  main.o [2]
  .bss               zero     0x2000'06a0     0x4  main.o [2]
  .bss               zero     0x2000'06a4     0x4  main.o [2]
  .bss               zero     0x2000'06a8     0x4  main.o [2]
  .bss               zero     0x2000'06ac     0x4  main.o [2]
  .bss               zero     0x2000'06b0     0x4  main.o [2]
  .bss               zero     0x2000'06b4     0x4  main.o [2]
  .bss               zero     0x2000'06b8     0x4  main.o [2]
  .bss               zero     0x2000'06bc     0x4  main.o [2]
  .bss               zero     0x2000'06c0     0x4  main.o [2]
  .bss               zero     0x2000'06c4     0x4  main.o [2]
  .bss               zero     0x2000'06c8     0x4  main.o [2]
  .bss               zero     0x2000'06cc     0x4  main.o [2]
  .bss               zero     0x2000'06d0     0x4  main.o [2]
  .bss               zero     0x2000'06d4     0x4  main.o [2]
  .bss               zero     0x2000'06d8     0x4  main.o [2]
  .bss               zero     0x2000'06dc     0x4  stm32h7xx_hal.o [4]
  .bss               zero     0x2000'06e0     0x4  xfail_s.o [5]
  .bss               zero     0x2000'06e4     0x1  main.o [2]
                            - 0x2000'06e5   0x649

"P2", part 3 of 3:                          0x400
  CSTACK                      0x2000'06e8   0x400  <Block>
    CSTACK           uninit   0x2000'06e8   0x400  <Block tail>
                            - 0x2000'0ae8   0x400

Unused ranges:

         From           To       Size
         ----           --       ----
   0x800'7fc6   0x81f'ffff  0x1f'803a
  0x2000'0099  0x2000'009b        0x3
  0x2000'0ae8  0x2001'ffff   0x1'f518


*******************************************************************************
*** INIT TABLE
***

          Address      Size
          -------      ----
Zero (__iar_zero_init3)
    1 destination range, total size 0x649:
          0x2000'009c  0x649

Copy/lz77 (__iar_lz77_init_single3)
    1 source range, total size 0x46 (45% of destination):
           0x800'7f80   0x46
    1 destination range, total size 0x99:
          0x2000'0000   0x99



*******************************************************************************
*** MODULE SUMMARY
***

    Module                   ro code  ro data  rw data
    ------                   -------  -------  -------
command line/config:
    --------------------------------------------------
    Total:

C:\Users\lorrn\Desktop\Tirocinio\STM32H743\RXModeLed\EWARM\LED_V1\Obj\Application\EWARM: [1]
    startup_stm32h743xx.o      1'204
    --------------------------------------------------
    Total:                     1'204

C:\Users\lorrn\Desktop\Tirocinio\STM32H743\RXModeLed\EWARM\LED_V1\Obj\Application\User\Core: [2]
    main.o                     4'460       25    1'613
    stm32h7xx_hal_msp.o           32
    stm32h7xx_it.o                24
    --------------------------------------------------
    Total:                     4'516       25    1'613

C:\Users\lorrn\Desktop\Tirocinio\STM32H743\RXModeLed\EWARM\LED_V1\Obj\Drivers\CMSIS: [3]
    system_stm32h7xx.o           276       19        8
    --------------------------------------------------
    Total:                       276       19        8

C:\Users\lorrn\Desktop\Tirocinio\STM32H743\RXModeLed\EWARM\LED_V1\Obj\Drivers\STM32H7xx_HAL_Driver: [4]
    stm32h7xx_hal.o              240        3        9
    stm32h7xx_hal_cortex.o       500
    stm32h7xx_hal_dma.o        2'246
    stm32h7xx_hal_gpio.o         700
    stm32h7xx_hal_i2c.o        4'650
    stm32h7xx_hal_pwr_ex.o        88
    stm32h7xx_hal_rcc.o        3'176
    stm32h7xx_hal_rcc_ex.o     1'184
    stm32h7xx_hal_tim.o          962
    stm32h7xx_hal_tim_ex.o         6
    stm32h7xx_hal_uart.o       6'166       24
    stm32h7xx_hal_uart_ex.o        6
    --------------------------------------------------
    Total:                    19'924       27        9

dl7M_tlf.a: [5]
    abort.o                        6
    exit.o                         4
    iar_Stoulx.o                 332       80
    isspace.o                     20
    low_level_init.o               4
    sprintf.o                     64
    tolower.o                     20
    xfail_s.o                     64                 4
    xlocale_c.o                   60       64      128
    xprintffull_nomb.o         3'886
    xsprout.o                     10
    --------------------------------------------------
    Total:                     4'470      144      132

m7M_tlv.a: [6]
    DblCmpGe.o                    52
    DblCmpLe.o                    52
    DblDiv.o                      18
    DblMul.o                      18
    DblSub.o                      18
    DblToS32.o                    14
    DblToU32.o                    14
    S32ToDbl.o                    14
    U32ToDbl.o                    14
    fpinit_M.o                    34
    frexp.o                      112
    ldexp.o                      260
    --------------------------------------------------
    Total:                       620

rt7M_tl.a: [7]
    ABImemcpy.o                  166
    ABImemset.o                  102
    I64DivMod.o                  560
    I64DivZer.o                    2
    cexit.o                       10
    cmain.o                       30
    cstartup_M.o                  28
    data_init.o                   40
    lz77_init_single.o           120
    memchr.o                      88
    strchr.o                      22
    strcpy.o                      24
    strlen.o                      54
    strncpy.o                    112
    zero_init3.o                  56
    --------------------------------------------------
    Total:                     1'414

shb_l.a: [8]
    exit.o                        20
    --------------------------------------------------
    Total:                        20

    Gaps                          17        2
    Linker created                         32    1'024
------------------------------------------------------
    Grand Total:              32'461      249    2'786


*******************************************************************************
*** ENTRY LIST
***

Entry                       Address   Size  Type      Object
-----                       -------   ----  ----      ------
.iar.init_table$$Base    0x800'7c88          --   Gb  - Linker created -
.iar.init_table$$Limit   0x800'7ca8          --   Gb  - Linker created -
?main                    0x800'7ca9         Code  Gb  cmain.o [7]
BusFault_Handler         0x800'7d2f    0x2  Code  Gb  stm32h7xx_it.o [2]
CSTACK$$Base            0x2000'06e8          --   Gb  - Linker created -
CSTACK$$Limit           0x2000'0ae8          --   Gb  - Linker created -
D1CorePrescTable         0x800'7d40   0x10  Data  Gb  system_stm32h7xx.o [3]
DebugMon_Handler         0x800'7d35    0x2  Code  Gb  stm32h7xx_it.o [2]
EXTI3_IRQHandler         0x800'38d5    0xa  Code  Gb  main.o [2]
EXTI4_IRQHandler         0x800'38df    0xa  Code  Gb  main.o [2]
Error_Handler            0x800'4131    0x4  Code  Gb  main.o [2]
HAL_DMA_Abort            0x800'1ab5  0x476  Code  Gb  stm32h7xx_hal_dma.o [4]
HAL_DMA_Abort_IT         0x800'1f81  0x38e  Code  Gb  stm32h7xx_hal_dma.o [4]
HAL_DMA_GetState         0x800'2375    0x6  Code  Gb  stm32h7xx_hal_dma.o [4]
HAL_GPIO_EXTI_Callback   0x800'3b59   0x6c  Code  Gb  main.o [2]
HAL_GPIO_EXTI_IRQHandler
                         0x800'44f3   0x20  Code  Gb  stm32h7xx_hal_gpio.o [4]
HAL_GPIO_Init            0x800'4295  0x22e  Code  Gb  stm32h7xx_hal_gpio.o [4]
HAL_GPIO_ReadPin         0x800'44c3   0x16  Code  Gb  stm32h7xx_hal_gpio.o [4]
HAL_GPIO_WritePin        0x800'44d9   0x1a  Code  Gb  stm32h7xx_hal_gpio.o [4]
HAL_GetREVID             0x800'41e7    0xa  Code  Gb  stm32h7xx_hal.o [4]
HAL_GetTick              0x800'2fbd    0xc  Code  Wk  stm32h7xx_hal.o [4]
HAL_I2C_EV_IRQHandler    0x800'4881   0x1e  Code  Gb  stm32h7xx_hal_i2c.o [4]
HAL_I2C_Init             0x800'470d   0xcc  Code  Gb  stm32h7xx_hal_i2c.o [4]
HAL_I2C_MasterTxCpltCallback
                         0x800'38e9   0x14  Code  Gb  main.o [2]
HAL_I2C_Master_Transmit_IT
                         0x800'47d9   0x9a  Code  Gb  stm32h7xx_hal_i2c.o [4]
HAL_IncTick              0x800'7d11   0x18  Code  Wk  stm32h7xx_hal.o [4]
HAL_Init                 0x800'4191   0x56  Code  Gb  stm32h7xx_hal.o [4]
HAL_InitTick             0x800'4139   0x58  Code  Wk  stm32h7xx_hal.o [4]
HAL_MPU_ConfigRegion     0x800'6603   0x58  Code  Gb  stm32h7xx_hal_cortex.o [4]
HAL_MPU_Disable          0x800'65d1   0x16  Code  Gb  stm32h7xx_hal_cortex.o [4]
HAL_MPU_Enable           0x800'65e7   0x1c  Code  Gb  stm32h7xx_hal_cortex.o [4]
HAL_MspInit              0x800'6691   0x20  Code  Gb  stm32h7xx_hal_msp.o [2]
HAL_NVIC_EnableIRQ       0x800'65b7    0xe  Code  Gb  stm32h7xx_hal_cortex.o [4]
HAL_NVIC_SetPriority     0x800'6593   0x24  Code  Gb  stm32h7xx_hal_cortex.o [4]
HAL_NVIC_SetPriorityGrouping
                         0x800'6587    0xc  Code  Gb  stm32h7xx_hal_cortex.o [4]
HAL_PWREx_ConfigSupply   0x800'5d45   0x50  Code  Gb  stm32h7xx_hal_pwr_ex.o [4]
HAL_RCCEx_GetD3PCLK1Freq
                         0x800'2385   0x1e  Code  Gb  stm32h7xx_hal_rcc_ex.o [4]
HAL_RCCEx_GetPLL2ClockFreq
                         0x800'23a5  0x218  Code  Gb  stm32h7xx_hal_rcc_ex.o [4]
HAL_RCCEx_GetPLL3ClockFreq
                         0x800'25d5  0x218  Code  Gb  stm32h7xx_hal_rcc_ex.o [4]
HAL_RCC_ClockConfig      0x800'2a55  0x290  Code  Gb  stm32h7xx_hal_rcc.o [4]
HAL_RCC_GetHCLKFreq      0x800'2efd   0x36  Code  Gb  stm32h7xx_hal_rcc.o [4]
HAL_RCC_GetPCLK1Freq     0x800'2f33   0x1a  Code  Gb  stm32h7xx_hal_rcc.o [4]
HAL_RCC_GetPCLK2Freq     0x800'2f4d   0x1a  Code  Gb  stm32h7xx_hal_rcc.o [4]
HAL_RCC_GetSysClockFreq
                         0x800'2ce5  0x218  Code  Gb  stm32h7xx_hal_rcc.o [4]
HAL_RCC_OscConfig        0x800'5d9d  0x700  Code  Wk  stm32h7xx_hal_rcc.o [4]
HAL_SYSTICK_Config       0x800'65c5    0xc  Code  Gb  stm32h7xx_hal_cortex.o [4]
HAL_TIMEx_Break2Callback
                         0x800'767f    0x2  Code  Wk  stm32h7xx_hal_tim_ex.o [4]
HAL_TIMEx_BreakCallback
                         0x800'767d    0x2  Code  Wk  stm32h7xx_hal_tim_ex.o [4]
HAL_TIMEx_CommutCallback
                         0x800'7683    0x2  Code  Wk  stm32h7xx_hal_tim_ex.o [4]
HAL_TIM_Base_Init        0x800'5925   0x7a  Code  Gb  stm32h7xx_hal_tim.o [4]
HAL_TIM_Base_Start_IT    0x800'599f   0xa2  Code  Gb  stm32h7xx_hal_tim.o [4]
HAL_TIM_IRQHandler       0x800'5a61  0x194  Code  Gb  stm32h7xx_hal_tim.o [4]
HAL_TIM_PeriodElapsedCallback
                         0x800'3921  0x204  Code  Gb  main.o [2]
HAL_UARTEx_RxFifoFullCallback
                         0x800'2383    0x2  Code  Wk  stm32h7xx_hal_uart_ex.o [4]
HAL_UARTEx_TxFifoEmptyCallback
                         0x800'2381    0x2  Code  Wk  stm32h7xx_hal_uart_ex.o [4]
HAL_UARTEx_WakeupCallback
                         0x800'237f    0x2  Code  Wk  stm32h7xx_hal_uart_ex.o [4]
HAL_UART_IRQHandler      0x800'043d  0x46a  Code  Gb  stm32h7xx_hal_uart.o [4]
HAL_UART_Init            0x800'0299   0x7e  Code  Gb  stm32h7xx_hal_uart.o [4]
HAL_UART_Receive_IT      0x800'03cb   0x5e  Code  Gb  stm32h7xx_hal_uart.o [4]
HAL_UART_RxCpltCallback
                         0x800'375f   0xa0  Code  Gb  main.o [2]
HAL_UART_Transmit_IT     0x800'0317   0xb4  Code  Gb  stm32h7xx_hal_uart.o [4]
HAL_UART_TxCpltCallback
                         0x800'37ff   0x8a  Code  Gb  main.o [2]
HardFault_Handler        0x800'7d2b    0x2  Code  Gb  stm32h7xx_it.o [2]
I2C1_EV_IRQHandler       0x800'38c5    0xc  Code  Gb  main.o [2]
I2C_DMAAbort             0x800'57a5   0x26  Code  Lc  stm32h7xx_hal_i2c.o [4]
I2C_Disable_IRQ          0x800'58a9   0x7a  Code  Lc  stm32h7xx_hal_i2c.o [4]
I2C_Enable_IRQ           0x800'5803   0x90  Code  Lc  stm32h7xx_hal_i2c.o [4]
I2C_Flush_TXDR           0x800'577b   0x24  Code  Lc  stm32h7xx_hal_i2c.o [4]
I2C_ITAddrCplt           0x800'4f8d   0xdc  Code  Lc  stm32h7xx_hal_i2c.o [4]
I2C_ITError              0x800'55b9  0x14a  Code  Lc  stm32h7xx_hal_i2c.o [4]
I2C_ITListenCplt         0x800'554f   0x6a  Code  Lc  stm32h7xx_hal_i2c.o [4]
I2C_ITMasterCplt         0x800'5143  0x11a  Code  Lc  stm32h7xx_hal_i2c.o [4]
I2C_ITMasterSeqCplt      0x800'5069   0x5a  Code  Lc  stm32h7xx_hal_i2c.o [4]
I2C_ITSlaveCplt          0x800'525d  0x2f2  Code  Lc  stm32h7xx_hal_i2c.o [4]
I2C_ITSlaveSeqCplt       0x800'50c3   0x80  Code  Lc  stm32h7xx_hal_i2c.o [4]
I2C_Init                 0x800'4021   0x9a  Code  Gb  main.o [2]
I2C_Master_ISR_DMA       0x800'4b6d  0x14a  Code  Lc  stm32h7xx_hal_i2c.o [4]
I2C_Master_ISR_IT        0x800'48a1  0x186  Code  Lc  stm32h7xx_hal_i2c.o [4]
I2C_Slave_ISR_DMA        0x800'4cb9  0x2ce  Code  Lc  stm32h7xx_hal_i2c.o [4]
I2C_Slave_ISR_IT         0x800'4a29  0x144  Code  Lc  stm32h7xx_hal_i2c.o [4]
I2C_TransferConfig       0x800'57d1   0x32  Code  Lc  stm32h7xx_hal_i2c.o [4]
I2C_TreatErrorCallback   0x800'5745   0x36  Code  Lc  stm32h7xx_hal_i2c.o [4]
Init_RovBuf              0x800'3289   0x2e  Code  Gb  main.o [2]
MPU_Config               0x800'3dcd   0x60  Code  Lc  main.o [2]
MX_GPIO_Init             0x800'3c91  0x134  Code  Lc  main.o [2]
MemManage_Handler        0x800'7d2d    0x2  Code  Gb  stm32h7xx_it.o [2]
NMI_Handler              0x800'7d29    0x2  Code  Gb  stm32h7xx_it.o [2]
NVIC_EncodePriority      0x800'6517   0x40  Code  Lc  stm32h7xx_hal_cortex.o [4]
PendSV_Handler           0x800'7d37    0x2  Code  Gb  stm32h7xx_it.o [2]
Region$$Table$$Base      0x800'7c88          --   Gb  - Linker created -
Region$$Table$$Limit     0x800'7ca8          --   Gb  - Linker created -
SVC_Handler              0x800'7d33    0x2  Code  Gb  stm32h7xx_it.o [2]
SysTick_Config           0x800'6557   0x30  Code  Lc  stm32h7xx_hal_cortex.o [4]
SysTick_Handler          0x800'7d39    0x8  Code  Gb  stm32h7xx_it.o [2]
SystemClock_Config       0x800'3bd1   0xaa  Code  Gb  main.o [2]
SystemCoreClock         0x2000'0010    0x4  Data  Gb  system_stm32h7xx.o [3]
SystemD2Clock           0x2000'0014    0x4  Data  Gb  system_stm32h7xx.o [3]
SystemInit               0x800'7a29   0xb6  Code  Gb  system_stm32h7xx.o [3]
TIM2_IRQHandler          0x800'38a1    0xc  Code  Gb  main.o [2]
TIM3_IRQHandler          0x800'38ad    0xc  Code  Gb  main.o [2]
TIM4_IRQHandler          0x800'38b9    0xc  Code  Gb  main.o [2]
TIM_Base_SetConfig       0x800'5bf5   0xc6  Code  Gb  stm32h7xx_hal_tim.o [4]
Timer_Init               0x800'3f1f   0xfa  Code  Gb  main.o [2]
TranslateCommand         0x800'33a1  0x190  Code  Gb  main.o [2]
TransmitCommand          0x800'3531   0xbc  Code  Gb  main.o [2]
UARTPrescTable           0x800'7cf8   0x18  Data  Gb  stm32h7xx_hal_uart.o [4]
UART_AdvFeatureConfig    0x800'0e81   0xda  Code  Gb  stm32h7xx_hal_uart.o [4]
UART_CheckIdleState      0x800'0f5b   0xd6  Code  Gb  stm32h7xx_hal_uart.o [4]
UART_DMAAbortOnError     0x800'12c5   0x1a  Code  Lc  stm32h7xx_hal_uart.o [4]
UART_EndRxTransfer       0x800'1221   0x60  Code  Lc  stm32h7xx_hal_uart.o [4]
UART_EndTransmit_IT      0x800'149d   0x2c  Code  Lc  stm32h7xx_hal_uart.o [4]
UART_Init                0x800'3e2d   0xf2  Code  Lc  main.o [2]
UART_RxISR_16BIT         0x800'15bd   0xf0  Code  Lc  stm32h7xx_hal_uart.o [4]
UART_RxISR_16BIT_FIFOEN
                         0x800'18a1  0x1f8  Code  Lc  stm32h7xx_hal_uart.o [4]
UART_RxISR_8BIT          0x800'14cd   0xee  Code  Lc  stm32h7xx_hal_uart.o [4]
UART_RxISR_8BIT_FIFOEN   0x800'16ad  0x1f4  Code  Lc  stm32h7xx_hal_uart.o [4]
UART_SetConfig           0x800'08b9  0x582  Code  Gb  stm32h7xx_hal_uart.o [4]
UART_Start_Receive_IT    0x800'10c7  0x15a  Code  Gb  stm32h7xx_hal_uart.o [4]
UART_TxISR_16BIT         0x800'1337   0x64  Code  Lc  stm32h7xx_hal_uart.o [4]
UART_TxISR_16BIT_FIFOEN
                         0x800'1419   0x84  Code  Lc  stm32h7xx_hal_uart.o [4]
UART_TxISR_8BIT          0x800'12df   0x58  Code  Lc  stm32h7xx_hal_uart.o [4]
UART_TxISR_8BIT_FIFOEN   0x800'139b   0x7e  Code  Lc  stm32h7xx_hal_uart.o [4]
UART_WaitOnFlagUntilTimeout
                         0x800'1031   0x96  Code  Gb  stm32h7xx_hal_uart.o [4]
USART2_IRQHandler        0x800'3889    0xc  Code  Gb  main.o [2]
USART3_IRQHandler        0x800'3895    0xc  Code  Gb  main.o [2]
UsageFault_Handler       0x800'7d31    0x2  Code  Gb  stm32h7xx_it.o [2]
_LitobFullNoMb           0x800'73e5  0x10c  Code  Lc  xprintffull_nomb.o [5]
_LocaleC_isspace         0x800'79dd   0x14  Code  Gb  xlocale_c.o [5]
_LocaleC_isupper         0x800'79d1    0x2  Code  Gb  xlocale_c.o [5]
_LocaleC_tolower         0x800'79f1    0xc  Code  Gb  xlocale_c.o [5]
_Locale_lconv           0x2000'0018   0x38  Data  Lc  xlocale_c.o [5]
_PrintfFullNoMb          0x800'66b1  0xd04  Code  Gb  xprintffull_nomb.o [5]
_PutcharFullNoMb         0x800'7549   0x20  Code  Lc  xprintffull_nomb.o [5]
_PutcharsFullNoMb        0x800'7569   0x2e  Code  Lc  xprintffull_nomb.o [5]
_SProut                  0x800'1aab    0xa  Code  Gb  xsprout.o [5]
__NVIC_EnableIRQ         0x800'64cd   0x1e  Code  Lc  stm32h7xx_hal_cortex.o [4]
__NVIC_GetPriorityGrouping
                         0x800'64bf    0xc  Code  Lc  stm32h7xx_hal_cortex.o [4]
__NVIC_SetPriority       0x800'64eb   0x2c  Code  Lc  stm32h7xx_hal_cortex.o [4]
__NVIC_SetPriorityGrouping
                         0x800'649d   0x22  Code  Lc  stm32h7xx_hal_cortex.o [4]
__aeabi_cdcmple          0x800'77f5         Code  Gb  DblCmpLe.o [6]
__aeabi_cdrcmple         0x800'7829         Code  Gb  DblCmpGe.o [6]
__aeabi_d2iz             0x800'7961    0xe  Code  Gb  DblToS32.o [6]
__aeabi_d2uiz            0x800'79a1    0xe  Code  Gb  DblToU32.o [6]
__aeabi_ddiv             0x800'798f   0x12  Code  Gb  DblDiv.o [6]
__aeabi_dmul             0x800'79bd   0x12  Code  Gb  DblMul.o [6]
__aeabi_dsub             0x800'797d   0x12  Code  Gb  DblSub.o [6]
__aeabi_i2d              0x800'796f    0xe  Code  Gb  S32ToDbl.o [6]
__aeabi_ldiv0            0x800'4135         Code  Gb  I64DivZer.o [7]
__aeabi_memcpy           0x800'76dd         Code  Gb  ABImemcpy.o [7]
__aeabi_memcpy4          0x800'76fd         Code  Gb  ABImemcpy.o [7]
__aeabi_memcpy8          0x800'76fd         Code  Gb  ABImemcpy.o [7]
__aeabi_memset           0x800'5cdd         Code  Gb  ABImemset.o [7]
__aeabi_ui2d             0x800'79af    0xe  Code  Gb  U32ToDbl.o [6]
__aeabi_uldivmod         0x800'2825         Code  Gb  I64DivMod.o [7]
__cmain                  0x800'7ca9         Code  Gb  cmain.o [7]
__exit                   0x800'7a15   0x14  Code  Gb  exit.o [8]
__iar_Fail_s             0x800'769d   0x1c  Code  Gb  xfail_s.o [5]
__iar_Memchr             0x800'7609         Code  Gb  memchr.o [7]
__iar_Memset             0x800'5cdd         Code  Gb  ABImemset.o [7]
__iar_Memset_word        0x800'5ce5         Code  Gb  ABImemset.o [7]
__iar_Stoulx             0x800'45c1  0x13a  Code  Gb  iar_Stoulx.o [5]
__iar_Strchr             0x800'7685         Code  Gb  strchr.o [7]
__iar_data_init3         0x800'7c3d   0x28  Code  Gb  data_init.o [7]
__iar_frexp              0x800'7791         Code  Gb  frexp.o [6]
__iar_frexpl             0x800'7791         Code  Gb  frexp.o [6]
__iar_globLocale        0x2000'0050   0x48  Data  Lc  xlocale_c.o [5]
__iar_global_Locale      0x800'79fd    0x4  Code  Gb  xlocale_c.o [5]
__iar_init_vfp           0x800'7c65         Code  Gb  fpinit_M.o [6]
__iar_ldexp64            0x800'7871         Code  Gb  ldexp.o [6]
__iar_lz77_init_single3
                         0x800'7b3d   0x78  Code  Gb  lz77_init_single.o [7]
__iar_program_start      0x800'7cdd         Code  Gb  cstartup_M.o [7]
__iar_scalbln64          0x800'7871         Code  Gb  ldexp.o [6]
__iar_scalbn64           0x800'7871         Code  Gb  ldexp.o [6]
__iar_softfp___iar_frexp64
                         0x800'7785         Code  Gb  frexp.o [6]
__iar_softfp___iar_ldexp64
                         0x800'785d         Code  Gb  ldexp.o [6]
__iar_softfp___iar_scalbln64
                         0x800'785d         Code  Gb  ldexp.o [6]
__iar_softfp___iar_scalbn64
                         0x800'785d         Code  Gb  ldexp.o [6]
__iar_softfp_frexp       0x800'7785         Code  Gb  frexp.o [6]
__iar_softfp_frexpl      0x800'7785         Code  Gb  frexp.o [6]
__iar_softfp_ldexp       0x800'785d         Code  Gb  ldexp.o [6]
__iar_softfp_ldexpl      0x800'785d         Code  Gb  ldexp.o [6]
__iar_softfp_scalbln     0x800'785d         Code  Gb  ldexp.o [6]
__iar_softfp_scalblnl    0x800'785d         Code  Gb  ldexp.o [6]
__iar_softfp_scalbn      0x800'785d         Code  Gb  ldexp.o [6]
__iar_softfp_scalbnl     0x800'785d         Code  Gb  ldexp.o [6]
__iar_zero_init3         0x800'7c05   0x38  Code  Gb  zero_init3.o [7]
__low_level_init         0x800'7cc7    0x4  Code  Gb  low_level_init.o [5]
__vector_table           0x800'0000         Data  Gb  startup_stm32h743xx.o [1]
_call_main               0x800'7cb5         Code  Gb  cmain.o [7]
_exit                    0x800'7cd1         Code  Gb  cexit.o [7]
abort                    0x800'7a0d    0x6  Code  Gb  abort.o [5]
atoi                     0x800'4701    0x2  Code  Gb  iar_Stoulx.o [5]
bufCheck                0x2000'04c4   0x80  Data  Gb  main.o [2]
bufOutReady             0x2000'06d8    0x4  Data  Gb  main.o [2]
checkCommand             0x800'35ed   0x76  Code  Gb  main.o [2]
checkCommandRov          0x800'32b7   0xe4  Code  Gb  main.o [2]
checkRx                 0x2000'06d0    0x4  Data  Gb  main.o [2]
comINbuf                0x2000'03c4   0x80  Data  Gb  main.o [2]
comOUTbuf               0x2000'0444   0x80  Data  Gb  main.o [2]
commandBufOutRov        0x2000'009c  0x200  Data  Gb  main.o [2]
commandReceivedFlag     0x2000'06cc    0x4  Data  Gb  main.o [2]
digits                   0x800'7bdc   0x28  Data  Lc  iar_Stoulx.o [5]
errorCommand            0x2000'068c    0x4  Data  Gb  main.o [2]
errorCommandRover       0x2000'06a8    0x4  Data  Gb  main.o [2]
exit                     0x800'7ccb    0x4  Code  Gb  exit.o [5]
goBack                   0x800'3663   0xfc  Code  Gb  main.o [2]
hi2c1                   0x2000'0544   0x54  Data  Gb  main.o [2]
htim2                   0x2000'0598   0x4c  Data  Gb  main.o [2]
htim3                   0x2000'05e4   0x4c  Data  Gb  main.o [2]
htim4                   0x2000'0630   0x4c  Data  Gb  main.o [2]
huart2                  0x2000'029c   0x94  Data  Gb  main.o [2]
huart3                  0x2000'0330   0x94  Data  Gb  main.o [2]
impulseCountEngForw     0x2000'06c0    0x4  Data  Gb  main.o [2]
impulseCountEngRight    0x2000'06c4    0x4  Data  Gb  main.o [2]
impulseResetFlag        0x2000'06c8    0x4  Data  Gb  main.o [2]
isspace                  0x800'75df   0x14  Code  Gb  isspace.o [5]
ldexp                    0x800'7871         Code  Gb  ldexp.o [6]
ldexpl                   0x800'7871         Code  Gb  ldexp.o [6]
ledNumber               0x2000'0690    0x4  Data  Gb  main.o [2]
ledState                0x2000'06a4    0x4  Data  Gb  main.o [2]
localeconv               0x800'7a01    0x4  Code  Gb  xlocale_c.o [5]
main                     0x800'2fc9  0x2c0  Code  Gb  main.o [2]
memchr                   0x800'7609         Code  Gb  memchr.o [7]
messageTransmitted      0x2000'06bc    0x4  Data  Gb  main.o [2]
mode                    0x2000'0694    0x4  Data  Gb  main.o [2]
moveTick                0x2000'06ac    0x4  Data  Gb  main.o [2]
ndigs                    0x800'7bb4   0x28  Data  Lc  iar_Stoulx.o [5]
noReset2                0x2000'069c    0x4  Data  Gb  main.o [2]
noReset3                0x2000'06a0    0x4  Data  Gb  main.o [2]
numBytesIN              0x2000'067c    0x4  Data  Gb  main.o [2]
numBytesOUT             0x2000'0680    0x4  Data  Gb  main.o [2]
numBytesTransmitted     0x2000'0684    0x4  Data  Gb  main.o [2]
roverDirection          0x2000'06e4    0x1  Data  Gb  main.o [2]
scalbln                  0x800'7871         Code  Gb  ldexp.o [6]
scalblnl                 0x800'7871         Code  Gb  ldexp.o [6]
scalbn                   0x800'7871         Code  Gb  ldexp.o [6]
scalbnl                  0x800'7871         Code  Gb  ldexp.o [6]
scale                    0x800'74f1   0x46  Code  Lc  xprintffull_nomb.o [5]
sec_hand                0x2000'06e0    0x4  Data  Lc  xfail_s.o [5]
speedArray              0x2000'0000    0xc  Data  Gb  main.o [2]
speedRov                0x2000'06b4    0x4  Data  Gb  main.o [2]
sprintf                  0x800'4255   0x40  Code  Gb  sprintf.o [5]
startTargetAngle        0x2000'06d4    0x4  Data  Gb  main.o [2]
strchr                   0x800'7685         Code  Gb  strchr.o [7]
strcpy                   0x800'423d         Code  Gb  strcpy.o [7]
strlen                   0x800'4205         Code  Gb  strlen.o [7]
strncpy                  0x800'4551         Code  Gb  strncpy.o [7]
sysClkSpeed             0x2000'0698    0x4  Data  Gb  main.o [2]
timeCountRov            0x2000'06b8    0x4  Data  Gb  main.o [2]
timeRov                 0x2000'06b0    0x4  Data  Gb  main.o [2]
timeout                 0x2000'0688    0x4  Data  Gb  main.o [2]
tolower                  0x800'75f3   0x14  Code  Gb  tolower.o [5]
uwTick                  0x2000'06dc    0x4  Data  Gb  stm32h7xx_hal.o [4]
uwTickFreq              0x2000'0098    0x1  Data  Gb  stm32h7xx_hal.o [4]
uwTickPrio              0x2000'000c    0x4  Data  Gb  stm32h7xx_hal.o [4]


[1] = C:\Users\lorrn\Desktop\Tirocinio\STM32H743\RXModeLed\EWARM\LED_V1\Obj\Application\EWARM
[2] = C:\Users\lorrn\Desktop\Tirocinio\STM32H743\RXModeLed\EWARM\LED_V1\Obj\Application\User\Core
[3] = C:\Users\lorrn\Desktop\Tirocinio\STM32H743\RXModeLed\EWARM\LED_V1\Obj\Drivers\CMSIS
[4] = C:\Users\lorrn\Desktop\Tirocinio\STM32H743\RXModeLed\EWARM\LED_V1\Obj\Drivers\STM32H7xx_HAL_Driver
[5] = dl7M_tlf.a
[6] = m7M_tlv.a
[7] = rt7M_tl.a
[8] = shb_l.a

  32'461 bytes of readonly  code memory
     249 bytes of readonly  data memory
   2'786 bytes of readwrite data memory

Errors: none
Warnings: none
